../Core/Src/driver_mpu9250_interface.c:22:9:mpu9250_interface_spi_init	8	static
../Core/Src/driver_mpu9250_interface.c:43:9:mpu9250_interface_spi_deinit	8	static
../Core/Src/driver_mpu9250_interface.c:61:9:mpu9250_interface_spi_read	24	static
../Core/Src/driver_mpu9250_interface.c:92:9:mpu9250_interface_spi_write	24	static
../Core/Src/driver_mpu9250_interface.c:118:6:mpu9250_interface_delay_ms	16	static
../Core/Src/driver_mpu9250_interface.c:127:6:mpu9250_interface_debug_print	272	static
../Core/Src/driver_mpu9250_interface.c:140:9:mpu9250_interface_iic_init	4	static
../Core/Src/driver_mpu9250_interface.c:141:9:mpu9250_interface_iic_deinit	4	static
../Core/Src/driver_mpu9250_interface.c:142:9:mpu9250_interface_iic_read	16	static
../Core/Src/driver_mpu9250_interface.c:146:9:mpu9250_interface_iic_write	16	static
../Core/Src/driver_mpu9250_interface.c:152:6:mpu9250_interface_receive_callback	16	static
../Core/Src/driver_mpu9250_interface.c:153:6:mpu9250_interface_dmp_tap_callback	16	static
../Core/Src/driver_mpu9250_interface.c:155:6:mpu9250_interface_dmp_orient_callback	16	static
