Archive member included to satisfy reference by file (symbol)

C:/ST/STM32CubeIDE_1.18.0/STM32CubeIDE/plugins/com.st.stm32cube.ide.mcu.externaltools.gnu-tools-for-stm32.13.3.rel1.win32_1.0.0.202411081344/tools/bin/../lib/gcc/arm-none-eabi/13.3.1/../../../../arm-none-eabi/lib/thumb/v7e-m+fp/hard\libc_nano.a(libc_a-exit.o)
                              C:/ST/STM32CubeIDE_1.18.0/STM32CubeIDE/plugins/com.st.stm32cube.ide.mcu.externaltools.gnu-tools-for-stm32.13.3.rel1.win32_1.0.0.202411081344/tools/bin/../lib/gcc/arm-none-eabi/13.3.1/../../../../arm-none-eabi/lib/thumb/v7e-m+fp/hard/crt0.o (exit)
C:/ST/STM32CubeIDE_1.18.0/STM32CubeIDE/plugins/com.st.stm32cube.ide.mcu.externaltools.gnu-tools-for-stm32.13.3.rel1.win32_1.0.0.202411081344/tools/bin/../lib/gcc/arm-none-eabi/13.3.1/../../../../arm-none-eabi/lib/thumb/v7e-m+fp/hard\libc_nano.a(libc_a-findfp.o)
                              C:/ST/STM32CubeIDE_1.18.0/STM32CubeIDE/plugins/com.st.stm32cube.ide.mcu.externaltools.gnu-tools-for-stm32.13.3.rel1.win32_1.0.0.202411081344/tools/bin/../lib/gcc/arm-none-eabi/13.3.1/../../../../arm-none-eabi/lib/thumb/v7e-m+fp/hard\libc_nano.a(libc_a-exit.o) (__stdio_exit_handler)
C:/ST/STM32CubeIDE_1.18.0/STM32CubeIDE/plugins/com.st.stm32cube.ide.mcu.externaltools.gnu-tools-for-stm32.13.3.rel1.win32_1.0.0.202411081344/tools/bin/../lib/gcc/arm-none-eabi/13.3.1/../../../../arm-none-eabi/lib/thumb/v7e-m+fp/hard\libc_nano.a(libc_a-fwalk.o)
                              C:/ST/STM32CubeIDE_1.18.0/STM32CubeIDE/plugins/com.st.stm32cube.ide.mcu.externaltools.gnu-tools-for-stm32.13.3.rel1.win32_1.0.0.202411081344/tools/bin/../lib/gcc/arm-none-eabi/13.3.1/../../../../arm-none-eabi/lib/thumb/v7e-m+fp/hard\libc_nano.a(libc_a-findfp.o) (_fwalk_sglue)
C:/ST/STM32CubeIDE_1.18.0/STM32CubeIDE/plugins/com.st.stm32cube.ide.mcu.externaltools.gnu-tools-for-stm32.13.3.rel1.win32_1.0.0.202411081344/tools/bin/../lib/gcc/arm-none-eabi/13.3.1/../../../../arm-none-eabi/lib/thumb/v7e-m+fp/hard\libc_nano.a(libc_a-snprintf.o)
                              ./Core/Src/main.o (snprintf)
C:/ST/STM32CubeIDE_1.18.0/STM32CubeIDE/plugins/com.st.stm32cube.ide.mcu.externaltools.gnu-tools-for-stm32.13.3.rel1.win32_1.0.0.202411081344/tools/bin/../lib/gcc/arm-none-eabi/13.3.1/../../../../arm-none-eabi/lib/thumb/v7e-m+fp/hard\libc_nano.a(libc_a-stdio.o)
                              C:/ST/STM32CubeIDE_1.18.0/STM32CubeIDE/plugins/com.st.stm32cube.ide.mcu.externaltools.gnu-tools-for-stm32.13.3.rel1.win32_1.0.0.202411081344/tools/bin/../lib/gcc/arm-none-eabi/13.3.1/../../../../arm-none-eabi/lib/thumb/v7e-m+fp/hard\libc_nano.a(libc_a-findfp.o) (__sread)
C:/ST/STM32CubeIDE_1.18.0/STM32CubeIDE/plugins/com.st.stm32cube.ide.mcu.externaltools.gnu-tools-for-stm32.13.3.rel1.win32_1.0.0.202411081344/tools/bin/../lib/gcc/arm-none-eabi/13.3.1/../../../../arm-none-eabi/lib/thumb/v7e-m+fp/hard\libc_nano.a(libc_a-vsnprintf.o)
                              ./Core/Src/driver_mpu6500_interface.o (vsnprintf)
C:/ST/STM32CubeIDE_1.18.0/STM32CubeIDE/plugins/com.st.stm32cube.ide.mcu.externaltools.gnu-tools-for-stm32.13.3.rel1.win32_1.0.0.202411081344/tools/bin/../lib/gcc/arm-none-eabi/13.3.1/../../../../arm-none-eabi/lib/thumb/v7e-m+fp/hard\libc_nano.a(libc_a-memcmp.o)
                              ./Core/Src/driver_mpu6500.o (memcmp)
C:/ST/STM32CubeIDE_1.18.0/STM32CubeIDE/plugins/com.st.stm32cube.ide.mcu.externaltools.gnu-tools-for-stm32.13.3.rel1.win32_1.0.0.202411081344/tools/bin/../lib/gcc/arm-none-eabi/13.3.1/../../../../arm-none-eabi/lib/thumb/v7e-m+fp/hard\libc_nano.a(libc_a-memset.o)
                              C:/ST/STM32CubeIDE_1.18.0/STM32CubeIDE/plugins/com.st.stm32cube.ide.mcu.externaltools.gnu-tools-for-stm32.13.3.rel1.win32_1.0.0.202411081344/tools/bin/../lib/gcc/arm-none-eabi/13.3.1/../../../../arm-none-eabi/lib/thumb/v7e-m+fp/hard/crt0.o (memset)
C:/ST/STM32CubeIDE_1.18.0/STM32CubeIDE/plugins/com.st.stm32cube.ide.mcu.externaltools.gnu-tools-for-stm32.13.3.rel1.win32_1.0.0.202411081344/tools/bin/../lib/gcc/arm-none-eabi/13.3.1/../../../../arm-none-eabi/lib/thumb/v7e-m+fp/hard\libc_nano.a(libc_a-strncpy.o)
                              ./Core/Src/driver_mpu6500.o (strncpy)
C:/ST/STM32CubeIDE_1.18.0/STM32CubeIDE/plugins/com.st.stm32cube.ide.mcu.externaltools.gnu-tools-for-stm32.13.3.rel1.win32_1.0.0.202411081344/tools/bin/../lib/gcc/arm-none-eabi/13.3.1/../../../../arm-none-eabi/lib/thumb/v7e-m+fp/hard\libc_nano.a(libc_a-closer.o)
                              C:/ST/STM32CubeIDE_1.18.0/STM32CubeIDE/plugins/com.st.stm32cube.ide.mcu.externaltools.gnu-tools-for-stm32.13.3.rel1.win32_1.0.0.202411081344/tools/bin/../lib/gcc/arm-none-eabi/13.3.1/../../../../arm-none-eabi/lib/thumb/v7e-m+fp/hard\libc_nano.a(libc_a-stdio.o) (_close_r)
C:/ST/STM32CubeIDE_1.18.0/STM32CubeIDE/plugins/com.st.stm32cube.ide.mcu.externaltools.gnu-tools-for-stm32.13.3.rel1.win32_1.0.0.202411081344/tools/bin/../lib/gcc/arm-none-eabi/13.3.1/../../../../arm-none-eabi/lib/thumb/v7e-m+fp/hard\libc_nano.a(libc_a-reent.o)
[...]
Memory Configuration

Name             Origin             Length             Attributes
RAM              0x20000000         0x00010000         xrw
FLASH            0x08000000         0x00040000         xr
*default*        0x00000000         0xffffffff

Linker script and memory map

LOAD C:/ST/STM32CubeIDE_1.18.0/STM32CubeIDE/plugins/com.st.stm32cube.ide.mcu.externaltools.gnu-tools-for-stm32.13.3.rel1.win32_1.0.0.202411081344/tools/bin/../lib/gcc/arm-none-eabi/13.3.1/thumb/v7e-m+fp/hard/crti.o
LOAD C:/ST/STM32CubeIDE_1.18.0/STM32CubeIDE/plugins/com.st.stm32cube.ide.mcu.externaltools.gnu-tools-for-stm32.13.3.rel1.win32_1.0.0.202411081344/tools/bin/../lib/gcc/arm-none-eabi/13.3.1/thumb/v7e-m+fp/hard/crtbegin.o
LOAD C:/ST/STM32CubeIDE_1.18.0/STM32CubeIDE/plugins/com.st.stm32cube.ide.mcu.externaltools.gnu-tools-for-stm32.13.3.rel1.win32_1.0.0.202411081344/tools/bin/../lib/gcc/arm-none-eabi/13.3.1/../../../../arm-none-eabi/lib/thumb/v7e-m+fp/hard/crt0.o
LOAD ./Core/Src/driver_mpu6500.o
LOAD ./Core/Src/driver_mpu6500_dmp.o
LOAD ./Core/Src/driver_mpu6500_interface.o
LOAD ./Core/Src/main.o
LOAD ./Core/Src/stm32f4xx_hal_msp.o
LOAD ./Core/Src/stm32f4xx_it.o
LOAD ./Core/Src/syscalls.o
LOAD ./Core/Src/sysmem.o
LOAD ./Core/Src/system_stm32f4xx.o
LOAD ./Core/Startup/startup_stm32f401ccux.o
LOAD ./Drivers/STM32F4xx_HAL_Driver/Src/stm32f4xx_hal.o
LOAD ./Drivers/STM32F4xx_HAL_Driver/Src/stm32f4xx_hal_cortex.o
LOAD ./Drivers/STM32F4xx_HAL_Driver/Src/stm32f4xx_hal_dma.o
LOAD ./Drivers/STM32F4xx_HAL_Driver/Src/stm32f4xx_hal_dma_ex.o
LOAD ./Drivers/STM32F4xx_HAL_Driver/Src/stm32f4xx_hal_exti.o
LOAD ./Drivers/STM32F4xx_HAL_Driver/Src/stm32f4xx_hal_flash.o
LOAD ./Drivers/STM32F4xx_HAL_Driver/Src/stm32f4xx_hal_flash_ex.o
LOAD ./Drivers/STM32F4xx_HAL_Driver/Src/stm32f4xx_hal_flash_ramfunc.o
LOAD ./Drivers/STM32F4xx_HAL_Driver/Src/stm32f4xx_hal_gpio.o
LOAD ./Drivers/STM32F4xx_HAL_Driver/Src/stm32f4xx_hal_pwr.o
LOAD ./Drivers/STM32F4xx_HAL_Driver/Src/stm32f4xx_hal_pwr_ex.o
LOAD ./Drivers/STM32F4xx_HAL_Driver/Src/stm32f4xx_hal_rcc.o
LOAD ./Drivers/STM32F4xx_HAL_Driver/Src/stm32f4xx_hal_rcc_ex.o
LOAD ./Drivers/STM32F4xx_HAL_Driver/Src/stm32f4xx_hal_spi.o
LOAD ./Drivers/STM32F4xx_HAL_Driver/Src/stm32f4xx_hal_uart.o
START GROUP
LOAD C:/ST/STM32CubeIDE_1.18.0/STM32CubeIDE/plugins/com.st.stm32cube.ide.mcu.externaltools.gnu-tools-for-stm32.13.3.rel1.win32_1.0.0.202411081344/tools/bin/../lib/gcc/arm-none-eabi/13.3.1/../../../../arm-none-eabi/lib/thumb/v7e-m+fp/hard\libc_nano.a
LOAD C:/ST/STM32CubeIDE_1.18.0/STM32CubeIDE/plugins/com.st.stm32cube.ide.mcu.externaltools.gnu-tools-for-stm32.13.3.rel1.win32_1.0.0.202411081344/tools/bin/../lib/gcc/arm-none-eabi/13.3.1/../../../../arm-none-eabi/lib/thumb/v7e-m+fp/hard\libm.a
END GROUP
START GROUP
LOAD C:/ST/STM32CubeIDE_1.18.0/STM32CubeIDE/plugins/com.st.stm32cube.ide.mcu.externaltools.gnu-tools-for-stm32.13.3.rel1.win32_1.0.0.202411081344/tools/bin/../lib/gcc/arm-none-eabi/13.3.1/thumb/v7e-m+fp/hard\libgcc.a
LOAD C:/ST/STM32CubeIDE_1.18.0/STM32CubeIDE/plugins/com.st.stm32cube.ide.mcu.externaltools.gnu-tools-for-stm32.13.3.rel1.win32_1.0.0.202411081344/tools/bin/../lib/gcc/arm-none-eabi/13.3.1/../../../../arm-none-eabi/lib/thumb/v7e-m+fp/hard\libc_nano.a
END GROUP
START GROUP
LOAD C:/ST/STM32CubeIDE_1.18.0/STM32CubeIDE/plugins/com.st.stm32cube.ide.mcu.externaltools.gnu-tools-for-stm32.13.3.rel1.win32_1.0.0.202411081344/tools/bin/../lib/gcc/arm-none-eabi/13.3.1/thumb/v7e-m+fp/hard\libgcc.a
LOAD C:/ST/STM32CubeIDE_1.18.0/STM32CubeIDE/plugins/com.st.stm32cube.ide.mcu.externaltools.gnu-tools-for-stm32.13.3.rel1.win32_1.0.0.202411081344/tools/bin/../lib/gcc/arm-none-eabi/13.3.1/../../../../arm-none-eabi/lib/thumb/v7e-m+fp/hard\libc_nano.a
LOAD C:/ST/STM32CubeIDE_1.18.0/STM32CubeIDE/plugins/com.st.stm32cube.ide.mcu.externaltools.gnu-tools-for-stm32.13.3.rel1.win32_1.0.0.202411081344/tools/bin/../lib/gcc/arm-none-eabi/13.3.1/../../../../arm-none-eabi/lib/thumb/v7e-m+fp/hard\libnosys.a
END GROUP
START GROUP
LOAD C:/ST/STM32CubeIDE_1.18.0/STM32CubeIDE/plugins/com.st.stm32cube.ide.mcu.externaltools.gnu-tools-for-stm32.13.3.rel1.win32_1.0.0.202411081344/tools/bin/../lib/gcc/arm-none-eabi/13.3.1/thumb/v7e-m+fp/hard\libgcc.a
LOAD C:/ST/STM32CubeIDE_1.18.0/STM32CubeIDE/plugins/com.st.stm32cube.ide.mcu.externaltools.gnu-tools-for-stm32.13.3.rel1.win32_1.0.0.202411081344/tools/bin/../lib/gcc/arm-none-eabi/13.3.1/../../../../arm-none-eabi/lib/thumb/v7e-m+fp/hard\libc_nano.a
LOAD C:/ST/STM32CubeIDE_1.18.0/STM32CubeIDE/plugins/com.st.stm32cube.ide.mcu.externaltools.gnu-tools-for-stm32.13.3.rel1.win32_1.0.0.202411081344/tools/bin/../lib/gcc/arm-none-eabi/13.3.1/../../../../arm-none-eabi/lib/thumb/v7e-m+fp/hard\libnosys.a
END GROUP
LOAD C:/ST/STM32CubeIDE_1.18.0/STM32CubeIDE/plugins/com.st.stm32cube.ide.mcu.externaltools.gnu-tools-for-stm32.13.3.rel1.win32_1.0.0.202411081344/tools/bin/../lib/gcc/arm-none-eabi/13.3.1/thumb/v7e-m+fp/hard/crtend.o
LOAD C:/ST/STM32CubeIDE_1.18.0/STM32CubeIDE/plugins/com.st.stm32cube.ide.mcu.externaltools.gnu-tools-for-stm32.13.3.rel1.win32_1.0.0.202411081344/tools/bin/../lib/gcc/arm-none-eabi/13.3.1/thumb/v7e-m+fp/hard/crtn.o
                0x20010000                        _estack = (ORIGIN (RAM) + LENGTH (RAM))
                0x00000200                        _Min_Heap_Size = 0x200
                0x00000400                        _Min_Stack_Size = 0x400

.isr_vector     0x08000000      0x194
                0x08000000                        . = ALIGN (0x4)
 *(.isr_vector)
 .isr_vector    0x08000000      0x194 ./Core/Startup/startup_stm32f401ccux.o
                0x08000000                g_pfnVectors
                0x08000194                        . = ALIGN (0x4)

.text           0x080001a0     0xcd5c
                0x080001a0                        . = ALIGN (0x4)
 *(.text)
 .text          0x080001a0       0x40 C:/ST/STM32CubeIDE_1.18.0/STM32CubeIDE/plugins/com.st.stm32cube.ide.mcu.externaltools.gnu-tools-for-stm32.13.3.rel1.win32_1.0.0.202411081344/tools/bin/../lib/gcc/arm-none-eabi/13.3.1/thumb/v7e-m+fp/hard/crtbegin.o
 .text          0x080001e0       0x10 C:/ST/STM32CubeIDE_1.18.0/STM32CubeIDE/plugins/com.st.stm32cube.ide.mcu.externaltools.gnu-tools-for-stm32.13.3.rel1.win32_1.0.0.202411081344/tools/bin/../lib/gcc/arm-none-eabi/13.3.1/../../../../arm-none-eabi/lib/thumb/v7e-m+fp/hard\libc_nano.a(libc_a-strlen.o)
                0x080001e0                strlen
 .text          0x080001f0       0xa0 C:/ST/STM32CubeIDE_1.18.0/STM32CubeIDE/plugins/com.st.stm32cube.ide.mcu.externaltools.gnu-tools-for-stm32.13.3.rel1.win32_1.0.0.202411081344/tools/bin/../lib/gcc/arm-none-eabi/13.3.1/../../../../arm-none-eabi/lib/thumb/v7e-m+fp/hard\libc_nano.a(libc_a-memchr.o)
                0x080001f0                memchr
 .text          0x08000290      0x378 C:/ST/STM32CubeIDE_1.18.0/STM32CubeIDE/plugins/com.st.stm32cube.ide.mcu.externaltools.gnu-tools-for-stm32.13.3.rel1.win32_1.0.0.202411081344/tools/bin/../lib/gcc/arm-none-eabi/13.3.1/thumb/v7e-m+fp/hard\libgcc.a(_arm_addsubdf3.o)
                0x08000290                __aeabi_drsub
                0x08000298                __aeabi_dsub
                0x08000298                __subdf3
                0x0800029c                __aeabi_dadd
                0x0800029c                __adddf3
                0x08000514                __floatunsidf
                0x08000514                __aeabi_ui2d
                0x08000534                __floatsidf
                0x08000534                __aeabi_i2d
                0x08000558                __aeabi_f2d
                0x08000558                __extendsfdf2
                0x0800059c                __floatundidf
                0x0800059c                __aeabi_ul2d
                0x080005ac                __floatdidf
                0x080005ac                __aeabi_l2d
 .text          0x08000608       0xa0 C:/ST/STM32CubeIDE_1.18.0/STM32CubeIDE/plugins/com.st.stm32cube.ide.mcu.externaltools.gnu-tools-for-stm32.13.3.rel1.win32_1.0.0.202411081344/tools/bin/../lib/gcc/arm-none-eabi/13.3.1/thumb/v7e-m+fp/hard\libgcc.a(_aeabi_ldivmod.o)
                0x08000608                __aeabi_ldivmod
 .text          0x080006a8       0x30 C:/ST/STM32CubeIDE_1.18.0/STM32CubeIDE/plugins/com.st.stm32cube.ide.mcu.externaltools.gnu-tools-for-stm32.13.3.rel1.win32_1.0.0.202411081344/tools/bin/../lib/gcc/arm-none-eabi/13.3.1/thumb/v7e-m+fp/hard\libgcc.a(_aeabi_uldivmod.o)
                0x080006a8                __aeabi_uldivmod
 .text          0x080006d8      0x2f8 C:/ST/STM32CubeIDE_1.18.0/STM32CubeIDE/plugins/com.st.stm32cube.ide.mcu.externaltools.gnu-tools-for-stm32.13.3.rel1.win32_1.0.0.202411081344/tools/bin/../lib/gcc/arm-none-eabi/13.3.1/thumb/v7e-m+fp/hard\libgcc.a(_udivmoddi4.o)
                0x080006d8                __udivmoddi4
 .text          0x080009d0        0x4 C:/ST/STM32CubeIDE_1.18.0/STM32CubeIDE/plugins/com.st.stm32cube.ide.mcu.externaltools.gnu-tools-for-stm32.13.3.rel1.win32_1.0.0.202411081344/tools/bin/../lib/gcc/arm-none-eabi/13.3.1/thumb/v7e-m+fp/hard\libgcc.a(_dvmd_tls.o)
                0x080009d0                __aeabi_idiv0
                0x080009d0                __aeabi_ldiv0
 *(.text*)
 .text.a_mpu6500_read
                0x080009d4       0x62 ./Core/Src/driver_mpu6500.o
 .text.a_mpu6500_write
                0x08000a36       0x62 ./Core/Src/driver_mpu6500.o
 .text.a_mpu6500_write_mem
                0x08000a98       0xae ./Core/Src/driver_mpu6500.o
 .text.a_mpu6500_read_mem
                0x08000b46       0xae ./Core/Src/driver_mpu6500.o
 .text.a_mpu6500_reset_fifo
                0x08000bf4      0x1d4 ./Core/Src/driver_mpu6500.o
 .text.a_mpu6500_inv_row_2_scale
                0x08000dc8       0x82 ./Core/Src/driver_mpu6500.o
 .text.a_mpu6500_inv_orientation_matrix_to_scalar
                0x08000e4a       0x50 ./Core/Src/driver_mpu6500.o
 .text.a_mpu6500_dmp_decode_gesture
                0x08000e9a       0x82 ./Core/Src/driver_mpu6500.o
 .text.a_mpu6500_accel_self_test
                0x08000f1c      0x2a8 ./Core/Src/driver_mpu6500.o
 .text.a_mpu6500_gyro_self_test
                0x080011c4      0x27c ./Core/Src/driver_mpu6500.o
 .text.a_mpu6500_get_st_biases
                0x08001440      0x6ec ./Core/Src/driver_mpu6500.o
 .text.a_mpu6500_deinit
                0x08001b2c       0x40 ./Core/Src/driver_mpu6500.o
 .text.mpu6500_dmp_load_firmware
                0x08001b6c      0x12c ./Core/Src/driver_mpu6500.o
                0x08001b6c                mpu6500_dmp_load_firmware
 .text.mpu6500_dmp_set_pedometer_walk_time
                0x08001c98       0xa0 ./Core/Src/driver_mpu6500.o
                0x08001c98                mpu6500_dmp_set_pedometer_walk_time
 .text.mpu6500_dmp_set_pedometer_step_count
                0x08001d38       0x90 ./Core/Src/driver_mpu6500.o
                0x08001d38                mpu6500_dmp_set_pedometer_step_count
 .text.mpu6500_dmp_get_pedometer_step_count
                0x08001dc8       0x88 ./Core/Src/driver_mpu6500.o
                0x08001dc8                mpu6500_dmp_get_pedometer_step_count
 .text.mpu6500_dmp_set_shake_reject_timeout
                0x08001e50       0x94 ./Core/Src/driver_mpu6500.o
                0x08001e50                mpu6500_dmp_set_shake_reject_timeout
 .text.mpu6500_dmp_set_shake_reject_time
                0x08001ee4       0x94 ./Core/Src/driver_mpu6500.o
                0x08001ee4                mpu6500_dmp_set_shake_reject_time
 .text.mpu6500_dmp_set_shake_reject_thresh
                0x08001f78       0x9c ./Core/Src/driver_mpu6500.o
                0x08001f78                mpu6500_dmp_set_shake_reject_thresh
 .text.mpu6500_dmp_set_tap_time_multi
                0x08002014       0x94 ./Core/Src/driver_mpu6500.o
                0x08002014                mpu6500_dmp_set_tap_time_multi
 .text.mpu6500_dmp_set_tap_time
                0x080020a8       0x94 ./Core/Src/driver_mpu6500.o
                0x080020a8                mpu6500_dmp_set_tap_time
 .text.mpu6500_dmp_set_min_tap_count
                0x0800213c       0x98 ./Core/Src/driver_mpu6500.o
                0x0800213c                mpu6500_dmp_set_min_tap_count
 .text.mpu6500_dmp_set_interrupt_mode
                0x080021d4       0xd0 ./Core/Src/driver_mpu6500.o
                0x080021d4                mpu6500_dmp_set_interrupt_mode
 .text.mpu6500_dmp_set_gyro_bias
                0x080022a4      0x27c ./Core/Src/driver_mpu6500.o
                0x080022a4                mpu6500_dmp_set_gyro_bias
 .text.mpu6500_dmp_set_accel_bias
                0x08002520      0x2b0 ./Core/Src/driver_mpu6500.o
                0x08002520                mpu6500_dmp_set_accel_bias
 .text.mpu6500_dmp_set_orientation
                0x080027d0      0x214 ./Core/Src/driver_mpu6500.o
                0x080027d0                mpu6500_dmp_set_orientation
 .text.mpu6500_dmp_set_feature
                0x080029e4      0x92c ./Core/Src/driver_mpu6500.o
                0x080029e4                mpu6500_dmp_set_feature
 .text.mpu6500_dmp_set_fifo_rate
                0x08003310       0xdc ./Core/Src/driver_mpu6500.o
                0x08003310                mpu6500_dmp_set_fifo_rate
 .text.mpu6500_dmp_set_tap_axes
                0x080033ec       0xe4 ./Core/Src/driver_mpu6500.o
                0x080033ec                mpu6500_dmp_set_tap_axes
 .text.mpu6500_dmp_set_tap_thresh
                0x080034d0      0x2d4 ./Core/Src/driver_mpu6500.o
                0x080034d0                mpu6500_dmp_set_tap_thresh
 .text.mpu6500_dmp_read
                0x080037a4     0x10e0 ./Core/Src/driver_mpu6500.o
                0x080037a4                mpu6500_dmp_read
 .text.mpu6500_dmp_set_tap_callback
                0x08004884       0x4c ./Core/Src/driver_mpu6500.o
                0x08004884                mpu6500_dmp_set_tap_callback
 .text.mpu6500_dmp_set_orient_callback
                0x080048d0       0x4c ./Core/Src/driver_mpu6500.o
                0x080048d0                mpu6500_dmp_set_orient_callback
 .text.mpu6500_dmp_set_enable
                0x0800491c       0xb8 ./Core/Src/driver_mpu6500.o
                0x0800491c                mpu6500_dmp_set_enable
 .text.mpu6500_dmp_gyro_accel_raw_offset_convert
                0x080049d4      0x448 ./Core/Src/driver_mpu6500.o
                0x080049d4                mpu6500_dmp_gyro_accel_raw_offset_convert
 .text.mpu6500_set_interface
                0x08004e1c       0x2c ./Core/Src/driver_mpu6500.o
                0x08004e1c                mpu6500_set_interface
 .text.mpu6500_set_addr_pin
                0x08004e48       0x2a ./Core/Src/driver_mpu6500.o
                0x08004e48                mpu6500_set_addr_pin
 *fill*         0x08004e72        0x2 
 .text.mpu6500_init
                0x08004e74      0x258 ./Core/Src/driver_mpu6500.o
                0x08004e74                mpu6500_init
 .text.mpu6500_deinit
                0x080050cc       0x88 ./Core/Src/driver_mpu6500.o
                0x080050cc                mpu6500_deinit
 .text.mpu6500_set_fifo
                0x08005154       0x9c ./Core/Src/driver_mpu6500.o
                0x08005154                mpu6500_set_fifo
 .text.mpu6500_force_fifo_reset
                0x080051f0       0x4c ./Core/Src/driver_mpu6500.o
                0x080051f0                mpu6500_force_fifo_reset
 .text.mpu6500_set_iic_master
                0x0800523c       0x9c ./Core/Src/driver_mpu6500.o
                0x0800523c                mpu6500_set_iic_master
 .text.mpu6500_set_disable_iic_slave
                0x080052d8       0x9c ./Core/Src/driver_mpu6500.o
                0x080052d8                mpu6500_set_disable_iic_slave
 .text.mpu6500_set_clock_source
                0x08005374       0x94 ./Core/Src/driver_mpu6500.o
                0x08005374                mpu6500_set_clock_source
 .text.mpu6500_set_ptat
                0x08005408       0xa0 ./Core/Src/driver_mpu6500.o
                0x08005408                mpu6500_set_ptat
 .text.mpu6500_set_cycle_wake_up
                0x080054a8       0x9c ./Core/Src/driver_mpu6500.o
                0x080054a8                mpu6500_set_cycle_wake_up
 .text.mpu6500_set_sleep
                0x08005544       0x9c ./Core/Src/driver_mpu6500.o
                0x08005544                mpu6500_set_sleep
 .text.mpu6500_set_gyro_standby
                0x080055e0       0x9c ./Core/Src/driver_mpu6500.o
                0x080055e0                mpu6500_set_gyro_standby
 .text.mpu6500_set_standby_mode
                0x0800567c       0xb4 ./Core/Src/driver_mpu6500.o
                0x0800567c                mpu6500_set_standby_mode
 .text.mpu6500_set_sample_rate_divider
                0x08005730       0x54 ./Core/Src/driver_mpu6500.o
                0x08005730                mpu6500_set_sample_rate_divider
 .text.mpu6500_set_extern_sync
                0x08005784       0x9c ./Core/Src/driver_mpu6500.o
                0x08005784                mpu6500_set_extern_sync
 .text.mpu6500_set_low_pass_filter
                0x08005820       0x94 ./Core/Src/driver_mpu6500.o
                0x08005820                mpu6500_set_low_pass_filter
 .text.mpu6500_set_fifo_mode
                0x080058b4       0x9c ./Core/Src/driver_mpu6500.o
                0x080058b4                mpu6500_set_fifo_mode
 .text.mpu6500_set_gyroscope_test
                0x08005950       0xb4 ./Core/Src/driver_mpu6500.o
                0x08005950                mpu6500_set_gyroscope_test
 .text.mpu6500_set_gyroscope_range
                0x08005a04       0x9c ./Core/Src/driver_mpu6500.o
                0x08005a04                mpu6500_set_gyroscope_range
 .text.mpu6500_set_gyroscope_choice
                0x08005aa0       0xa8 ./Core/Src/driver_mpu6500.o
                0x08005aa0                mpu6500_set_gyroscope_choice
 .text.mpu6500_set_accelerometer_test
                0x08005b48       0xb4 ./Core/Src/driver_mpu6500.o
                0x08005b48                mpu6500_set_accelerometer_test
 .text.mpu6500_set_accelerometer_range
                0x08005bfc       0x9c ./Core/Src/driver_mpu6500.o
                0x08005bfc                mpu6500_set_accelerometer_range
 .text.mpu6500_set_fifo_1024kb
                0x08005c98       0x90 ./Core/Src/driver_mpu6500.o
                0x08005c98                mpu6500_set_fifo_1024kb
 .text.mpu6500_set_accelerometer_choice
                0x08005d28       0xb4 ./Core/Src/driver_mpu6500.o
                0x08005d28                mpu6500_set_accelerometer_choice
 .text.mpu6500_set_accelerometer_low_pass_filter
                0x08005ddc       0x94 ./Core/Src/driver_mpu6500.o
                0x08005ddc                mpu6500_set_accelerometer_low_pass_filter
 .text.mpu6500_set_low_power_accel_output_rate
                0x08005e70       0x94 ./Core/Src/driver_mpu6500.o
                0x08005e70                mpu6500_set_low_power_accel_output_rate
 .text.mpu6500_set_wake_on_motion
                0x08005f04       0x9c ./Core/Src/driver_mpu6500.o
                0x08005f04                mpu6500_set_wake_on_motion
 .text.mpu6500_set_accel_compare_with_previous_sample
                0x08005fa0       0x9c ./Core/Src/driver_mpu6500.o
                0x08005fa0                mpu6500_set_accel_compare_with_previous_sample
 .text.mpu6500_set_fifo_enable
                0x0800603c       0xb4 ./Core/Src/driver_mpu6500.o
                0x0800603c                mpu6500_set_fifo_enable
 .text.mpu6500_set_interrupt_level
                0x080060f0       0x9c ./Core/Src/driver_mpu6500.o
                0x080060f0                mpu6500_set_interrupt_level
 .text.mpu6500_set_interrupt_pin_type
                0x0800618c       0x9c ./Core/Src/driver_mpu6500.o
                0x0800618c                mpu6500_set_interrupt_pin_type
 .text.mpu6500_set_interrupt_latch
                0x08006228       0xa0 ./Core/Src/driver_mpu6500.o
                0x08006228                mpu6500_set_interrupt_latch
 .text.mpu6500_set_interrupt_read_clear
                0x080062c8       0x9c ./Core/Src/driver_mpu6500.o
                0x080062c8                mpu6500_set_interrupt_read_clear
 .text.mpu6500_set_fsync_interrupt_level
                0x08006364       0x9c ./Core/Src/driver_mpu6500.o
                0x08006364                mpu6500_set_fsync_interrupt_level
 .text.mpu6500_set_fsync_interrupt
                0x08006400       0x9c ./Core/Src/driver_mpu6500.o
                0x08006400                mpu6500_set_fsync_interrupt
 .text.mpu6500_set_iic_bypass
                0x0800649c       0x9c ./Core/Src/driver_mpu6500.o
                0x0800649c                mpu6500_set_iic_bypass
 .text.mpu6500_set_interrupt
                0x08006538       0xb4 ./Core/Src/driver_mpu6500.o
                0x08006538                mpu6500_set_interrupt
 .text.mpu6500_set_motion_threshold
                0x080065ec       0x54 ./Core/Src/driver_mpu6500.o
                0x080065ec                mpu6500_set_motion_threshold
 .text.mpu6500_motion_threshold_convert_to_register
                0x08006640       0x50 ./Core/Src/driver_mpu6500.o
                0x08006640                mpu6500_motion_threshold_convert_to_register
 .text.mpu6500_self_test
                0x08006690      0x17c ./Core/Src/driver_mpu6500.o
                0x08006690                mpu6500_self_test
 .text.mpu6500_dmp_init
                0x0800680c     0x10d4 ./Core/Src/driver_mpu6500_dmp.o
                0x0800680c                mpu6500_dmp_init
 .text.mpu6500_dmp_get_pedometer_counter
                0x080078e0       0x34 ./Core/Src/driver_mpu6500_dmp.o
                0x080078e0                mpu6500_dmp_get_pedometer_counter
 .text.mpu6500_dmp_read_all
                0x08007914       0x54 ./Core/Src/driver_mpu6500_dmp.o
                0x08007914                mpu6500_dmp_read_all
 .text.mpu6500_interface_spi_init
                0x08007968       0x80 ./Core/Src/driver_mpu6500_interface.o
                0x08007968                mpu6500_interface_spi_init
 .text.mpu6500_interface_spi_deinit
                0x080079e8       0x10 ./Core/Src/driver_mpu6500_interface.o
                0x080079e8                mpu6500_interface_spi_deinit
 .text.mpu6500_interface_spi_write
                0x080079f8       0xac ./Core/Src/driver_mpu6500_interface.o
                0x080079f8                mpu6500_interface_spi_write
 .text.mpu6500_interface_spi_read
                0x08007aa4       0xac ./Core/Src/driver_mpu6500_interface.o
                0x08007aa4                mpu6500_interface_spi_read
 .text.mpu6500_interface_iic_init
                0x08007b50       0x10 ./Core/Src/driver_mpu6500_interface.o
                0x08007b50                mpu6500_interface_iic_init
 .text.mpu6500_interface_iic_deinit
                0x08007b60       0x10 ./Core/Src/driver_mpu6500_interface.o
                0x08007b60                mpu6500_interface_iic_deinit
 .text.mpu6500_interface_iic_write
                0x08007b70       0x24 ./Core/Src/driver_mpu6500_interface.o
                0x08007b70                mpu6500_interface_iic_write
 .text.mpu6500_interface_iic_read
                0x08007b94       0x24 ./Core/Src/driver_mpu6500_interface.o
                0x08007b94                mpu6500_interface_iic_read
 .text.mpu6500_interface_delay_ms
                0x08007bb8       0x16 ./Core/Src/driver_mpu6500_interface.o
                0x08007bb8                mpu6500_interface_delay_ms
 *fill*         0x08007bce        0x2 
 .text.mpu6500_interface_debug_print
                0x08007bd0       0x60 ./Core/Src/driver_mpu6500_interface.o
                0x08007bd0                mpu6500_interface_debug_print
 .text.debug_log
                0x08007c30       0x60 ./Core/Src/main.o
                0x08007c30                debug_log
 .text.mpu6500_receive_callback
                0x08007c90      0x124 ./Core/Src/main.o
                0x08007c90                mpu6500_receive_callback
 .text.mpu6500_tap_callback
                0x08007db4       0x28 ./Core/Src/main.o
                0x08007db4                mpu6500_tap_callback
 .text.mpu6500_orient_callback
                0x08007ddc       0x20 ./Core/Src/main.o
                0x08007ddc                mpu6500_orient_callback
 .text.update_navigation_estimates
                0x08007dfc      0x16c ./Core/Src/main.o
                0x08007dfc                update_navigation_estimates
 .text.send_data_via_uart
                0x08007f68      0x17c ./Core/Src/main.o
                0x08007f68                send_data_via_uart
 .text.main     0x080080e4       0xe0 ./Core/Src/main.o
                0x080080e4                main
 .text.SystemClock_Config
                0x080081c4       0xd4 ./Core/Src/main.o
                0x080081c4                SystemClock_Config
 .text.MX_SPI1_Init
                0x08008298       0x6c ./Core/Src/main.o
 .text.MX_USART1_UART_Init
                0x08008304       0x54 ./Core/Src/main.o
 .text.MX_GPIO_Init
                0x08008358       0xc0 ./Core/Src/main.o
 .text.Error_Handler
                0x08008418        0xc ./Core/Src/main.o
                0x08008418                Error_Handler
 .text.HAL_MspInit
                0x08008424       0x50 ./Core/Src/stm32f4xx_hal_msp.o
                0x08008424                HAL_MspInit
 .text.HAL_SPI_MspInit
                0x08008474       0xa0 ./Core/Src/stm32f4xx_hal_msp.o
                0x08008474                HAL_SPI_MspInit
 .text.HAL_UART_MspInit
                0x08008514       0xa0 ./Core/Src/stm32f4xx_hal_msp.o
                0x08008514                HAL_UART_MspInit
 .text.NMI_Handler
                0x080085b4        0x8 ./Core/Src/stm32f4xx_it.o
                0x080085b4                NMI_Handler
 .text.HardFault_Handler
                0x080085bc        0x8 ./Core/Src/stm32f4xx_it.o
                0x080085bc                HardFault_Handler
 .text.MemManage_Handler
                0x080085c4        0x8 ./Core/Src/stm32f4xx_it.o
                0x080085c4                MemManage_Handler
 .text.BusFault_Handler
                0x080085cc        0x8 ./Core/Src/stm32f4xx_it.o
                0x080085cc                BusFault_Handler
 .text.UsageFault_Handler
                0x080085d4        0x8 ./Core/Src/stm32f4xx_it.o
                0x080085d4                UsageFault_Handler
 .text.SVC_Handler
                0x080085dc        0xe ./Core/Src/stm32f4xx_it.o
                0x080085dc                SVC_Handler
 .text.DebugMon_Handler
                0x080085ea        0xe ./Core/Src/stm32f4xx_it.o
                0x080085ea                DebugMon_Handler
 .text.PendSV_Handler
                0x080085f8        0xe ./Core/Src/stm32f4xx_it.o
                0x080085f8                PendSV_Handler
 .text.SysTick_Handler
                0x08008606        0xc ./Core/Src/stm32f4xx_it.o
                0x08008606                SysTick_Handler
 *fill*         0x08008612        0x2 
 .text.SPI1_IRQHandler
                0x08008614       0x14 ./Core/Src/stm32f4xx_it.o
                0x08008614                SPI1_IRQHandler
 .text.USART1_IRQHandler
                0x08008628       0x14 ./Core/Src/stm32f4xx_it.o
                0x08008628                USART1_IRQHandler
 .text._sbrk    0x0800863c       0x6c ./Core/Src/sysmem.o
                0x0800863c                _sbrk
 .text.SystemInit
                0x080086a8       0x24 ./Core/Src/system_stm32f4xx.o
                0x080086a8                SystemInit
 .text.Reset_Handler
                0x080086cc       0x50 ./Core/Startup/startup_stm32f401ccux.o
                0x080086cc                Reset_Handler
 .text.Default_Handler
                0x0800871c        0x2 ./Core/Startup/startup_stm32f401ccux.o
                0x0800871c                RTC_Alarm_IRQHandler
                0x0800871c                EXTI2_IRQHandler
                0x0800871c                SPI4_IRQHandler
                0x0800871c                TIM1_CC_IRQHandler
                0x0800871c                DMA2_Stream5_IRQHandler
                0x0800871c                DMA1_Stream5_IRQHandler
                0x0800871c                PVD_IRQHandler
                0x0800871c                SDIO_IRQHandler
                0x0800871c                TAMP_STAMP_IRQHandler
                0x0800871c                EXTI3_IRQHandler
                0x0800871c                TIM1_UP_TIM10_IRQHandler
                0x0800871c                I2C3_ER_IRQHandler
                0x0800871c                EXTI0_IRQHandler
                0x0800871c                I2C2_EV_IRQHandler
                0x0800871c                DMA1_Stream2_IRQHandler
                0x0800871c                FPU_IRQHandler
                0x0800871c                DMA2_Stream2_IRQHandler
                0x0800871c                TIM1_BRK_TIM9_IRQHandler
                0x0800871c                DMA2_Stream3_IRQHandler
                0x0800871c                USART6_IRQHandler
                0x0800871c                DMA2_Stream0_IRQHandler
                0x0800871c                TIM4_IRQHandler
                0x0800871c                I2C1_EV_IRQHandler
                0x0800871c                DMA1_Stream6_IRQHandler
                0x0800871c                DMA1_Stream1_IRQHandler
                0x0800871c                TIM3_IRQHandler
                0x0800871c                RCC_IRQHandler
                0x0800871c                Default_Handler
                0x0800871c                EXTI15_10_IRQHandler
                0x0800871c                ADC_IRQHandler
                0x0800871c                DMA1_Stream7_IRQHandler
                0x0800871c                TIM5_IRQHandler
                0x0800871c                DMA2_Stream7_IRQHandler
                0x0800871c                I2C3_EV_IRQHandler
                0x0800871c                EXTI9_5_IRQHandler
                0x0800871c                RTC_WKUP_IRQHandler
                0x0800871c                SPI2_IRQHandler
                0x0800871c                DMA1_Stream0_IRQHandler
                0x0800871c                EXTI4_IRQHandler
                0x0800871c                WWDG_IRQHandler
                0x0800871c                TIM2_IRQHandler
                0x0800871c                OTG_FS_WKUP_IRQHandler
                0x0800871c                TIM1_TRG_COM_TIM11_IRQHandler
                0x0800871c                EXTI1_IRQHandler
                0x0800871c                USART2_IRQHandler
                0x0800871c                I2C2_ER_IRQHandler
                0x0800871c                DMA2_Stream1_IRQHandler
                0x0800871c                FLASH_IRQHandler
                0x0800871c                DMA2_Stream4_IRQHandler
                0x0800871c                OTG_FS_IRQHandler
                0x0800871c                SPI3_IRQHandler
                0x0800871c                DMA1_Stream4_IRQHandler
                0x0800871c                I2C1_ER_IRQHandler
                0x0800871c                DMA2_Stream6_IRQHandler
                0x0800871c                DMA1_Stream3_IRQHandler
 *fill*         0x0800871e        0x2 
 .text.HAL_Init
                0x08008720       0x44 ./Drivers/STM32F4xx_HAL_Driver/Src/stm32f4xx_hal.o
                0x08008720                HAL_Init
 .text.HAL_InitTick
                0x08008764       0x60 ./Drivers/STM32F4xx_HAL_Driver/Src/stm32f4xx_hal.o
                0x08008764                HAL_InitTick
 .text.HAL_IncTick
                0x080087c4       0x28 ./Drivers/STM32F4xx_HAL_Driver/Src/stm32f4xx_hal.o
                0x080087c4                HAL_IncTick
 .text.HAL_GetTick
                0x080087ec       0x18 ./Drivers/STM32F4xx_HAL_Driver/Src/stm32f4xx_hal.o
                0x080087ec                HAL_GetTick
 .text.HAL_Delay
                0x08008804       0x48 ./Drivers/STM32F4xx_HAL_Driver/Src/stm32f4xx_hal.o
                0x08008804                HAL_Delay
 .text.__NVIC_SetPriorityGrouping
                0x0800884c       0x48 ./Drivers/STM32F4xx_HAL_Driver/Src/stm32f4xx_hal_cortex.o
 .text.__NVIC_GetPriorityGrouping
                0x08008894       0x1c ./Drivers/STM32F4xx_HAL_Driver/Src/stm32f4xx_hal_cortex.o
 .text.__NVIC_EnableIRQ
                0x080088b0       0x3c ./Drivers/STM32F4xx_HAL_Driver/Src/stm32f4xx_hal_cortex.o
 .text.__NVIC_SetPriority
                0x080088ec       0x54 ./Drivers/STM32F4xx_HAL_Driver/Src/stm32f4xx_hal_cortex.o
 .text.NVIC_EncodePriority
                0x08008940       0x66 ./Drivers/STM32F4xx_HAL_Driver/Src/stm32f4xx_hal_cortex.o
 *fill*         0x080089a6        0x2 
 .text.SysTick_Config
                0x080089a8       0x44 ./Drivers/STM32F4xx_HAL_Driver/Src/stm32f4xx_hal_cortex.o
 .text.HAL_NVIC_SetPriorityGrouping
                0x080089ec       0x16 ./Drivers/STM32F4xx_HAL_Driver/Src/stm32f4xx_hal_cortex.o
                0x080089ec                HAL_NVIC_SetPriorityGrouping
 .text.HAL_NVIC_SetPriority
                0x08008a02       0x38 ./Drivers/STM32F4xx_HAL_Driver/Src/stm32f4xx_hal_cortex.o
                0x08008a02                HAL_NVIC_SetPriority
 .text.HAL_NVIC_EnableIRQ
                0x08008a3a       0x1c ./Drivers/STM32F4xx_HAL_Driver/Src/stm32f4xx_hal_cortex.o
                0x08008a3a                HAL_NVIC_EnableIRQ
 .text.HAL_SYSTICK_Config
                0x08008a56       0x18 ./Drivers/STM32F4xx_HAL_Driver/Src/stm32f4xx_hal_cortex.o
                0x08008a56                HAL_SYSTICK_Config
 .text.HAL_DMA_Abort
                0x08008a6e       0xe0 ./Drivers/STM32F4xx_HAL_Driver/Src/stm32f4xx_hal_dma.o
                0x08008a6e                HAL_DMA_Abort
 .text.HAL_DMA_Abort_IT
                0x08008b4e       0x44 ./Drivers/STM32F4xx_HAL_Driver/Src/stm32f4xx_hal_dma.o
                0x08008b4e                HAL_DMA_Abort_IT
 *fill*         0x08008b92        0x2 
 .text.HAL_GPIO_Init
                0x08008b94      0x308 ./Drivers/STM32F4xx_HAL_Driver/Src/stm32f4xx_hal_gpio.o
                0x08008b94                HAL_GPIO_Init
 .text.HAL_GPIO_WritePin
                0x08008e9c       0x32 ./Drivers/STM32F4xx_HAL_Driver/Src/stm32f4xx_hal_gpio.o
                0x08008e9c                HAL_GPIO_WritePin
 *fill*         0x08008ece        0x2 
 .text.HAL_RCC_OscConfig
                0x08008ed0      0x4f0 ./Drivers/STM32F4xx_HAL_Driver/Src/stm32f4xx_hal_rcc.o
                0x08008ed0                HAL_RCC_OscConfig
 .text.HAL_RCC_ClockConfig
                0x080093c0      0x1cc ./Drivers/STM32F4xx_HAL_Driver/Src/stm32f4xx_hal_rcc.o
                0x080093c0                HAL_RCC_ClockConfig
 .text.HAL_RCC_GetSysClockFreq
                0x0800958c      0x18c ./Drivers/STM32F4xx_HAL_Driver/Src/stm32f4xx_hal_rcc.o
                0x0800958c                HAL_RCC_GetSysClockFreq
 .text.HAL_RCC_GetHCLKFreq
                0x08009718       0x18 ./Drivers/STM32F4xx_HAL_Driver/Src/stm32f4xx_hal_rcc.o
                0x08009718                HAL_RCC_GetHCLKFreq
 .text.HAL_RCC_GetPCLK1Freq
                0x08009730       0x28 ./Drivers/STM32F4xx_HAL_Driver/Src/stm32f4xx_hal_rcc.o
                0x08009730                HAL_RCC_GetPCLK1Freq
 .text.HAL_RCC_GetPCLK2Freq
                0x08009758       0x28 ./Drivers/STM32F4xx_HAL_Driver/Src/stm32f4xx_hal_rcc.o
                0x08009758                HAL_RCC_GetPCLK2Freq
 .text.HAL_SPI_Init
                0x08009780      0x112 ./Drivers/STM32F4xx_HAL_Driver/Src/stm32f4xx_hal_spi.o
                0x08009780                HAL_SPI_Init
 .text.HAL_SPI_Transmit
                0x08009892      0x288 ./Drivers/STM32F4xx_HAL_Driver/Src/stm32f4xx_hal_spi.o
                0x08009892                HAL_SPI_Transmit
 .text.HAL_SPI_Receive
                0x08009b1a      0x232 ./Drivers/STM32F4xx_HAL_Driver/Src/stm32f4xx_hal_spi.o
                0x08009b1a                HAL_SPI_Receive
 .text.HAL_SPI_TransmitReceive
                0x08009d4c      0x352 ./Drivers/STM32F4xx_HAL_Driver/Src/stm32f4xx_hal_spi.o
                0x08009d4c                HAL_SPI_TransmitReceive
 *fill*         0x0800a09e        0x2 
 .text.HAL_SPI_IRQHandler
                0x0800a0a0      0x200 ./Drivers/STM32F4xx_HAL_Driver/Src/stm32f4xx_hal_spi.o
                0x0800a0a0                HAL_SPI_IRQHandler
 .text.HAL_SPI_ErrorCallback
                0x0800a2a0       0x14 ./Drivers/STM32F4xx_HAL_Driver/Src/stm32f4xx_hal_spi.o
                0x0800a2a0                HAL_SPI_ErrorCallback
 .text.SPI_DMAAbortOnError
                0x0800a2b4       0x28 ./Drivers/STM32F4xx_HAL_Driver/Src/stm32f4xx_hal_spi.o
 .text.SPI_WaitFlagStateUntilTimeout
                0x0800a2dc      0x110 ./Drivers/STM32F4xx_HAL_Driver/Src/stm32f4xx_hal_spi.o
 .text.SPI_EndRxTransaction
                0x0800a3ec       0xca ./Drivers/STM32F4xx_HAL_Driver/Src/stm32f4xx_hal_spi.o
 *fill*         0x0800a4b6        0x2 
 .text.SPI_EndRxTxTransaction
                0x0800a4b8       0xa8 ./Drivers/STM32F4xx_HAL_Driver/Src/stm32f4xx_hal_spi.o
 .text.HAL_UART_Init
                0x0800a560       0xa0 ./Drivers/STM32F4xx_HAL_Driver/Src/stm32f4xx_hal_uart.o
                0x0800a560                HAL_UART_Init
 .text.HAL_UART_Transmit
                0x0800a600      0x116 ./Drivers/STM32F4xx_HAL_Driver/Src/stm32f4xx_hal_uart.o
                0x0800a600                HAL_UART_Transmit
 *fill*         0x0800a716        0x2 
 .text.HAL_UART_IRQHandler
                0x0800a718      0x524 ./Drivers/STM32F4xx_HAL_Driver/Src/stm32f4xx_hal_uart.o
                0x0800a718                HAL_UART_IRQHandler
 .text.HAL_UART_TxCpltCallback
                0x0800ac3c       0x14 ./Drivers/STM32F4xx_HAL_Driver/Src/stm32f4xx_hal_uart.o
                0x0800ac3c                HAL_UART_TxCpltCallback
 .text.HAL_UART_RxCpltCallback
                0x0800ac50       0x14 ./Drivers/STM32F4xx_HAL_Driver/Src/stm32f4xx_hal_uart.o
                0x0800ac50                HAL_UART_RxCpltCallback
 .text.HAL_UART_ErrorCallback
                0x0800ac64       0x14 ./Drivers/STM32F4xx_HAL_Driver/Src/stm32f4xx_hal_uart.o
                0x0800ac64                HAL_UART_ErrorCallback
 .text.HAL_UARTEx_RxEventCallback
                0x0800ac78       0x18 ./Drivers/STM32F4xx_HAL_Driver/Src/stm32f4xx_hal_uart.o
                0x0800ac78                HAL_UARTEx_RxEventCallback
 .text.UART_WaitOnFlagUntilTimeout
                0x0800ac90       0xb2 ./Drivers/STM32F4xx_HAL_Driver/Src/stm32f4xx_hal_uart.o
 .text.UART_EndRxTransfer
                0x0800ad42       0xc6 ./Drivers/STM32F4xx_HAL_Driver/Src/stm32f4xx_hal_uart.o
 .text.UART_DMAAbortOnError
                0x0800ae08       0x28 ./Drivers/STM32F4xx_HAL_Driver/Src/stm32f4xx_hal_uart.o
 .text.UART_Transmit_IT
                0x0800ae30       0xa0 ./Drivers/STM32F4xx_HAL_Driver/Src/stm32f4xx_hal_uart.o
 .text.UART_EndTransmit_IT
                0x0800aed0       0x30 ./Drivers/STM32F4xx_HAL_Driver/Src/stm32f4xx_hal_uart.o
 .text.UART_Receive_IT
                0x0800af00      0x17c ./Drivers/STM32F4xx_HAL_Driver/Src/stm32f4xx_hal_uart.o
 .text.UART_SetConfig
                0x0800b07c      0x4e8 ./Drivers/STM32F4xx_HAL_Driver/Src/stm32f4xx_hal_uart.o
 .text.snprintf
                0x0800b564       0x6c C:/ST/STM32CubeIDE_1.18.0/STM32CubeIDE/plugins/com.st.stm32cube.ide.mcu.externaltools.gnu-tools-for-stm32.13.3.rel1.win32_1.0.0.202411081344/tools/bin/../lib/gcc/arm-none-eabi/13.3.1/../../../../arm-none-eabi/lib/thumb/v7e-m+fp/hard\libc_nano.a(libc_a-snprintf.o)
                0x0800b564                sniprintf
                0x0800b564                snprintf
 .text._vsnprintf_r
                0x0800b5d0       0x5c C:/ST/STM32CubeIDE_1.18.0/STM32CubeIDE/plugins/com.st.stm32cube.ide.mcu.externaltools.gnu-tools-for-stm32.13.3.rel1.win32_1.0.0.202411081344/tools/bin/../lib/gcc/arm-none-eabi/13.3.1/../../../../arm-none-eabi/lib/thumb/v7e-m+fp/hard\libc_nano.a(libc_a-vsnprintf.o)
                0x0800b5d0                _vsniprintf_r
                0x0800b5d0                _vsnprintf_r
 .text.vsnprintf
                0x0800b62c       0x1c C:/ST/STM32CubeIDE_1.18.0/STM32CubeIDE/plugins/com.st.stm32cube.ide.mcu.externaltools.gnu-tools-for-stm32.13.3.rel1.win32_1.0.0.202411081344/tools/bin/../lib/gcc/arm-none-eabi/13.3.1/../../../../arm-none-eabi/lib/thumb/v7e-m+fp/hard\libc_nano.a(libc_a-vsnprintf.o)
                0x0800b62c                vsniprintf
                0x0800b62c                vsnprintf
 .text.memcmp   0x0800b648       0x20 C:/ST/STM32CubeIDE_1.18.0/STM32CubeIDE/plugins/com.st.stm32cube.ide.mcu.externaltools.gnu-tools-for-stm32.13.3.rel1.win32_1.0.0.202411081344/tools/bin/../lib/gcc/arm-none-eabi/13.3.1/../../../../arm-none-eabi/lib/thumb/v7e-m+fp/hard\libc_nano.a(libc_a-memcmp.o)
                0x0800b648                memcmp
 .text.memset   0x0800b668       0x10 C:/ST/STM32CubeIDE_1.18.0/STM32CubeIDE/plugins/com.st.stm32cube.ide.mcu.externaltools.gnu-tools-for-stm32.13.3.rel1.win32_1.0.0.202411081344/tools/bin/../lib/gcc/arm-none-eabi/13.3.1/../../../../arm-none-eabi/lib/thumb/v7e-m+fp/hard\libc_nano.a(libc_a-memset.o)
                0x0800b668                memset
 .text.__errno  0x0800b678        0xc C:/ST/STM32CubeIDE_1.18.0/STM32CubeIDE/plugins/com.st.stm32cube.ide.mcu.externaltools.gnu-tools-for-stm32.13.3.rel1.win32_1.0.0.202411081344/tools/bin/../lib/gcc/arm-none-eabi/13.3.1/../../../../arm-none-eabi/lib/thumb/v7e-m+fp/hard\libc_nano.a(libc_a-errno.o)
                0x0800b678                __errno
 .text.__libc_init_array
                0x0800b684       0x48 C:/ST/STM32CubeIDE_1.18.0/STM32CubeIDE/plugins/com.st.stm32cube.ide.mcu.externaltools.gnu-tools-for-stm32.13.3.rel1.win32_1.0.0.202411081344/tools/bin/../lib/gcc/arm-none-eabi/13.3.1/../../../../arm-none-eabi/lib/thumb/v7e-m+fp/hard\libc_nano.a(libc_a-init.o)
                0x0800b684                __libc_init_array
 .text.__retarget_lock_acquire_recursive
                0x0800b6cc        0x2 C:/ST/STM32CubeIDE_1.18.0/STM32CubeIDE/plugins/com.st.stm32cube.ide.mcu.externaltools.gnu-tools-for-stm32.13.3.rel1.win32_1.0.0.202411081344/tools/bin/../lib/gcc/arm-none-eabi/13.3.1/../../../../arm-none-eabi/lib/thumb/v7e-m+fp/hard\libc_nano.a(libc_a-lock.o)
                0x0800b6cc                __retarget_lock_acquire_recursive
 .text.__retarget_lock_release_recursive
                0x0800b6ce        0x2 C:/ST/STM32CubeIDE_1.18.0/STM32CubeIDE/plugins/com.st.stm32cube.ide.mcu.externaltools.gnu-tools-for-stm32.13.3.rel1.win32_1.0.0.202411081344/tools/bin/../lib/gcc/arm-none-eabi/13.3.1/../../../../arm-none-eabi/lib/thumb/v7e-m+fp/hard\libc_nano.a(libc_a-lock.o)
                0x0800b6ce                __retarget_lock_release_recursive
 .text._free_r  0x0800b6d0       0x94 C:/ST/STM32CubeIDE_1.18.0/STM32CubeIDE/plugins/com.st.stm32cube.ide.mcu.externaltools.gnu-tools-for-stm32.13.3.rel1.win32_1.0.0.202411081344/tools/bin/../lib/gcc/arm-none-eabi/13.3.1/../../../../arm-none-eabi/lib/thumb/v7e-m+fp/hard\libc_nano.a(libc_a-freer.o)
                0x0800b6d0                _free_r
 .text.sbrk_aligned
                0x0800b764       0x44 C:/ST/STM32CubeIDE_1.18.0/STM32CubeIDE/plugins/com.st.stm32cube.ide.mcu.externaltools.gnu-tools-for-stm32.13.3.rel1.win32_1.0.0.202411081344/tools/bin/../lib/gcc/arm-none-eabi/13.3.1/../../../../arm-none-eabi/lib/thumb/v7e-m+fp/hard\libc_nano.a(libc_a-mallocr.o)
 .text._malloc_r
                0x0800b7a8      0x100 C:/ST/STM32CubeIDE_1.18.0/STM32CubeIDE/plugins/com.st.stm32cube.ide.mcu.externaltools.gnu-tools-for-stm32.13.3.rel1.win32_1.0.0.202411081344/tools/bin/../lib/gcc/arm-none-eabi/13.3.1/../../../../arm-none-eabi/lib/thumb/v7e-m+fp/hard\libc_nano.a(libc_a-mallocr.o)
                0x0800b7a8                _malloc_r
 .text.__malloc_lock
                0x0800b8a8        0xc C:/ST/STM32CubeIDE_1.18.0/STM32CubeIDE/plugins/com.st.stm32cube.ide.mcu.externaltools.gnu-tools-for-stm32.13.3.rel1.win32_1.0.0.202411081344/tools/bin/../lib/gcc/arm-none-eabi/13.3.1/../../../../arm-none-eabi/lib/thumb/v7e-m+fp/hard\libc_nano.a(libc_a-mlock.o)
                0x0800b8a8                __malloc_lock
 .text.__malloc_unlock
                0x0800b8b4        0xc C:/ST/STM32CubeIDE_1.18.0/STM32CubeIDE/plugins/com.st.stm32cube.ide.mcu.externaltools.gnu-tools-for-stm32.13.3.rel1.win32_1.0.0.202411081344/tools/bin/../lib/gcc/arm-none-eabi/13.3.1/../../../../arm-none-eabi/lib/thumb/v7e-m+fp/hard\libc_nano.a(libc_a-mlock.o)
                0x0800b8b4                __malloc_unlock
 .text.__ssputs_r
                0x0800b8c0       0xb6 C:/ST/STM32CubeIDE_1.18.0/STM32CubeIDE/plugins/com.st.stm32cube.ide.mcu.externaltools.gnu-tools-for-stm32.13.3.rel1.win32_1.0.0.202411081344/tools/bin/../lib/gcc/arm-none-eabi/13.3.1/../../../../arm-none-eabi/lib/thumb/v7e-m+fp/hard\libc_nano.a(libc_a-nano-svfprintf.o)
                0x0800b8c0                __ssputs_r
 *fill*         0x0800b976        0x2 
 .text._svfprintf_r
                0x0800b978      0x1f8 C:/ST/STM32CubeIDE_1.18.0/STM32CubeIDE/plugins/com.st.stm32cube.ide.mcu.externaltools.gnu-tools-for-stm32.13.3.rel1.win32_1.0.0.202411081344/tools/bin/../lib/gcc/arm-none-eabi/13.3.1/../../../../arm-none-eabi/lib/thumb/v7e-m+fp/hard\libc_nano.a(libc_a-nano-svfprintf.o)
                0x0800b978                _svfiprintf_r
                0x0800b978                _svfprintf_r
 .text._printf_common
                0x0800bb70       0xda C:/ST/STM32CubeIDE_1.18.0/STM32CubeIDE/plugins/com.st.stm32cube.ide.mcu.externaltools.gnu-tools-for-stm32.13.3.rel1.win32_1.0.0.202411081344/tools/bin/../lib/gcc/arm-none-eabi/13.3.1/../../../../arm-none-eabi/lib/thumb/v7e-m+fp/hard\libc_nano.a(libc_a-nano-vfprintf_i.o)
                0x0800bb70                _printf_common
 *fill*         0x0800bc4a        0x2 
 .text._printf_i
                0x0800bc4c      0x23c C:/ST/STM32CubeIDE_1.18.0/STM32CubeIDE/plugins/com.st.stm32cube.ide.mcu.externaltools.gnu-tools-for-stm32.13.3.rel1.win32_1.0.0.202411081344/tools/bin/../lib/gcc/arm-none-eabi/13.3.1/../../../../arm-none-eabi/lib/thumb/v7e-m+fp/hard\libc_nano.a(libc_a-nano-vfprintf_i.o)
                0x0800bc4c                _printf_i
 .text.memmove  0x0800be88       0x34 C:/ST/STM32CubeIDE_1.18.0/STM32CubeIDE/plugins/com.st.stm32cube.ide.mcu.externaltools.gnu-tools-for-stm32.13.3.rel1.win32_1.0.0.202411081344/tools/bin/../lib/gcc/arm-none-eabi/13.3.1/../../../../arm-none-eabi/lib/thumb/v7e-m+fp/hard\libc_nano.a(libc_a-memmove.o)
                0x0800be88                memmove
 .text._sbrk_r  0x0800bebc       0x20 C:/ST/STM32CubeIDE_1.18.0/STM32CubeIDE/plugins/com.st.stm32cube.ide.mcu.externaltools.gnu-tools-for-stm32.13.3.rel1.win32_1.0.0.202411081344/tools/bin/../lib/gcc/arm-none-eabi/13.3.1/../../../../arm-none-eabi/lib/thumb/v7e-m+fp/hard\libc_nano.a(libc_a-sbrkr.o)
                0x0800bebc                _sbrk_r
 .text.memcpy   0x0800bedc       0x1c C:/ST/STM32CubeIDE_1.18.0/STM32CubeIDE/plugins/com.st.stm32cube.ide.mcu.externaltools.gnu-tools-for-stm32.13.3.rel1.win32_1.0.0.202411081344/tools/bin/../lib/gcc/arm-none-eabi/13.3.1/../../../../arm-none-eabi/lib/thumb/v7e-m+fp/hard\libc_nano.a(libc_a-memcpy-stub.o)
                0x0800bedc                memcpy
 .text._realloc_r
                0x0800bef8       0x5c C:/ST/STM32CubeIDE_1.18.0/STM32CubeIDE/plugins/com.st.stm32cube.ide.mcu.externaltools.gnu-tools-for-stm32.13.3.rel1.win32_1.0.0.202411081344/tools/bin/../lib/gcc/arm-none-eabi/13.3.1/../../../../arm-none-eabi/lib/thumb/v7e-m+fp/hard\libc_nano.a(libc_a-reallocr.o)
                0x0800bef8                _realloc_r
 .text._malloc_usable_size_r
                0x0800bf54       0x10 C:/ST/STM32CubeIDE_1.18.0/STM32CubeIDE/plugins/com.st.stm32cube.ide.mcu.externaltools.gnu-tools-for-stm32.13.3.rel1.win32_1.0.0.202411081344/tools/bin/../lib/gcc/arm-none-eabi/13.3.1/../../../../arm-none-eabi/lib/thumb/v7e-m+fp/hard\libc_nano.a(libc_a-msizer.o)
                0x0800bf54                _malloc_usable_size_r
 .text.asinf    0x0800bf64       0x58 C:/ST/STM32CubeIDE_1.18.0/STM32CubeIDE/plugins/com.st.stm32cube.ide.mcu.externaltools.gnu-tools-for-stm32.13.3.rel1.win32_1.0.0.202411081344/tools/bin/../lib/gcc/arm-none-eabi/13.3.1/../../../../arm-none-eabi/lib/thumb/v7e-m+fp/hard\libm.a(libm_a-wf_asin.o)
                0x0800bf64                asinf
 .text.atan2f   0x0800bfbc        0x4 C:/ST/STM32CubeIDE_1.18.0/STM32CubeIDE/plugins/com.st.stm32cube.ide.mcu.externaltools.gnu-tools-for-stm32.13.3.rel1.win32_1.0.0.202411081344/tools/bin/../lib/gcc/arm-none-eabi/13.3.1/../../../../arm-none-eabi/lib/thumb/v7e-m+fp/hard\libm.a(libm_a-wf_atan2.o)
                0x0800bfbc                atan2f
 .text.fabsf    0x0800bfc0        0xe C:/ST/STM32CubeIDE_1.18.0/STM32CubeIDE/plugins/com.st.stm32cube.ide.mcu.externaltools.gnu-tools-for-stm32.13.3.rel1.win32_1.0.0.202411081344/tools/bin/../lib/gcc/arm-none-eabi/13.3.1/../../../../arm-none-eabi/lib/thumb/v7e-m+fp/hard\libm.a(libm_a-sf_fabs.o)
                0x0800bfc0                fabsf
 *fill*         0x0800bfce        0x2 
 .text.sinf     0x0800bfd0       0x8c C:/ST/STM32CubeIDE_1.18.0/STM32CubeIDE/plugins/com.st.stm32cube.ide.mcu.externaltools.gnu-tools-for-stm32.13.3.rel1.win32_1.0.0.202411081344/tools/bin/../lib/gcc/arm-none-eabi/13.3.1/../../../../arm-none-eabi/lib/thumb/v7e-m+fp/hard\libm.a(libm_a-sf_sin.o)
                0x0800bfd0                sinf
 .text.nanf     0x0800c05c        0xc C:/ST/STM32CubeIDE_1.18.0/STM32CubeIDE/plugins/com.st.stm32cube.ide.mcu.externaltools.gnu-tools-for-stm32.13.3.rel1.win32_1.0.0.202411081344/tools/bin/../lib/gcc/arm-none-eabi/13.3.1/../../../../arm-none-eabi/lib/thumb/v7e-m+fp/hard\libm.a(libm_a-sf_nan.o)
                0x0800c05c                nanf
 .text.__kernel_cosf
                0x0800c068       0xb0 C:/ST/STM32CubeIDE_1.18.0/STM32CubeIDE/plugins/com.st.stm32cube.ide.mcu.externaltools.gnu-tools-for-stm32.13.3.rel1.win32_1.0.0.202411081344/tools/bin/../lib/gcc/arm-none-eabi/13.3.1/../../../../arm-none-eabi/lib/thumb/v7e-m+fp/hard\libm.a(libm_a-kf_cos.o)
                0x0800c068                __kernel_cosf
 .text.__kernel_sinf
                0x0800c118       0x90 C:/ST/STM32CubeIDE_1.18.0/STM32CubeIDE/plugins/com.st.stm32cube.ide.mcu.externaltools.gnu-tools-for-stm32.13.3.rel1.win32_1.0.0.202411081344/tools/bin/../lib/gcc/arm-none-eabi/13.3.1/../../../../arm-none-eabi/lib/thumb/v7e-m+fp/hard\libm.a(libm_a-kf_sin.o)
                0x0800c118                __kernel_sinf
 .text.__ieee754_asinf
                0x0800c1a8      0x1c8 C:/ST/STM32CubeIDE_1.18.0/STM32CubeIDE/plugins/com.st.stm32cube.ide.mcu.externaltools.gnu-tools-for-stm32.13.3.rel1.win32_1.0.0.202411081344/tools/bin/../lib/gcc/arm-none-eabi/13.3.1/../../../../arm-none-eabi/lib/thumb/v7e-m+fp/hard\libm.a(libm_a-ef_asin.o)
                0x0800c1a8                __ieee754_asinf
 .text.__ieee754_atan2f
                0x0800c370      0x140 C:/ST/STM32CubeIDE_1.18.0/STM32CubeIDE/plugins/com.st.stm32cube.ide.mcu.externaltools.gnu-tools-for-stm32.13.3.rel1.win32_1.0.0.202411081344/tools/bin/../lib/gcc/arm-none-eabi/13.3.1/../../../../arm-none-eabi/lib/thumb/v7e-m+fp/hard\libm.a(libm_a-ef_atan2.o)
                0x0800c370                __ieee754_atan2f
 .text.__ieee754_rem_pio2f
                0x0800c4b0      0x260 C:/ST/STM32CubeIDE_1.18.0/STM32CubeIDE/plugins/com.st.stm32cube.ide.mcu.externaltools.gnu-tools-for-stm32.13.3.rel1.win32_1.0.0.202411081344/tools/bin/../lib/gcc/arm-none-eabi/13.3.1/../../../../arm-none-eabi/lib/thumb/v7e-m+fp/hard\libm.a(libm_a-ef_rem_pio2.o)
                0x0800c4b0                __ieee754_rem_pio2f
 .text.atanf    0x0800c710      0x1a8 C:/ST/STM32CubeIDE_1.18.0/STM32CubeIDE/plugins/com.st.stm32cube.ide.mcu.externaltools.gnu-tools-for-stm32.13.3.rel1.win32_1.0.0.202411081344/tools/bin/../lib/gcc/arm-none-eabi/13.3.1/../../../../arm-none-eabi/lib/thumb/v7e-m+fp/hard\libm.a(libm_a-sf_atan.o)
                0x0800c710                atanf
 .text.__ieee754_sqrtf
                0x0800c8b8        0x6 C:/ST/STM32CubeIDE_1.18.0/STM32CubeIDE/plugins/com.st.stm32cube.ide.mcu.externaltools.gnu-tools-for-stm32.13.3.rel1.win32_1.0.0.202411081344/tools/bin/../lib/gcc/arm-none-eabi/13.3.1/../../../../arm-none-eabi/lib/thumb/v7e-m+fp/hard\libm.a(libm_a-ef_sqrt.o)
                0x0800c8b8                __ieee754_sqrtf
 *fill*         0x0800c8be        0x2 
 .text.__kernel_rem_pio2f
                0x0800c8c0      0x4d0 C:/ST/STM32CubeIDE_1.18.0/STM32CubeIDE/plugins/com.st.stm32cube.ide.mcu.externaltools.gnu-tools-for-stm32.13.3.rel1.win32_1.0.0.202411081344/tools/bin/../lib/gcc/arm-none-eabi/13.3.1/../../../../arm-none-eabi/lib/thumb/v7e-m+fp/hard\libm.a(libm_a-kf_rem_pio2.o)
                0x0800c8c0                __kernel_rem_pio2f
 .text.scalbnf  0x0800cd90       0xcc C:/ST/STM32CubeIDE_1.18.0/STM32CubeIDE/plugins/com.st.stm32cube.ide.mcu.externaltools.gnu-tools-for-stm32.13.3.rel1.win32_1.0.0.202411081344/tools/bin/../lib/gcc/arm-none-eabi/13.3.1/../../../../arm-none-eabi/lib/thumb/v7e-m+fp/hard\libm.a(libm_a-sf_scalbn.o)
                0x0800cd90                scalbnf
 .text.floorf   0x0800ce5c       0x88 C:/ST/STM32CubeIDE_1.18.0/STM32CubeIDE/plugins/com.st.stm32cube.ide.mcu.externaltools.gnu-tools-for-stm32.13.3.rel1.win32_1.0.0.202411081344/tools/bin/../lib/gcc/arm-none-eabi/13.3.1/../../../../arm-none-eabi/lib/thumb/v7e-m+fp/hard\libm.a(libm_a-sf_floor.o)
                0x0800ce5c                floorf
 *(.glue_7)
 .glue_7        0x0800cee4        0x0 linker stubs
 *(.glue_7t)
 .glue_7t       0x0800cee4        0x0 linker stubs
 *(.eh_frame)
 .eh_frame      0x0800cee4        0x0 C:/ST/STM32CubeIDE_1.18.0/STM32CubeIDE/plugins/com.st.stm32cube.ide.mcu.externaltools.gnu-tools-for-stm32.13.3.rel1.win32_1.0.0.202411081344/tools/bin/../lib/gcc/arm-none-eabi/13.3.1/thumb/v7e-m+fp/hard/crtbegin.o
 *(.init)
 .init          0x0800cee4        0x4 C:/ST/STM32CubeIDE_1.18.0/STM32CubeIDE/plugins/com.st.stm32cube.ide.mcu.externaltools.gnu-tools-for-stm32.13.3.rel1.win32_1.0.0.202411081344/tools/bin/../lib/gcc/arm-none-eabi/13.3.1/thumb/v7e-m+fp/hard/crti.o
                0x0800cee4                _init
 .init          0x0800cee8        0x8 C:/ST/STM32CubeIDE_1.18.0/STM32CubeIDE/plugins/com.st.stm32cube.ide.mcu.externaltools.gnu-tools-for-stm32.13.3.rel1.win32_1.0.0.202411081344/tools/bin/../lib/gcc/arm-none-eabi/13.3.1/thumb/v7e-m+fp/hard/crtn.o
 *(.fini)
 .fini          0x0800cef0        0x4 C:/ST/STM32CubeIDE_1.18.0/STM32CubeIDE/plugins/com.st.stm32cube.ide.mcu.externaltools.gnu-tools-for-stm32.13.3.rel1.win32_1.0.0.202411081344/tools/bin/../lib/gcc/arm-none-eabi/13.3.1/thumb/v7e-m+fp/hard/crti.o
                0x0800cef0                _fini
 .fini          0x0800cef4        0x8 C:/ST/STM32CubeIDE_1.18.0/STM32CubeIDE/plugins/com.st.stm32cube.ide.mcu.externaltools.gnu-tools-for-stm32.13.3.rel1.win32_1.0.0.202411081344/tools/bin/../lib/gcc/arm-none-eabi/13.3.1/thumb/v7e-m+fp/hard/crtn.o
                0x0800cefc                        . = ALIGN (0x4)
                0x0800cefc                        _etext = .

.vfp11_veneer   0x0800cefc        0x0
 .vfp11_veneer  0x0800cefc        0x0 linker stubs

.v4_bx          0x0800cefc        0x0
 .v4_bx         0x0800cefc        0x0 linker stubs

.iplt           0x0800cefc        0x0
 .iplt          0x0800cefc        0x0 C:/ST/STM32CubeIDE_1.18.0/STM32CubeIDE/plugins/com.st.stm32cube.ide.mcu.externaltools.gnu-tools-for-stm32.13.3.rel1.win32_1.0.0.202411081344/tools/bin/../lib/gcc/arm-none-eabi/13.3.1/thumb/v7e-m+fp/hard/crtbegin.o

.rodata         0x0800cefc     0x2ea8
                0x0800cefc                        . = ALIGN (0x4)
 *(.rodata)
 .rodata        0x0800cefc     0x1698 ./Core/Src/driver_mpu6500.o
 .rodata        0x0800e594     0x1095 ./Core/Src/driver_mpu6500_dmp.o
 *fill*         0x0800f629        0x3 
 .rodata        0x0800f62c      0x114 ./Core/Src/driver_mpu6500_interface.o
 .rodata        0x0800f740      0x20f ./Core/Src/main.o
 *(.rodata*)
 *fill*         0x0800f94f        0x1 
 .rodata.AHBPrescTable
                0x0800f950       0x10 ./Core/Src/system_stm32f4xx.o
                0x0800f950                AHBPrescTable
 .rodata.APBPrescTable
                0x0800f960        0x8 ./Core/Src/system_stm32f4xx.o
                0x0800f960                APBPrescTable
 .rodata._svfprintf_r.str1.1
                0x0800f968       0x33 C:/ST/STM32CubeIDE_1.18.0/STM32CubeIDE/plugins/com.st.stm32cube.ide.mcu.externaltools.gnu-tools-for-stm32.13.3.rel1.win32_1.0.0.202411081344/tools/bin/../lib/gcc/arm-none-eabi/13.3.1/../../../../arm-none-eabi/lib/thumb/v7e-m+fp/hard\libc_nano.a(libc_a-nano-svfprintf.o)
                                 0x11 (size before relaxing)
 .rodata._printf_i.str1.1
                0x0800f99b       0x22 C:/ST/STM32CubeIDE_1.18.0/STM32CubeIDE/plugins/com.st.stm32cube.ide.mcu.externaltools.gnu-tools-for-stm32.13.3.rel1.win32_1.0.0.202411081344/tools/bin/../lib/gcc/arm-none-eabi/13.3.1/../../../../arm-none-eabi/lib/thumb/v7e-m+fp/hard\libc_nano.a(libc_a-nano-vfprintf_i.o)
 .rodata.asinf.str1.1
                0x0800f99b        0x1 C:/ST/STM32CubeIDE_1.18.0/STM32CubeIDE/plugins/com.st.stm32cube.ide.mcu.externaltools.gnu-tools-for-stm32.13.3.rel1.win32_1.0.0.202411081344/tools/bin/../lib/gcc/arm-none-eabi/13.3.1/../../../../arm-none-eabi/lib/thumb/v7e-m+fp/hard\libm.a(libm_a-wf_asin.o)
 *fill*         0x0800f99b        0x1 
 .rodata.CSWTCH.9
                0x0800f99c        0xc C:/ST/STM32CubeIDE_1.18.0/STM32CubeIDE/plugins/com.st.stm32cube.ide.mcu.externaltools.gnu-tools-for-stm32.13.3.rel1.win32_1.0.0.202411081344/tools/bin/../lib/gcc/arm-none-eabi/13.3.1/../../../../arm-none-eabi/lib/thumb/v7e-m+fp/hard\libm.a(libm_a-ef_atan2.o)
 .rodata.CSWTCH.8
                0x0800f9a8        0xc C:/ST/STM32CubeIDE_1.18.0/STM32CubeIDE/plugins/com.st.stm32cube.ide.mcu.externaltools.gnu-tools-for-stm32.13.3.rel1.win32_1.0.0.202411081344/tools/bin/../lib/gcc/arm-none-eabi/13.3.1/../../../../arm-none-eabi/lib/thumb/v7e-m+fp/hard\libm.a(libm_a-ef_atan2.o)
 .rodata.npio2_hw
                0x0800f9b4       0x80 C:/ST/STM32CubeIDE_1.18.0/STM32CubeIDE/plugins/com.st.stm32cube.ide.mcu.externaltools.gnu-tools-for-stm32.13.3.rel1.win32_1.0.0.202411081344/tools/bin/../lib/gcc/arm-none-eabi/13.3.1/../../../../arm-none-eabi/lib/thumb/v7e-m+fp/hard\libm.a(libm_a-ef_rem_pio2.o)
 .rodata.two_over_pi
                0x0800fa34      0x318 C:/ST/STM32CubeIDE_1.18.0/STM32CubeIDE/plugins/com.st.stm32cube.ide.mcu.externaltools.gnu-tools-for-stm32.13.3.rel1.win32_1.0.0.202411081344/tools/bin/../lib/gcc/arm-none-eabi/13.3.1/../../../../arm-none-eabi/lib/thumb/v7e-m+fp/hard\libm.a(libm_a-ef_rem_pio2.o)
 .rodata.atanlo
                0x0800fd4c       0x10 C:/ST/STM32CubeIDE_1.18.0/STM32CubeIDE/plugins/com.st.stm32cube.ide.mcu.externaltools.gnu-tools-for-stm32.13.3.rel1.win32_1.0.0.202411081344/tools/bin/../lib/gcc/arm-none-eabi/13.3.1/../../../../arm-none-eabi/lib/thumb/v7e-m+fp/hard\libm.a(libm_a-sf_atan.o)
 .rodata.atanhi
                0x0800fd5c       0x10 C:/ST/STM32CubeIDE_1.18.0/STM32CubeIDE/plugins/com.st.stm32cube.ide.mcu.externaltools.gnu-tools-for-stm32.13.3.rel1.win32_1.0.0.202411081344/tools/bin/../lib/gcc/arm-none-eabi/13.3.1/../../../../arm-none-eabi/lib/thumb/v7e-m+fp/hard\libm.a(libm_a-sf_atan.o)
 .rodata.PIo2   0x0800fd6c       0x2c C:/ST/STM32CubeIDE_1.18.0/STM32CubeIDE/plugins/com.st.stm32cube.ide.mcu.externaltools.gnu-tools-for-stm32.13.3.rel1.win32_1.0.0.202411081344/tools/bin/../lib/gcc/arm-none-eabi/13.3.1/../../../../arm-none-eabi/lib/thumb/v7e-m+fp/hard\libm.a(libm_a-kf_rem_pio2.o)
 .rodata.init_jk
                0x0800fd98        0xc C:/ST/STM32CubeIDE_1.18.0/STM32CubeIDE/plugins/com.st.stm32cube.ide.mcu.externaltools.gnu-tools-for-stm32.13.3.rel1.win32_1.0.0.202411081344/tools/bin/../lib/gcc/arm-none-eabi/13.3.1/../../../../arm-none-eabi/lib/thumb/v7e-m+fp/hard\libm.a(libm_a-kf_rem_pio2.o)
                0x0800fda4                        . = ALIGN (0x4)

.ARM.extab      0x0800fda4        0x0
                0x0800fda4                        . = ALIGN (0x4)
 *(.ARM.extab* .gnu.linkonce.armextab.*)
                0x0800fda4                        . = ALIGN (0x4)

.ARM            0x0800fda4        0x8
                0x0800fda4                        . = ALIGN (0x4)
                0x0800fda4                        __exidx_start = .
 *(.ARM.exidx*)
 .ARM.exidx     0x0800fda4        0x8 C:/ST/STM32CubeIDE_1.18.0/STM32CubeIDE/plugins/com.st.stm32cube.ide.mcu.externaltools.gnu-tools-for-stm32.13.3.rel1.win32_1.0.0.202411081344/tools/bin/../lib/gcc/arm-none-eabi/13.3.1/../../../../arm-none-eabi/lib/thumb/v7e-m+fp/hard\libc_nano.a(libc_a-strlen.o)
 .ARM.exidx     0x0800fdac        0x0 C:/ST/STM32CubeIDE_1.18.0/STM32CubeIDE/plugins/com.st.stm32cube.ide.mcu.externaltools.gnu-tools-for-stm32.13.3.rel1.win32_1.0.0.202411081344/tools/bin/../lib/gcc/arm-none-eabi/13.3.1/../../../../arm-none-eabi/lib/thumb/v7e-m+fp/hard\libc_nano.a(libc_a-memchr.o)
                                  0x8 (size before relaxing)
 .ARM.exidx     0x0800fdac        0x0 C:/ST/STM32CubeIDE_1.18.0/STM32CubeIDE/plugins/com.st.stm32cube.ide.mcu.externaltools.gnu-tools-for-stm32.13.3.rel1.win32_1.0.0.202411081344/tools/bin/../lib/gcc/arm-none-eabi/13.3.1/thumb/v7e-m+fp/hard\libgcc.a(_udivmoddi4.o)
                                  0x8 (size before relaxing)
                0x0800fdac                        __exidx_end = .
                0x0800fdac                        . = ALIGN (0x4)

.preinit_array  0x0800fdac        0x0
                0x0800fdac                        . = ALIGN (0x4)
                0x0800fdac                        PROVIDE (__preinit_array_start = .)
 *(.preinit_array*)
                0x0800fdac                        PROVIDE (__preinit_array_end = .)
                0x0800fdac                        . = ALIGN (0x4)

.init_array     0x0800fdac        0x4
                0x0800fdac                        . = ALIGN (0x4)
                0x0800fdac                        PROVIDE (__init_array_start = .)
 *(SORT_BY_NAME(.init_array.*))
 *(.init_array*)
 .init_array    0x0800fdac        0x4 C:/ST/STM32CubeIDE_1.18.0/STM32CubeIDE/plugins/com.st.stm32cube.ide.mcu.externaltools.gnu-tools-for-stm32.13.3.rel1.win32_1.0.0.202411081344/tools/bin/../lib/gcc/arm-none-eabi/13.3.1/thumb/v7e-m+fp/hard/crtbegin.o
                0x0800fdb0                        PROVIDE (__init_array_end = .)
                0x0800fdb0                        . = ALIGN (0x4)

.fini_array     0x0800fdb0        0x4
                0x0800fdb0                        . = ALIGN (0x4)
                [!provide]                        PROVIDE (__fini_array_start = .)
 *(SORT_BY_NAME(.fini_array.*))
 *(.fini_array*)
 .fini_array    0x0800fdb0        0x4 C:/ST/STM32CubeIDE_1.18.0/STM32CubeIDE/plugins/com.st.stm32cube.ide.mcu.externaltools.gnu-tools-for-stm32.13.3.rel1.win32_1.0.0.202411081344/tools/bin/../lib/gcc/arm-none-eabi/13.3.1/thumb/v7e-m+fp/hard/crtbegin.o
                [!provide]                        PROVIDE (__fini_array_end = .)
                0x0800fdb4                        . = ALIGN (0x4)
                0x0800fdb4                        _sidata = LOADADDR (.data)

.rel.dyn        0x0800fdb4        0x0
 .rel.iplt      0x0800fdb4        0x0 C:/ST/STM32CubeIDE_1.18.0/STM32CubeIDE/plugins/com.st.stm32cube.ide.mcu.externaltools.gnu-tools-for-stm32.13.3.rel1.win32_1.0.0.202411081344/tools/bin/../lib/gcc/arm-none-eabi/13.3.1/thumb/v7e-m+fp/hard/crtbegin.o

.data           0x20000000      0xe54 load address 0x0800fdb4
                0x20000000                        . = ALIGN (0x4)
                0x20000000                        _sdata = .
 *(.data)
 *(.data*)
 .data.gs_mpu6500_dmp_code
                0x20000000      0xbf6 ./Core/Src/driver_mpu6500.o
 *fill*         0x20000bf6        0x2 
 .data.gs_st_tb
                0x20000bf8      0x200 ./Core/Src/driver_mpu6500.o
 .data.SystemCoreClock
                0x20000df8        0x4 ./Core/Src/system_stm32f4xx.o
                0x20000df8                SystemCoreClock
 .data.uwTickPrio
                0x20000dfc        0x4 ./Drivers/STM32F4xx_HAL_Driver/Src/stm32f4xx_hal.o
                0x20000dfc                uwTickPrio
 .data.uwTickFreq
                0x20000e00        0x1 ./Drivers/STM32F4xx_HAL_Driver/Src/stm32f4xx_hal.o
                0x20000e00                uwTickFreq
 *fill*         0x20000e01        0x3 
 .data._impure_ptr
                0x20000e04        0x4 C:/ST/STM32CubeIDE_1.18.0/STM32CubeIDE/plugins/com.st.stm32cube.ide.mcu.externaltools.gnu-tools-for-stm32.13.3.rel1.win32_1.0.0.202411081344/tools/bin/../lib/gcc/arm-none-eabi/13.3.1/../../../../arm-none-eabi/lib/thumb/v7e-m+fp/hard\libc_nano.a(libc_a-impure.o)
                0x20000e04                _impure_ptr
 .data._impure_data
                0x20000e08       0x4c C:/ST/STM32CubeIDE_1.18.0/STM32CubeIDE/plugins/com.st.stm32cube.ide.mcu.externaltools.gnu-tools-for-stm32.13.3.rel1.win32_1.0.0.202411081344/tools/bin/../lib/gcc/arm-none-eabi/13.3.1/../../../../arm-none-eabi/lib/thumb/v7e-m+fp/hard\libc_nano.a(libc_a-impure.o)
                0x20000e08                _impure_data
 *(.RamFunc)
 *(.RamFunc*)
                0x20000e54                        . = ALIGN (0x4)
                0x20000e54                        _edata = .

.igot.plt       0x20000e54        0x0 load address 0x08010c08
 .igot.plt      0x20000e54        0x0 C:/ST/STM32CubeIDE_1.18.0/STM32CubeIDE/plugins/com.st.stm32cube.ide.mcu.externaltools.gnu-tools-for-stm32.13.3.rel1.win32_1.0.0.202411081344/tools/bin/../lib/gcc/arm-none-eabi/13.3.1/thumb/v7e-m+fp/hard/crtbegin.o
                0x20000e54                        . = ALIGN (0x4)

.bss            0x20000e54      0xae4 load address 0x08010c08
                0x20000e54                        _sbss = .
                0x20000e54                        __bss_start__ = _sbss
 *(.bss)
 .bss           0x20000e54       0x1c C:/ST/STM32CubeIDE_1.18.0/STM32CubeIDE/plugins/com.st.stm32cube.ide.mcu.externaltools.gnu-tools-for-stm32.13.3.rel1.win32_1.0.0.202411081344/tools/bin/../lib/gcc/arm-none-eabi/13.3.1/thumb/v7e-m+fp/hard/crtbegin.o
 *(.bss*)
 .bss.gs_handle
                0x20000e70      0x440 ./Core/Src/driver_mpu6500_dmp.o
 .bss.hspi1     0x200012b0       0x58 ./Core/Src/main.o
                0x200012b0                hspi1
 .bss.huart1    0x20001308       0x48 ./Core/Src/main.o
                0x20001308                huart1
 .bss.gs_handle
                0x20001350      0x440 ./Core/Src/main.o
 .bss.accel_g   0x20001790        0xc ./Core/Src/main.o
                0x20001790                accel_g
 .bss.gyro_dps  0x2000179c        0xc ./Core/Src/main.o
                0x2000179c                gyro_dps
 .bss.quat      0x200017a8       0x10 ./Core/Src/main.o
                0x200017a8                quat
 .bss.pitch     0x200017b8        0x4 ./Core/Src/main.o
                0x200017b8                pitch
 .bss.roll      0x200017bc        0x4 ./Core/Src/main.o
                0x200017bc                roll
 .bss.yaw       0x200017c0        0x4 ./Core/Src/main.o
                0x200017c0                yaw
 .bss.step_count
                0x200017c4        0x4 ./Core/Src/main.o
                0x200017c4                step_count
 .bss.position  0x200017c8        0xc ./Core/Src/main.o
                0x200017c8                position
 .bss.velocity  0x200017d4        0xc ./Core/Src/main.o
                0x200017d4                velocity
 .bss.last_time.1
                0x200017e0        0x4 ./Core/Src/main.o
 .bss.last_send_time.0
                0x200017e4        0x4 ./Core/Src/main.o
 .bss.__sbrk_heap_end
                0x200017e8        0x4 ./Core/Src/sysmem.o
 .bss.uwTick    0x200017ec        0x4 ./Drivers/STM32F4xx_HAL_Driver/Src/stm32f4xx_hal.o
                0x200017ec                uwTick
 .bss.__sf      0x200017f0      0x138 C:/ST/STM32CubeIDE_1.18.0/STM32CubeIDE/plugins/com.st.stm32cube.ide.mcu.externaltools.gnu-tools-for-stm32.13.3.rel1.win32_1.0.0.202411081344/tools/bin/../lib/gcc/arm-none-eabi/13.3.1/../../../../arm-none-eabi/lib/thumb/v7e-m+fp/hard\libc_nano.a(libc_a-findfp.o)
                0x200017f0                __sf
 .bss.errno     0x20001928        0x4 C:/ST/STM32CubeIDE_1.18.0/STM32CubeIDE/plugins/com.st.stm32cube.ide.mcu.externaltools.gnu-tools-for-stm32.13.3.rel1.win32_1.0.0.202411081344/tools/bin/../lib/gcc/arm-none-eabi/13.3.1/../../../../arm-none-eabi/lib/thumb/v7e-m+fp/hard\libc_nano.a(libc_a-reent.o)
                0x20001928                errno
 .bss.__lock___malloc_recursive_mutex
                0x2000192c        0x1 C:/ST/STM32CubeIDE_1.18.0/STM32CubeIDE/plugins/com.st.stm32cube.ide.mcu.externaltools.gnu-tools-for-stm32.13.3.rel1.win32_1.0.0.202411081344/tools/bin/../lib/gcc/arm-none-eabi/13.3.1/../../../../arm-none-eabi/lib/thumb/v7e-m+fp/hard\libc_nano.a(libc_a-lock.o)
                0x2000192c                __lock___malloc_recursive_mutex
 *fill*         0x2000192d        0x3 
 .bss.__malloc_sbrk_start
                0x20001930        0x4 C:/ST/STM32CubeIDE_1.18.0/STM32CubeIDE/plugins/com.st.stm32cube.ide.mcu.externaltools.gnu-tools-for-stm32.13.3.rel1.win32_1.0.0.202411081344/tools/bin/../lib/gcc/arm-none-eabi/13.3.1/../../../../arm-none-eabi/lib/thumb/v7e-m+fp/hard\libc_nano.a(libc_a-mallocr.o)
                0x20001930                __malloc_sbrk_start
 .bss.__malloc_free_list
                0x20001934        0x4 C:/ST/STM32CubeIDE_1.18.0/STM32CubeIDE/plugins/com.st.stm32cube.ide.mcu.externaltools.gnu-tools-for-stm32.13.3.rel1.win32_1.0.0.202411081344/tools/bin/../lib/gcc/arm-none-eabi/13.3.1/../../../../arm-none-eabi/lib/thumb/v7e-m+fp/hard\libc_nano.a(libc_a-mallocr.o)
                0x20001934                __malloc_free_list
 *(COMMON)
                0x20001938                        . = ALIGN (0x4)
                0x20001938                        _ebss = .
                0x20001938                        __bss_end__ = _ebss

._user_heap_stack
                0x20001938      0x600 load address 0x08010c08
                0x20001938                        . = ALIGN (0x8)
                [!provide]                        PROVIDE (end = .)
                0x20001938                        PROVIDE (_end = .)
                0x20001b38                        . = (. + _Min_Heap_Size)
 *fill*         0x20001938      0x200 
                0x20001f38                        . = (. + _Min_Stack_Size)
 *fill*         0x20001b38      0x400 
                0x20001f38                        . = ALIGN (0x8)

/DISCARD/
 libc.a(*)
 libm.a(*)
 libgcc.a(*)

.ARM.attributes
                0x00000000       0x30
 *(.ARM.attributes)
 .ARM.attributes
                0x00000000       0x22 C:/ST/STM32CubeIDE_1.18.0/STM32CubeIDE/plugins/com.st.stm32cube.ide.mcu.externaltools.gnu-tools-for-stm32.13.3.rel1.win32_1.0.0.202411081344/tools/bin/../lib/gcc/arm-none-eabi/13.3.1/thumb/v7e-m+fp/hard/crti.o
 .ARM.attributes
                0x00000022       0x34 C:/ST/STM32CubeIDE_1.18.0/STM32CubeIDE/plugins/com.st.stm32cube.ide.mcu.externaltools.gnu-tools-for-stm32.13.3.rel1.win32_1.0.0.202411081344/tools/bin/../lib/gcc/arm-none-eabi/13.3.1/thumb/v7e-m+fp/hard/crtbegin.o
 .ARM.attributes
                0x00000056       0x34 ./Core/Src/driver_mpu6500.o
 .ARM.attributes
                0x0000008a       0x34 ./Core/Src/driver_mpu6500_dmp.o
 .ARM.attributes
                0x000000be       0x34 ./Core/Src/driver_mpu6500_interface.o
 .ARM.attributes
                0x000000f2       0x34 ./Core/Src/main.o
 .ARM.attributes
                0x00000126       0x34 ./Core/Src/stm32f4xx_hal_msp.o
 .ARM.attributes
                0x0000015a       0x34 ./Core/Src/stm32f4xx_it.o
 .ARM.attributes
                0x0000018e       0x34 ./Core/Src/sysmem.o
 .ARM.attributes
                0x000001c2       0x34 ./Core/Src/system_stm32f4xx.o
 .ARM.attributes
                0x000001f6       0x21 ./Core/Startup/startup_stm32f401ccux.o
 .ARM.attributes
                0x00000217       0x34 ./Drivers/STM32F4xx_HAL_Driver/Src/stm32f4xx_hal.o
 .ARM.attributes
                0x0000024b       0x34 ./Drivers/STM32F4xx_HAL_Driver/Src/stm32f4xx_hal_cortex.o
 .ARM.attributes
                0x0000027f       0x34 ./Drivers/STM32F4xx_HAL_Driver/Src/stm32f4xx_hal_dma.o
 .ARM.attributes
                0x000002b3       0x34 ./Drivers/STM32F4xx_HAL_Driver/Src/stm32f4xx_hal_gpio.o
 .ARM.attributes
                0x000002e7       0x34 ./Drivers/STM32F4xx_HAL_Driver/Src/stm32f4xx_hal_rcc.o
 .ARM.attributes
                0x0000031b       0x34 ./Drivers/STM32F4xx_HAL_Driver/Src/stm32f4xx_hal_spi.o
 .ARM.attributes
                0x0000034f       0x34 ./Drivers/STM32F4xx_HAL_Driver/Src/stm32f4xx_hal_uart.o
 .ARM.attributes
                0x00000383       0x34 C:/ST/STM32CubeIDE_1.18.0/STM32CubeIDE/plugins/com.st.stm32cube.ide.mcu.externaltools.gnu-tools-for-stm32.13.3.rel1.win32_1.0.0.202411081344/tools/bin/../lib/gcc/arm-none-eabi/13.3.1/../../../../arm-none-eabi/lib/thumb/v7e-m+fp/hard\libc_nano.a(libc_a-findfp.o)
 .ARM.attributes
                0x000003b7       0x34 C:/ST/STM32CubeIDE_1.18.0/STM32CubeIDE/plugins/com.st.stm32cube.ide.mcu.externaltools.gnu-tools-for-stm32.13.3.rel1.win32_1.0.0.202411081344/tools/bin/../lib/gcc/arm-none-eabi/13.3.1/../../../../arm-none-eabi/lib/thumb/v7e-m+fp/hard\libc_nano.a(libc_a-snprintf.o)
 .ARM.attributes
                0x000003eb       0x34 C:/ST/STM32CubeIDE_1.18.0/STM32CubeIDE/plugins/com.st.stm32cube.ide.mcu.externaltools.gnu-tools-for-stm32.13.3.rel1.win32_1.0.0.202411081344/tools/bin/../lib/gcc/arm-none-eabi/13.3.1/../../../../arm-none-eabi/lib/thumb/v7e-m+fp/hard\libc_nano.a(libc_a-vsnprintf.o)
 .ARM.attributes
                0x0000041f       0x34 C:/ST/STM32CubeIDE_1.18.0/STM32CubeIDE/plugins/com.st.stm32cube.ide.mcu.externaltools.gnu-tools-for-stm32.13.3.rel1.win32_1.0.0.202411081344/tools/bin/../lib/gcc/arm-none-eabi/13.3.1/../../../../arm-none-eabi/lib/thumb/v7e-m+fp/hard\libc_nano.a(libc_a-memcmp.o)
 .ARM.attributes
                0x00000453       0x34 C:/ST/STM32CubeIDE_1.18.0/STM32CubeIDE/plugins/com.st.stm32cube.ide.mcu.externaltools.gnu-tools-for-stm32.13.3.rel1.win32_1.0.0.202411081344/tools/bin/../lib/gcc/arm-none-eabi/13.3.1/../../../../arm-none-eabi/lib/thumb/v7e-m+fp/hard\libc_nano.a(libc_a-memset.o)
 .ARM.attributes
                0x00000487       0x34 C:/ST/STM32CubeIDE_1.18.0/STM32CubeIDE/plugins/com.st.stm32cube.ide.mcu.externaltools.gnu-tools-for-stm32.13.3.rel1.win32_1.0.0.202411081344/tools/bin/../lib/gcc/arm-none-eabi/13.3.1/../../../../arm-none-eabi/lib/thumb/v7e-m+fp/hard\libc_nano.a(libc_a-reent.o)
 .ARM.attributes
                0x000004bb       0x34 C:/ST/STM32CubeIDE_1.18.0/STM32CubeIDE/plugins/com.st.stm32cube.ide.mcu.externaltools.gnu-tools-for-stm32.13.3.rel1.win32_1.0.0.202411081344/tools/bin/../lib/gcc/arm-none-eabi/13.3.1/../../../../arm-none-eabi/lib/thumb/v7e-m+fp/hard\libc_nano.a(libc_a-impure.o)
 .ARM.attributes
                0x000004ef       0x34 C:/ST/STM32CubeIDE_1.18.0/STM32CubeIDE/plugins/com.st.stm32cube.ide.mcu.externaltools.gnu-tools-for-stm32.13.3.rel1.win32_1.0.0.202411081344/tools/bin/../lib/gcc/arm-none-eabi/13.3.1/../../../../arm-none-eabi/lib/thumb/v7e-m+fp/hard\libc_nano.a(libc_a-errno.o)
 .ARM.attributes
                0x00000523       0x34 C:/ST/STM32CubeIDE_1.18.0/STM32CubeIDE/plugins/com.st.stm32cube.ide.mcu.externaltools.gnu-tools-for-stm32.13.3.rel1.win32_1.0.0.202411081344/tools/bin/../lib/gcc/arm-none-eabi/13.3.1/../../../../arm-none-eabi/lib/thumb/v7e-m+fp/hard\libc_nano.a(libc_a-init.o)
 .ARM.attributes
                0x00000557       0x34 C:/ST/STM32CubeIDE_1.18.0/STM32CubeIDE/plugins/com.st.stm32cube.ide.mcu.externaltools.gnu-tools-for-stm32.13.3.rel1.win32_1.0.0.202411081344/tools/bin/../lib/gcc/arm-none-eabi/13.3.1/../../../../arm-none-eabi/lib/thumb/v7e-m+fp/hard\libc_nano.a(libc_a-lock.o)
 .ARM.attributes
                0x0000058b       0x17 C:/ST/STM32CubeIDE_1.18.0/STM32CubeIDE/plugins/com.st.stm32cube.ide.mcu.externaltools.gnu-tools-for-stm32.13.3.rel1.win32_1.0.0.202411081344/tools/bin/../lib/gcc/arm-none-eabi/13.3.1/../../../../arm-none-eabi/lib/thumb/v7e-m+fp/hard\libc_nano.a(libc_a-strlen.o)
 .ARM.attributes
                0x000005a2       0x34 C:/ST/STM32CubeIDE_1.18.0/STM32CubeIDE/plugins/com.st.stm32cube.ide.mcu.externaltools.gnu-tools-for-stm32.13.3.rel1.win32_1.0.0.202411081344/tools/bin/../lib/gcc/arm-none-eabi/13.3.1/../../../../arm-none-eabi/lib/thumb/v7e-m+fp/hard\libc_nano.a(libc_a-freer.o)
 .ARM.attributes
                0x000005d6       0x34 C:/ST/STM32CubeIDE_1.18.0/STM32CubeIDE/plugins/com.st.stm32cube.ide.mcu.externaltools.gnu-tools-for-stm32.13.3.rel1.win32_1.0.0.202411081344/tools/bin/../lib/gcc/arm-none-eabi/13.3.1/../../../../arm-none-eabi/lib/thumb/v7e-m+fp/hard\libc_nano.a(libc_a-mallocr.o)
 .ARM.attributes
                0x0000060a       0x34 C:/ST/STM32CubeIDE_1.18.0/STM32CubeIDE/plugins/com.st.stm32cube.ide.mcu.externaltools.gnu-tools-for-stm32.13.3.rel1.win32_1.0.0.202411081344/tools/bin/../lib/gcc/arm-none-eabi/13.3.1/../../../../arm-none-eabi/lib/thumb/v7e-m+fp/hard\libc_nano.a(libc_a-mlock.o)
 .ARM.attributes
                0x0000063e       0x34 C:/ST/STM32CubeIDE_1.18.0/STM32CubeIDE/plugins/com.st.stm32cube.ide.mcu.externaltools.gnu-tools-for-stm32.13.3.rel1.win32_1.0.0.202411081344/tools/bin/../lib/gcc/arm-none-eabi/13.3.1/../../../../arm-none-eabi/lib/thumb/v7e-m+fp/hard\libc_nano.a(libc_a-nano-svfprintf.o)
 .ARM.attributes
                0x00000672       0x34 C:/ST/STM32CubeIDE_1.18.0/STM32CubeIDE/plugins/com.st.stm32cube.ide.mcu.externaltools.gnu-tools-for-stm32.13.3.rel1.win32_1.0.0.202411081344/tools/bin/../lib/gcc/arm-none-eabi/13.3.1/../../../../arm-none-eabi/lib/thumb/v7e-m+fp/hard\libc_nano.a(libc_a-nano-vfprintf_i.o)
 .ARM.attributes
                0x000006a6       0x34 C:/ST/STM32CubeIDE_1.18.0/STM32CubeIDE/plugins/com.st.stm32cube.ide.mcu.externaltools.gnu-tools-for-stm32.13.3.rel1.win32_1.0.0.202411081344/tools/bin/../lib/gcc/arm-none-eabi/13.3.1/../../../../arm-none-eabi/lib/thumb/v7e-m+fp/hard\libc_nano.a(libc_a-memmove.o)
 .ARM.attributes
                0x000006da       0x34 C:/ST/STM32CubeIDE_1.18.0/STM32CubeIDE/plugins/com.st.stm32cube.ide.mcu.externaltools.gnu-tools-for-stm32.13.3.rel1.win32_1.0.0.202411081344/tools/bin/../lib/gcc/arm-none-eabi/13.3.1/../../../../arm-none-eabi/lib/thumb/v7e-m+fp/hard\libc_nano.a(libc_a-sbrkr.o)
 .ARM.attributes
                0x0000070e       0x1c C:/ST/STM32CubeIDE_1.18.0/STM32CubeIDE/plugins/com.st.stm32cube.ide.mcu.externaltools.gnu-tools-for-stm32.13.3.rel1.win32_1.0.0.202411081344/tools/bin/../lib/gcc/arm-none-eabi/13.3.1/../../../../arm-none-eabi/lib/thumb/v7e-m+fp/hard\libc_nano.a(libc_a-memchr.o)
 .ARM.attributes
                0x0000072a       0x34 C:/ST/STM32CubeIDE_1.18.0/STM32CubeIDE/plugins/com.st.stm32cube.ide.mcu.externaltools.gnu-tools-for-stm32.13.3.rel1.win32_1.0.0.202411081344/tools/bin/../lib/gcc/arm-none-eabi/13.3.1/../../../../arm-none-eabi/lib/thumb/v7e-m+fp/hard\libc_nano.a(libc_a-memcpy-stub.o)
 .ARM.attributes
                0x0000075e       0x34 C:/ST/STM32CubeIDE_1.18.0/STM32CubeIDE/plugins/com.st.stm32cube.ide.mcu.externaltools.gnu-tools-for-stm32.13.3.rel1.win32_1.0.0.202411081344/tools/bin/../lib/gcc/arm-none-eabi/13.3.1/../../../../arm-none-eabi/lib/thumb/v7e-m+fp/hard\libc_nano.a(libc_a-reallocr.o)
 .ARM.attributes
                0x00000792       0x34 C:/ST/STM32CubeIDE_1.18.0/STM32CubeIDE/plugins/com.st.stm32cube.ide.mcu.externaltools.gnu-tools-for-stm32.13.3.rel1.win32_1.0.0.202411081344/tools/bin/../lib/gcc/arm-none-eabi/13.3.1/../../../../arm-none-eabi/lib/thumb/v7e-m+fp/hard\libc_nano.a(libc_a-msizer.o)
 .ARM.attributes
                0x000007c6       0x34 C:/ST/STM32CubeIDE_1.18.0/STM32CubeIDE/plugins/com.st.stm32cube.ide.mcu.externaltools.gnu-tools-for-stm32.13.3.rel1.win32_1.0.0.202411081344/tools/bin/../lib/gcc/arm-none-eabi/13.3.1/../../../../arm-none-eabi/lib/thumb/v7e-m+fp/hard\libm.a(libm_a-wf_asin.o)
 .ARM.attributes
                0x000007fa       0x34 C:/ST/STM32CubeIDE_1.18.0/STM32CubeIDE/plugins/com.st.stm32cube.ide.mcu.externaltools.gnu-tools-for-stm32.13.3.rel1.win32_1.0.0.202411081344/tools/bin/../lib/gcc/arm-none-eabi/13.3.1/../../../../arm-none-eabi/lib/thumb/v7e-m+fp/hard\libm.a(libm_a-wf_atan2.o)
 .ARM.attributes
                0x0000082e       0x34 C:/ST/STM32CubeIDE_1.18.0/STM32CubeIDE/plugins/com.st.stm32cube.ide.mcu.externaltools.gnu-tools-for-stm32.13.3.rel1.win32_1.0.0.202411081344/tools/bin/../lib/gcc/arm-none-eabi/13.3.1/../../../../arm-none-eabi/lib/thumb/v7e-m+fp/hard\libm.a(libm_a-sf_fabs.o)
 .ARM.attributes
                0x00000862       0x34 C:/ST/STM32CubeIDE_1.18.0/STM32CubeIDE/plugins/com.st.stm32cube.ide.mcu.externaltools.gnu-tools-for-stm32.13.3.rel1.win32_1.0.0.202411081344/tools/bin/../lib/gcc/arm-none-eabi/13.3.1/../../../../arm-none-eabi/lib/thumb/v7e-m+fp/hard\libm.a(libm_a-sf_sin.o)
 .ARM.attributes
                0x00000896       0x34 C:/ST/STM32CubeIDE_1.18.0/STM32CubeIDE/plugins/com.st.stm32cube.ide.mcu.externaltools.gnu-tools-for-stm32.13.3.rel1.win32_1.0.0.202411081344/tools/bin/../lib/gcc/arm-none-eabi/13.3.1/../../../../arm-none-eabi/lib/thumb/v7e-m+fp/hard\libm.a(libm_a-sf_nan.o)
 .ARM.attributes
                0x000008ca       0x34 C:/ST/STM32CubeIDE_1.18.0/STM32CubeIDE/plugins/com.st.stm32cube.ide.mcu.externaltools.gnu-tools-for-stm32.13.3.rel1.win32_1.0.0.202411081344/tools/bin/../lib/gcc/arm-none-eabi/13.3.1/../../../../arm-none-eabi/lib/thumb/v7e-m+fp/hard\libm.a(libm_a-kf_cos.o)
 .ARM.attributes
                0x000008fe       0x34 C:/ST/STM32CubeIDE_1.18.0/STM32CubeIDE/plugins/com.st.stm32cube.ide.mcu.externaltools.gnu-tools-for-stm32.13.3.rel1.win32_1.0.0.202411081344/tools/bin/../lib/gcc/arm-none-eabi/13.3.1/../../../../arm-none-eabi/lib/thumb/v7e-m+fp/hard\libm.a(libm_a-kf_sin.o)
 .ARM.attributes
                0x00000932       0x34 C:/ST/STM32CubeIDE_1.18.0/STM32CubeIDE/plugins/com.st.stm32cube.ide.mcu.externaltools.gnu-tools-for-stm32.13.3.rel1.win32_1.0.0.202411081344/tools/bin/../lib/gcc/arm-none-eabi/13.3.1/../../../../arm-none-eabi/lib/thumb/v7e-m+fp/hard\libm.a(libm_a-ef_asin.o)
 .ARM.attributes
                0x00000966       0x34 C:/ST/STM32CubeIDE_1.18.0/STM32CubeIDE/plugins/com.st.stm32cube.ide.mcu.externaltools.gnu-tools-for-stm32.13.3.rel1.win32_1.0.0.202411081344/tools/bin/../lib/gcc/arm-none-eabi/13.3.1/../../../../arm-none-eabi/lib/thumb/v7e-m+fp/hard\libm.a(libm_a-ef_atan2.o)
 .ARM.attributes
                0x0000099a       0x34 C:/ST/STM32CubeIDE_1.18.0/STM32CubeIDE/plugins/com.st.stm32cube.ide.mcu.externaltools.gnu-tools-for-stm32.13.3.rel1.win32_1.0.0.202411081344/tools/bin/../lib/gcc/arm-none-eabi/13.3.1/../../../../arm-none-eabi/lib/thumb/v7e-m+fp/hard\libm.a(libm_a-ef_rem_pio2.o)
 .ARM.attributes
                0x000009ce       0x34 C:/ST/STM32CubeIDE_1.18.0/STM32CubeIDE/plugins/com.st.stm32cube.ide.mcu.externaltools.gnu-tools-for-stm32.13.3.rel1.win32_1.0.0.202411081344/tools/bin/../lib/gcc/arm-none-eabi/13.3.1/../../../../arm-none-eabi/lib/thumb/v7e-m+fp/hard\libm.a(libm_a-sf_atan.o)
 .ARM.attributes
                0x00000a02       0x34 C:/ST/STM32CubeIDE_1.18.0/STM32CubeIDE/plugins/com.st.stm32cube.ide.mcu.externaltools.gnu-tools-for-stm32.13.3.rel1.win32_1.0.0.202411081344/tools/bin/../lib/gcc/arm-none-eabi/13.3.1/../../../../arm-none-eabi/lib/thumb/v7e-m+fp/hard\libm.a(libm_a-ef_sqrt.o)
 .ARM.attributes
                0x00000a36       0x34 C:/ST/STM32CubeIDE_1.18.0/STM32CubeIDE/plugins/com.st.stm32cube.ide.mcu.externaltools.gnu-tools-for-stm32.13.3.rel1.win32_1.0.0.202411081344/tools/bin/../lib/gcc/arm-none-eabi/13.3.1/../../../../arm-none-eabi/lib/thumb/v7e-m+fp/hard\libm.a(libm_a-kf_rem_pio2.o)
 .ARM.attributes
                0x00000a6a       0x34 C:/ST/STM32CubeIDE_1.18.0/STM32CubeIDE/plugins/com.st.stm32cube.ide.mcu.externaltools.gnu-tools-for-stm32.13.3.rel1.win32_1.0.0.202411081344/tools/bin/../lib/gcc/arm-none-eabi/13.3.1/../../../../arm-none-eabi/lib/thumb/v7e-m+fp/hard\libm.a(libm_a-sf_scalbn.o)
 .ARM.attributes
                0x00000a9e       0x34 C:/ST/STM32CubeIDE_1.18.0/STM32CubeIDE/plugins/com.st.stm32cube.ide.mcu.externaltools.gnu-tools-for-stm32.13.3.rel1.win32_1.0.0.202411081344/tools/bin/../lib/gcc/arm-none-eabi/13.3.1/../../../../arm-none-eabi/lib/thumb/v7e-m+fp/hard\libm.a(libm_a-sf_floor.o)
 .ARM.attributes
                0x00000ad2       0x22 C:/ST/STM32CubeIDE_1.18.0/STM32CubeIDE/plugins/com.st.stm32cube.ide.mcu.externaltools.gnu-tools-for-stm32.13.3.rel1.win32_1.0.0.202411081344/tools/bin/../lib/gcc/arm-none-eabi/13.3.1/thumb/v7e-m+fp/hard\libgcc.a(_arm_addsubdf3.o)
 .ARM.attributes
                0x00000af4       0x22 C:/ST/STM32CubeIDE_1.18.0/STM32CubeIDE/plugins/com.st.stm32cube.ide.mcu.externaltools.gnu-tools-for-stm32.13.3.rel1.win32_1.0.0.202411081344/tools/bin/../lib/gcc/arm-none-eabi/13.3.1/thumb/v7e-m+fp/hard\libgcc.a(_aeabi_ldivmod.o)
 .ARM.attributes
                0x00000b16       0x22 C:/ST/STM32CubeIDE_1.18.0/STM32CubeIDE/plugins/com.st.stm32cube.ide.mcu.externaltools.gnu-tools-for-stm32.13.3.rel1.win32_1.0.0.202411081344/tools/bin/../lib/gcc/arm-none-eabi/13.3.1/thumb/v7e-m+fp/hard\libgcc.a(_aeabi_uldivmod.o)
 .ARM.attributes
                0x00000b38       0x34 C:/ST/STM32CubeIDE_1.18.0/STM32CubeIDE/plugins/com.st.stm32cube.ide.mcu.externaltools.gnu-tools-for-stm32.13.3.rel1.win32_1.0.0.202411081344/tools/bin/../lib/gcc/arm-none-eabi/13.3.1/thumb/v7e-m+fp/hard\libgcc.a(_udivmoddi4.o)
 .ARM.attributes
                0x00000b6c       0x22 C:/ST/STM32CubeIDE_1.18.0/STM32CubeIDE/plugins/com.st.stm32cube.ide.mcu.externaltools.gnu-tools-for-stm32.13.3.rel1.win32_1.0.0.202411081344/tools/bin/../lib/gcc/arm-none-eabi/13.3.1/thumb/v7e-m+fp/hard\libgcc.a(_dvmd_tls.o)
 .ARM.attributes
                0x00000b8e       0x22 C:/ST/STM32CubeIDE_1.18.0/STM32CubeIDE/plugins/com.st.stm32cube.ide.mcu.externaltools.gnu-tools-for-stm32.13.3.rel1.win32_1.0.0.202411081344/tools/bin/../lib/gcc/arm-none-eabi/13.3.1/thumb/v7e-m+fp/hard/crtn.o
OUTPUT(Navigationa_PJ.elf elf32-littlearm)
LOAD linker stubs
LOAD C:/ST/STM32CubeIDE_1.18.0/STM32CubeIDE/plugins/com.st.stm32cube.ide.mcu.externaltools.gnu-tools-for-stm32.13.3.rel1.win32_1.0.0.202411081344/tools/bin/../lib/gcc/arm-none-eabi/13.3.1/../../../../arm-none-eabi/lib/thumb/v7e-m+fp/hard\libc.a
LOAD C:/ST/STM32CubeIDE_1.18.0/STM32CubeIDE/plugins/com.st.stm32cube.ide.mcu.externaltools.gnu-tools-for-stm32.13.3.rel1.win32_1.0.0.202411081344/tools/bin/../lib/gcc/arm-none-eabi/13.3.1/../../../../arm-none-eabi/lib/thumb/v7e-m+fp/hard\libm.a
LOAD C:/ST/STM32CubeIDE_1.18.0/STM32CubeIDE/plugins/com.st.stm32cube.ide.mcu.externaltools.gnu-tools-for-stm32.13.3.rel1.win32_1.0.0.202411081344/tools/bin/../lib/gcc/arm-none-eabi/13.3.1/thumb/v7e-m+fp/hard\libgcc.a

.debug_info     0x00000000    0x12129
 .debug_info    0x00000000     0x5a4b ./Core/Src/driver_mpu6500.o
 .debug_info    0x00005a4b     0x10fd ./Core/Src/driver_mpu6500_dmp.o
 .debug_info    0x00006b48      0xe76 ./Core/Src/driver_mpu6500_interface.o
 .debug_info    0x000079be     0x16d3 ./Core/Src/main.o
 .debug_info    0x00009091      0xde6 ./Core/Src/stm32f4xx_hal_msp.o
 .debug_info    0x00009e77      0x8d5 ./Core/Src/stm32f4xx_it.o
 .debug_info    0x0000a74c      0x168 ./Core/Src/sysmem.o
 .debug_info    0x0000a8b4      0x53e ./Core/Src/system_stm32f4xx.o
 .debug_info    0x0000adf2       0x30 ./Core/Startup/startup_stm32f401ccux.o
 .debug_info    0x0000ae22      0x8bb ./Drivers/STM32F4xx_HAL_Driver/Src/stm32f4xx_hal.o
 .debug_info    0x0000b6dd      0xcf6 ./Drivers/STM32F4xx_HAL_Driver/Src/stm32f4xx_hal_cortex.o
 .debug_info    0x0000c3d3      0x8e6 ./Drivers/STM32F4xx_HAL_Driver/Src/stm32f4xx_hal_dma.o
 .debug_info    0x0000ccb9      0x6f9 ./Drivers/STM32F4xx_HAL_Driver/Src/stm32f4xx_hal_gpio.o
 .debug_info    0x0000d3b2      0x8f1 ./Drivers/STM32F4xx_HAL_Driver/Src/stm32f4xx_hal_rcc.o
 .debug_info    0x0000dca3     0x1530 ./Drivers/STM32F4xx_HAL_Driver/Src/stm32f4xx_hal_spi.o
 .debug_info    0x0000f1d3     0x2f56 ./Drivers/STM32F4xx_HAL_Driver/Src/stm32f4xx_hal_uart.o

.debug_abbrev   0x00000000     0x2161
 .debug_abbrev  0x00000000      0x29b ./Core/Src/driver_mpu6500.o
 .debug_abbrev  0x0000029b      0x247 ./Core/Src/driver_mpu6500_dmp.o
 .debug_abbrev  0x000004e2      0x271 ./Core/Src/driver_mpu6500_interface.o
 .debug_abbrev  0x00000753      0x31e ./Core/Src/main.o
 .debug_abbrev  0x00000a71      0x1cb ./Core/Src/stm32f4xx_hal_msp.o
 .debug_abbrev  0x00000c3c      0x188 ./Core/Src/stm32f4xx_it.o
 .debug_abbrev  0x00000dc4       0xbc ./Core/Src/sysmem.o
 .debug_abbrev  0x00000e80      0x11a ./Core/Src/system_stm32f4xx.o
 .debug_abbrev  0x00000f9a       0x24 ./Core/Startup/startup_stm32f401ccux.o
 .debug_abbrev  0x00000fbe      0x24b ./Drivers/STM32F4xx_HAL_Driver/Src/stm32f4xx_hal.o
 .debug_abbrev  0x00001209      0x31d ./Drivers/STM32F4xx_HAL_Driver/Src/stm32f4xx_hal_cortex.o
 .debug_abbrev  0x00001526      0x221 ./Drivers/STM32F4xx_HAL_Driver/Src/stm32f4xx_hal_dma.o
 .debug_abbrev  0x00001747      0x1d3 ./Drivers/STM32F4xx_HAL_Driver/Src/stm32f4xx_hal_gpio.o
 .debug_abbrev  0x0000191a      0x2b6 ./Drivers/STM32F4xx_HAL_Driver/Src/stm32f4xx_hal_rcc.o
 .debug_abbrev  0x00001bd0      0x276 ./Drivers/STM32F4xx_HAL_Driver/Src/stm32f4xx_hal_spi.o
 .debug_abbrev  0x00001e46      0x31b ./Drivers/STM32F4xx_HAL_Driver/Src/stm32f4xx_hal_uart.o

.debug_aranges  0x00000000     0x1088
 .debug_aranges
                0x00000000      0x6d8 ./Core/Src/driver_mpu6500.o
 .debug_aranges
                0x000006d8       0x40 ./Core/Src/driver_mpu6500_dmp.o
 .debug_aranges
                0x00000718       0x68 ./Core/Src/driver_mpu6500_interface.o
 .debug_aranges
                0x00000780       0x80 ./Core/Src/main.o
 .debug_aranges
                0x00000800       0x40 ./Core/Src/stm32f4xx_hal_msp.o
 .debug_aranges
                0x00000840       0x70 ./Core/Src/stm32f4xx_it.o
 .debug_aranges
                0x000008b0       0x20 ./Core/Src/sysmem.o
 .debug_aranges
                0x000008d0       0x28 ./Core/Src/system_stm32f4xx.o
 .debug_aranges
                0x000008f8       0x28 ./Core/Startup/startup_stm32f401ccux.o
 .debug_aranges
                0x00000920       0xf0 ./Drivers/STM32F4xx_HAL_Driver/Src/stm32f4xx_hal.o
 .debug_aranges
                0x00000a10      0x130 ./Drivers/STM32F4xx_HAL_Driver/Src/stm32f4xx_hal_cortex.o
 .debug_aranges
                0x00000b40       0x90 ./Drivers/STM32F4xx_HAL_Driver/Src/stm32f4xx_hal_dma.o
 .debug_aranges
                0x00000bd0       0x58 ./Drivers/STM32F4xx_HAL_Driver/Src/stm32f4xx_hal_gpio.o
 .debug_aranges
                0x00000c28       0x88 ./Drivers/STM32F4xx_HAL_Driver/Src/stm32f4xx_hal_rcc.o
 .debug_aranges
                0x00000cb0      0x1d0 ./Drivers/STM32F4xx_HAL_Driver/Src/stm32f4xx_hal_spi.o
 .debug_aranges
                0x00000e80      0x208 ./Drivers/STM32F4xx_HAL_Driver/Src/stm32f4xx_hal_uart.o

.debug_rnglists
                0x00000000      0xcf9
 .debug_rnglists
                0x00000000      0x58f ./Core/Src/driver_mpu6500.o
 .debug_rnglists
                0x0000058f       0x2c ./Core/Src/driver_mpu6500_dmp.o
 .debug_rnglists
                0x000005bb       0x4c ./Core/Src/driver_mpu6500_interface.o
 .debug_rnglists
                0x00000607       0x61 ./Core/Src/main.o
 .debug_rnglists
                0x00000668       0x2d ./Core/Src/stm32f4xx_hal_msp.o
 .debug_rnglists
                0x00000695       0x4f ./Core/Src/stm32f4xx_it.o
 .debug_rnglists
                0x000006e4       0x13 ./Core/Src/sysmem.o
 .debug_rnglists
                0x000006f7       0x1a ./Core/Src/system_stm32f4xx.o
 .debug_rnglists
                0x00000711       0x19 ./Core/Startup/startup_stm32f401ccux.o
 .debug_rnglists
                0x0000072a       0xaf ./Drivers/STM32F4xx_HAL_Driver/Src/stm32f4xx_hal.o
 .debug_rnglists
                0x000007d9       0xe0 ./Drivers/STM32F4xx_HAL_Driver/Src/stm32f4xx_hal_cortex.o
 .debug_rnglists
                0x000008b9       0x70 ./Drivers/STM32F4xx_HAL_Driver/Src/stm32f4xx_hal_dma.o
 .debug_rnglists
                0x00000929       0x3f ./Drivers/STM32F4xx_HAL_Driver/Src/stm32f4xx_hal_gpio.o
 .debug_rnglists
                0x00000968       0x66 ./Drivers/STM32F4xx_HAL_Driver/Src/stm32f4xx_hal_rcc.o
 .debug_rnglists
                0x000009ce      0x16f ./Drivers/STM32F4xx_HAL_Driver/Src/stm32f4xx_hal_spi.o
 .debug_rnglists
                0x00000b3d      0x1bc ./Drivers/STM32F4xx_HAL_Driver/Src/stm32f4xx_hal_uart.o

.debug_macro    0x00000000    0x16c1c
 .debug_macro   0x00000000      0x51f ./Core/Src/driver_mpu6500.o
 .debug_macro   0x0000051f      0xad8 ./Core/Src/driver_mpu6500.o
 .debug_macro   0x00000ff7       0x16 ./Core/Src/driver_mpu6500.o
 .debug_macro   0x0000100d       0x22 ./Core/Src/driver_mpu6500.o
 .debug_macro   0x0000102f       0x5b ./Core/Src/driver_mpu6500.o
 .debug_macro   0x0000108a       0x2a ./Core/Src/driver_mpu6500.o
 .debug_macro   0x000010b4       0x94 ./Core/Src/driver_mpu6500.o
 .debug_macro   0x00001148       0x43 ./Core/Src/driver_mpu6500.o
 .debug_macro   0x0000118b       0x34 ./Core/Src/driver_mpu6500.o
 .debug_macro   0x000011bf       0x16 ./Core/Src/driver_mpu6500.o
 .debug_macro   0x000011d5       0x57 ./Core/Src/driver_mpu6500.o
 .debug_macro   0x0000122c       0x9e ./Core/Src/driver_mpu6500.o
 .debug_macro   0x000012ca      0x370 ./Core/Src/driver_mpu6500.o
 .debug_macro   0x0000163a      0x112 ./Core/Src/driver_mpu6500.o
 .debug_macro   0x0000174c       0x10 ./Core/Src/driver_mpu6500.o
 .debug_macro   0x0000175c       0x16 ./Core/Src/driver_mpu6500.o
 .debug_macro   0x00001772       0x4a ./Core/Src/driver_mpu6500.o
 .debug_macro   0x000017bc       0x34 ./Core/Src/driver_mpu6500.o
 .debug_macro   0x000017f0       0x10 ./Core/Src/driver_mpu6500.o
 .debug_macro   0x00001800       0x58 ./Core/Src/driver_mpu6500.o
 .debug_macro   0x00001858       0x8e ./Core/Src/driver_mpu6500.o
 .debug_macro   0x000018e6       0x1c ./Core/Src/driver_mpu6500.o
 .debug_macro   0x00001902      0x185 ./Core/Src/driver_mpu6500.o
 .debug_macro   0x00001a87       0x16 ./Core/Src/driver_mpu6500.o
 .debug_macro   0x00001a9d       0x16 ./Core/Src/driver_mpu6500.o
 .debug_macro   0x00001ab3      0x146 ./Core/Src/driver_mpu6500.o
 .debug_macro   0x00001bf9      0x103 ./Core/Src/driver_mpu6500.o
 .debug_macro   0x00001cfc       0x6a ./Core/Src/driver_mpu6500.o
 .debug_macro   0x00001d66      0x1df ./Core/Src/driver_mpu6500.o
 .debug_macro   0x00001f45       0x16 ./Core/Src/driver_mpu6500.o
 .debug_macro   0x00001f5b       0x3c ./Core/Src/driver_mpu6500.o
 .debug_macro   0x00001f97       0x20 ./Core/Src/driver_mpu6500.o
 .debug_macro   0x00001fb7       0x58 ./Core/Src/driver_mpu6500.o