Archive member included to satisfy reference by file (symbol)

C:/ST/STM32CubeIDE_1.18.0/STM32CubeIDE/plugins/com.st.stm32cube.ide.mcu.externaltools.gnu-tools-for-stm32.13.3.rel1.win32_1.0.0.202411081344/tools/bin/../lib/gcc/arm-none-eabi/13.3.1/../../../../arm-none-eabi/lib/thumb/v7e-m+fp/hard\libc_nano.a(libc_a-div.o)
                              ./Core/Src/driver_mpu9250_register_test.o (div)
C:/ST/STM32CubeIDE_1.18.0/STM32CubeIDE/plugins/com.st.stm32cube.ide.mcu.externaltools.gnu-tools-for-stm32.13.3.rel1.win32_1.0.0.202411081344/tools/bin/../lib/gcc/arm-none-eabi/13.3.1/../../../../arm-none-eabi/lib/thumb/v7e-m+fp/hard\libc_nano.a(libc_a-exit.o)
                              C:/ST/STM32CubeIDE_1.18.0/STM32CubeIDE/plugins/com.st.stm32cube.ide.mcu.externaltools.gnu-tools-for-stm32.13.3.rel1.win32_1.0.0.202411081344/tools/bin/../lib/gcc/arm-none-eabi/13.3.1/../../../../arm-none-eabi/lib/thumb/v7e-m+fp/hard/crt0.o (exit)
C:/ST/STM32CubeIDE_1.18.0/STM32CubeIDE/plugins/com.st.stm32cube.ide.mcu.externaltools.gnu-tools-for-stm32.13.3.rel1.win32_1.0.0.202411081344/tools/bin/../lib/gcc/arm-none-eabi/13.3.1/../../../../arm-none-eabi/lib/thumb/v7e-m+fp/hard\libc_nano.a(libc_a-rand.o)
                              ./Core/Src/driver_mpu9250_register_test.o (rand)
C:/ST/STM32CubeIDE_1.18.0/STM32CubeIDE/plugins/com.st.stm32cube.ide.mcu.externaltools.gnu-tools-for-stm32.13.3.rel1.win32_1.0.0.202411081344/tools/bin/../lib/gcc/arm-none-eabi/13.3.1/../../../../arm-none-eabi/lib/thumb/v7e-m+fp/hard\libc_nano.a(libc_a-findfp.o)
                              C:/ST/STM32CubeIDE_1.18.0/STM32CubeIDE/plugins/com.st.stm32cube.ide.mcu.externaltools.gnu-tools-for-stm32.13.3.rel1.win32_1.0.0.202411081344/tools/bin/../lib/gcc/arm-none-eabi/13.3.1/../../../../arm-none-eabi/lib/thumb/v7e-m+fp/hard\libc_nano.a(libc_a-exit.o) (__stdio_exit_handler)
C:/ST/STM32CubeIDE_1.18.0/STM32CubeIDE/plugins/com.st.stm32cube.ide.mcu.externaltools.gnu-tools-for-stm32.13.3.rel1.win32_1.0.0.202411081344/tools/bin/../lib/gcc/arm-none-eabi/13.3.1/../../../../arm-none-eabi/lib/thumb/v7e-m+fp/hard\libc_nano.a(libc_a-fwalk.o)
                              C:/ST/STM32CubeIDE_1.18.0/STM32CubeIDE/plugins/com.st.stm32cube.ide.mcu.externaltools.gnu-tools-for-stm32.13.3.rel1.win32_1.0.0.202411081344/tools/bin/../lib/gcc/arm-none-eabi/13.3.1/../../../../arm-none-eabi/lib/thumb/v7e-m+fp/hard\libc_nano.a(libc_a-findfp.o) (_fwalk_sglue)
C:/ST/STM32CubeIDE_1.18.0/STM32CubeIDE/plugins/com.st.stm32cube.ide.mcu.externaltools.gnu-tools-for-stm32.13.3.rel1.win32_1.0.0.202411081344/tools/bin/../lib/gcc/arm-none-eabi/13.3.1/../../../../arm-none-eabi/lib/thumb/v7e-m+fp/hard\libc_nano.a(libc_a-stdio.o)
                              C:/ST/STM32CubeIDE_1.18.0/STM32CubeIDE/plugins/com.st.stm32cube.ide.mcu.externaltools.gnu-tools-for-stm32.13.3.rel1.win32_1.0.0.202411081344/tools/bin/../lib/gcc/arm-none-eabi/13.3.1/../../../../arm-none-eabi/lib/thumb/v7e-m+fp/hard\libc_nano.a(libc_a-findfp.o) (__sread)
C:/ST/STM32CubeIDE_1.18.0/STM32CubeIDE/plugins/com.st.stm32cube.ide.mcu.externaltools.gnu-tools-for-stm32.13.3.rel1.win32_1.0.0.202411081344/tools/bin/../lib/gcc/arm-none-eabi/13.3.1/../../../../arm-none-eabi/lib/thumb/v7e-m+fp/hard\libc_nano.a(libc_a-memcmp.o)
                              ./Core/Src/driver_mpu9250.o (memcmp)
C:/ST/STM32CubeIDE_1.18.0/STM32CubeIDE/plugins/com.st.stm32cube.ide.mcu.externaltools.gnu-tools-for-stm32.13.3.rel1.win32_1.0.0.202411081344/tools/bin/../lib/gcc/arm-none-eabi/13.3.1/../../../../arm-none-eabi/lib/thumb/v7e-m+fp/hard\libc_nano.a(libc_a-memset.o)
                              C:/ST/STM32CubeIDE_1.18.0/STM32CubeIDE/plugins/com.st.stm32cube.ide.mcu.externaltools.gnu-tools-for-stm32.13.3.rel1.win32_1.0.0.202411081344/tools/bin/../lib/gcc/arm-none-eabi/13.3.1/../../../../arm-none-eabi/lib/thumb/v7e-m+fp/hard/crt0.o (memset)
C:/ST/STM32CubeIDE_1.18.0/STM32CubeIDE/plugins/com.st.stm32cube.ide.mcu.externaltools.gnu-tools-for-stm32.13.3.rel1.win32_1.0.0.202411081344/tools/bin/../lib/gcc/arm-none-eabi/13.3.1/../../../../arm-none-eabi/lib/thumb/v7e-m+fp/hard\libc_nano.a(libc_a-strncpy.o)
                              ./Core/Src/driver_mpu9250.o (strncpy)
C:/ST/STM32CubeIDE_1.18.0/STM32CubeIDE/plugins/com.st.stm32cube.ide.mcu.externaltools.gnu-tools-for-stm32.13.3.rel1.win32_1.0.0.202411081344/tools/bin/../lib/gcc/arm-none-eabi/13.3.1/../../../../arm-none-eabi/lib/thumb/v7e-m+fp/hard\libc_nano.a(libc_a-closer.o)
                              C:/ST/STM32CubeIDE_1.18.0/STM32CubeIDE/plugins/com.st.stm32cube.ide.mcu.externaltools.gnu-tools-for-stm32.13.3.rel1.win32_1.0.0.202411081344/tools/bin/../lib/gcc/arm-none-eabi/13.3.1/../../../../arm-none-eabi/lib/thumb/v7e-m+fp/hard\libc_nano.a(libc_a-stdio.o) (_close_r)
[...]
Memory Configuration

Name             Origin             Length             Attributes
RAM              0x20000000         0x00010000         xrw
FLASH            0x08000000         0x00040000         xr
*default*        0x00000000         0xffffffff

Linker script and memory map

LOAD C:/ST/STM32CubeIDE_1.18.0/STM32CubeIDE/plugins/com.st.stm32cube.ide.mcu.externaltools.gnu-tools-for-stm32.13.3.rel1.win32_1.0.0.202411081344/tools/bin/../lib/gcc/arm-none-eabi/13.3.1/thumb/v7e-m+fp/hard/crti.o
LOAD C:/ST/STM32CubeIDE_1.18.0/STM32CubeIDE/plugins/com.st.stm32cube.ide.mcu.externaltools.gnu-tools-for-stm32.13.3.rel1.win32_1.0.0.202411081344/tools/bin/../lib/gcc/arm-none-eabi/13.3.1/thumb/v7e-m+fp/hard/crtbegin.o
LOAD C:/ST/STM32CubeIDE_1.18.0/STM32CubeIDE/plugins/com.st.stm32cube.ide.mcu.externaltools.gnu-tools-for-stm32.13.3.rel1.win32_1.0.0.202411081344/tools/bin/../lib/gcc/arm-none-eabi/13.3.1/../../../../arm-none-eabi/lib/thumb/v7e-m+fp/hard/crt0.o
LOAD ./Core/Src/driver_mpu9250.o
LOAD ./Core/Src/driver_mpu9250_basic.o
LOAD ./Core/Src/driver_mpu9250_dmp.o
LOAD ./Core/Src/driver_mpu9250_fifo.o
LOAD ./Core/Src/driver_mpu9250_interface.o
LOAD ./Core/Src/driver_mpu9250_register_test.o
LOAD ./Core/Src/main.o
LOAD ./Core/Src/stm32f4xx_hal_msp.o
LOAD ./Core/Src/stm32f4xx_it.o
LOAD ./Core/Src/syscalls.o
LOAD ./Core/Src/sysmem.o
LOAD ./Core/Src/system_stm32f4xx.o
LOAD ./Core/Startup/startup_stm32f401ccux.o
LOAD ./Drivers/STM32F4xx_HAL_Driver/Src/stm32f4xx_hal.o
LOAD ./Drivers/STM32F4xx_HAL_Driver/Src/stm32f4xx_hal_cortex.o
LOAD ./Drivers/STM32F4xx_HAL_Driver/Src/stm32f4xx_hal_dma.o
LOAD ./Drivers/STM32F4xx_HAL_Driver/Src/stm32f4xx_hal_dma_ex.o
LOAD ./Drivers/STM32F4xx_HAL_Driver/Src/stm32f4xx_hal_exti.o
LOAD ./Drivers/STM32F4xx_HAL_Driver/Src/stm32f4xx_hal_flash.o
LOAD ./Drivers/STM32F4xx_HAL_Driver/Src/stm32f4xx_hal_flash_ex.o
LOAD ./Drivers/STM32F4xx_HAL_Driver/Src/stm32f4xx_hal_flash_ramfunc.o
LOAD ./Drivers/STM32F4xx_HAL_Driver/Src/stm32f4xx_hal_gpio.o
LOAD ./Drivers/STM32F4xx_HAL_Driver/Src/stm32f4xx_hal_pwr.o
LOAD ./Drivers/STM32F4xx_HAL_Driver/Src/stm32f4xx_hal_pwr_ex.o
LOAD ./Drivers/STM32F4xx_HAL_Driver/Src/stm32f4xx_hal_rcc.o
LOAD ./Drivers/STM32F4xx_HAL_Driver/Src/stm32f4xx_hal_rcc_ex.o
LOAD ./Drivers/STM32F4xx_HAL_Driver/Src/stm32f4xx_hal_spi.o
START GROUP
LOAD C:/ST/STM32CubeIDE_1.18.0/STM32CubeIDE/plugins/com.st.stm32cube.ide.mcu.externaltools.gnu-tools-for-stm32.13.3.rel1.win32_1.0.0.202411081344/tools/bin/../lib/gcc/arm-none-eabi/13.3.1/../../../../arm-none-eabi/lib/thumb/v7e-m+fp/hard\libc_nano.a
LOAD C:/ST/STM32CubeIDE_1.18.0/STM32CubeIDE/plugins/com.st.stm32cube.ide.mcu.externaltools.gnu-tools-for-stm32.13.3.rel1.win32_1.0.0.202411081344/tools/bin/../lib/gcc/arm-none-eabi/13.3.1/../../../../arm-none-eabi/lib/thumb/v7e-m+fp/hard\libm.a
END GROUP
START GROUP
LOAD C:/ST/STM32CubeIDE_1.18.0/STM32CubeIDE/plugins/com.st.stm32cube.ide.mcu.externaltools.gnu-tools-for-stm32.13.3.rel1.win32_1.0.0.202411081344/tools/bin/../lib/gcc/arm-none-eabi/13.3.1/thumb/v7e-m+fp/hard\libgcc.a
LOAD C:/ST/STM32CubeIDE_1.18.0/STM32CubeIDE/plugins/com.st.stm32cube.ide.mcu.externaltools.gnu-tools-for-stm32.13.3.rel1.win32_1.0.0.202411081344/tools/bin/../lib/gcc/arm-none-eabi/13.3.1/../../../../arm-none-eabi/lib/thumb/v7e-m+fp/hard\libc_nano.a
END GROUP
START GROUP
LOAD C:/ST/STM32CubeIDE_1.18.0/STM32CubeIDE/plugins/com.st.stm32cube.ide.mcu.externaltools.gnu-tools-for-stm32.13.3.rel1.win32_1.0.0.202411081344/tools/bin/../lib/gcc/arm-none-eabi/13.3.1/thumb/v7e-m+fp/hard\libgcc.a
LOAD C:/ST/STM32CubeIDE_1.18.0/STM32CubeIDE/plugins/com.st.stm32cube.ide.mcu.externaltools.gnu-tools-for-stm32.13.3.rel1.win32_1.0.0.202411081344/tools/bin/../lib/gcc/arm-none-eabi/13.3.1/../../../../arm-none-eabi/lib/thumb/v7e-m+fp/hard\libc_nano.a
LOAD C:/ST/STM32CubeIDE_1.18.0/STM32CubeIDE/plugins/com.st.stm32cube.ide.mcu.externaltools.gnu-tools-for-stm32.13.3.rel1.win32_1.0.0.202411081344/tools/bin/../lib/gcc/arm-none-eabi/13.3.1/../../../../arm-none-eabi/lib/thumb/v7e-m+fp/hard\libnosys.a
END GROUP
START GROUP
LOAD C:/ST/STM32CubeIDE_1.18.0/STM32CubeIDE/plugins/com.st.stm32cube.ide.mcu.externaltools.gnu-tools-for-stm32.13.3.rel1.win32_1.0.0.202411081344/tools/bin/../lib/gcc/arm-none-eabi/13.3.1/thumb/v7e-m+fp/hard\libgcc.a
LOAD C:/ST/STM32CubeIDE_1.18.0/STM32CubeIDE/plugins/com.st.stm32cube.ide.mcu.externaltools.gnu-tools-for-stm32.13.3.rel1.win32_1.0.0.202411081344/tools/bin/../lib/gcc/arm-none-eabi/13.3.1/../../../../arm-none-eabi/lib/thumb/v7e-m+fp/hard\libc_nano.a
LOAD C:/ST/STM32CubeIDE_1.18.0/STM32CubeIDE/plugins/com.st.stm32cube.ide.mcu.externaltools.gnu-tools-for-stm32.13.3.rel1.win32_1.0.0.202411081344/tools/bin/../lib/gcc/arm-none-eabi/13.3.1/../../../../arm-none-eabi/lib/thumb/v7e-m+fp/hard\libnosys.a
END GROUP
LOAD C:/ST/STM32CubeIDE_1.18.0/STM32CubeIDE/plugins/com.st.stm32cube.ide.mcu.externaltools.gnu-tools-for-stm32.13.3.rel1.win32_1.0.0.202411081344/tools/bin/../lib/gcc/arm-none-eabi/13.3.1/thumb/v7e-m+fp/hard/crtend.o
LOAD C:/ST/STM32CubeIDE_1.18.0/STM32CubeIDE/plugins/com.st.stm32cube.ide.mcu.externaltools.gnu-tools-for-stm32.13.3.rel1.win32_1.0.0.202411081344/tools/bin/../lib/gcc/arm-none-eabi/13.3.1/thumb/v7e-m+fp/hard/crtn.o
                0x20010000                        _estack = (ORIGIN (RAM) + LENGTH (RAM))
                0x00000200                        _Min_Heap_Size = 0x200
                0x00000400                        _Min_Stack_Size = 0x400

.isr_vector     0x08000000      0x194
                0x08000000                        . = ALIGN (0x4)
 *(.isr_vector)
 .isr_vector    0x08000000      0x194 ./Core/Startup/startup_stm32f401ccux.o
                0x08000000                g_pfnVectors
                0x08000194                        . = ALIGN (0x4)

.text           0x08000194     0xa0fc
                0x08000194                        . = ALIGN (0x4)
 *(.text)
 .text          0x08000194       0x40 C:/ST/STM32CubeIDE_1.18.0/STM32CubeIDE/plugins/com.st.stm32cube.ide.mcu.externaltools.gnu-tools-for-stm32.13.3.rel1.win32_1.0.0.202411081344/tools/bin/../lib/gcc/arm-none-eabi/13.3.1/thumb/v7e-m+fp/hard/crtbegin.o
 .text          0x080001d4       0xa0 C:/ST/STM32CubeIDE_1.18.0/STM32CubeIDE/plugins/com.st.stm32cube.ide.mcu.externaltools.gnu-tools-for-stm32.13.3.rel1.win32_1.0.0.202411081344/tools/bin/../lib/gcc/arm-none-eabi/13.3.1/thumb/v7e-m+fp/hard\libgcc.a(_aeabi_ldivmod.o)
                0x080001d4                __aeabi_ldivmod
 .text          0x08000274       0x30 C:/ST/STM32CubeIDE_1.18.0/STM32CubeIDE/plugins/com.st.stm32cube.ide.mcu.externaltools.gnu-tools-for-stm32.13.3.rel1.win32_1.0.0.202411081344/tools/bin/../lib/gcc/arm-none-eabi/13.3.1/thumb/v7e-m+fp/hard\libgcc.a(_aeabi_uldivmod.o)
                0x08000274                __aeabi_uldivmod
 .text          0x080002a4      0x2f8 C:/ST/STM32CubeIDE_1.18.0/STM32CubeIDE/plugins/com.st.stm32cube.ide.mcu.externaltools.gnu-tools-for-stm32.13.3.rel1.win32_1.0.0.202411081344/tools/bin/../lib/gcc/arm-none-eabi/13.3.1/thumb/v7e-m+fp/hard\libgcc.a(_udivmoddi4.o)
                0x080002a4                __udivmoddi4
 .text          0x0800059c        0x4 C:/ST/STM32CubeIDE_1.18.0/STM32CubeIDE/plugins/com.st.stm32cube.ide.mcu.externaltools.gnu-tools-for-stm32.13.3.rel1.win32_1.0.0.202411081344/tools/bin/../lib/gcc/arm-none-eabi/13.3.1/thumb/v7e-m+fp/hard\libgcc.a(_dvmd_tls.o)
                0x0800059c                __aeabi_idiv0
                0x0800059c                __aeabi_ldiv0
 *(.text*)
 .text.a_mpu9250_read
                0x080005a0       0x62 ./Core/Src/driver_mpu9250.o
 .text.a_mpu9250_write
                0x08000602       0x62 ./Core/Src/driver_mpu9250.o
 .text.a_mpu9250_write_mem
                0x08000664       0xae ./Core/Src/driver_mpu9250.o
 .text.a_mpu9250_read_mem
                0x08000712       0xae ./Core/Src/driver_mpu9250.o
 .text.a_mpu9250_reset_fifo
                0x080007c0      0x1d4 ./Core/Src/driver_mpu9250.o
 .text.a_mpu9250_inv_row_2_scale
                0x08000994       0x82 ./Core/Src/driver_mpu9250.o
 .text.a_mpu9250_inv_orientation_matrix_to_scalar
                0x08000a16       0x50 ./Core/Src/driver_mpu9250.o
 .text.a_mpu9250_dmp_decode_gesture
                0x08000a66       0x82 ./Core/Src/driver_mpu9250.o
 .text.a_mpu9250_accel_self_test
                0x08000ae8      0x2a8 ./Core/Src/driver_mpu9250.o
 .text.a_mpu9250_gyro_self_test
                0x08000d90      0x27c ./Core/Src/driver_mpu9250.o
 .text.a_mpu9250_get_st_biases
                0x0800100c      0x6ec ./Core/Src/driver_mpu9250.o
 .text.a_mpu9250_deinit
                0x080016f8       0x40 ./Core/Src/driver_mpu9250.o
 .text.mpu9250_dmp_load_firmware
                0x08001738      0x12c ./Core/Src/driver_mpu9250.o
                0x08001738                mpu9250_dmp_load_firmware
 .text.mpu9250_dmp_set_pedometer_walk_time
                0x08001864       0xa0 ./Core/Src/driver_mpu9250.o
                0x08001864                mpu9250_dmp_set_pedometer_walk_time
 .text.mpu9250_dmp_set_pedometer_step_count
                0x08001904       0x90 ./Core/Src/driver_mpu9250.o
                0x08001904                mpu9250_dmp_set_pedometer_step_count
 .text.mpu9250_dmp_get_pedometer_step_count
                0x08001994       0x88 ./Core/Src/driver_mpu9250.o
                0x08001994                mpu9250_dmp_get_pedometer_step_count
 .text.mpu9250_dmp_set_shake_reject_timeout
                0x08001a1c       0x94 ./Core/Src/driver_mpu9250.o
                0x08001a1c                mpu9250_dmp_set_shake_reject_timeout
 .text.mpu9250_dmp_set_shake_reject_time
                0x08001ab0       0x94 ./Core/Src/driver_mpu9250.o
                0x08001ab0                mpu9250_dmp_set_shake_reject_time
 .text.mpu9250_dmp_set_shake_reject_thresh
                0x08001b44       0x9c ./Core/Src/driver_mpu9250.o
                0x08001b44                mpu9250_dmp_set_shake_reject_thresh
 .text.mpu9250_dmp_set_tap_time_multi
                0x08001be0       0x94 ./Core/Src/driver_mpu9250.o
                0x08001be0                mpu9250_dmp_set_tap_time_multi
 .text.mpu9250_dmp_set_tap_time
                0x08001c74       0x94 ./Core/Src/driver_mpu9250.o
                0x08001c74                mpu9250_dmp_set_tap_time
 .text.mpu9250_dmp_set_min_tap_count
                0x08001d08       0x98 ./Core/Src/driver_mpu9250.o
                0x08001d08                mpu9250_dmp_set_min_tap_count
 .text.mpu9250_dmp_set_interrupt_mode
                0x08001da0       0xd0 ./Core/Src/driver_mpu9250.o
                0x08001da0                mpu9250_dmp_set_interrupt_mode
 .text.mpu9250_dmp_set_gyro_bias
                0x08001e70      0x288 ./Core/Src/driver_mpu9250.o
                0x08001e70                mpu9250_dmp_set_gyro_bias
 .text.mpu9250_dmp_set_accel_bias
                0x080020f8      0x2bc ./Core/Src/driver_mpu9250.o
                0x080020f8                mpu9250_dmp_set_accel_bias
 .text.mpu9250_dmp_set_orientation
                0x080023b4      0x218 ./Core/Src/driver_mpu9250.o
                0x080023b4                mpu9250_dmp_set_orientation
 .text.mpu9250_dmp_set_feature
                0x080025cc      0x92c ./Core/Src/driver_mpu9250.o
                0x080025cc                mpu9250_dmp_set_feature
 .text.mpu9250_dmp_set_fifo_rate
                0x08002ef8       0xdc ./Core/Src/driver_mpu9250.o
                0x08002ef8                mpu9250_dmp_set_fifo_rate
 .text.mpu9250_dmp_set_tap_axes
                0x08002fd4       0xe4 ./Core/Src/driver_mpu9250.o
                0x08002fd4                mpu9250_dmp_set_tap_axes
 .text.mpu9250_dmp_set_tap_thresh
                0x080030b8      0x2d4 ./Core/Src/driver_mpu9250.o
                0x080030b8                mpu9250_dmp_set_tap_thresh
 .text.mpu9250_dmp_read
                0x0800338c     0x10ec ./Core/Src/driver_mpu9250.o
                0x0800338c                mpu9250_dmp_read
 .text.mpu9250_dmp_set_tap_callback
                0x08004478       0x4c ./Core/Src/driver_mpu9250.o
                0x08004478                mpu9250_dmp_set_tap_callback
 .text.mpu9250_dmp_set_orient_callback
                0x080044c4       0x4c ./Core/Src/driver_mpu9250.o
                0x080044c4                mpu9250_dmp_set_orient_callback
 .text.mpu9250_dmp_set_enable
                0x08004510       0xb8 ./Core/Src/driver_mpu9250.o
                0x08004510                mpu9250_dmp_set_enable
 .text.mpu9250_dmp_gyro_accel_raw_offset_convert
                0x080045c8      0x448 ./Core/Src/driver_mpu9250.o
                0x080045c8                mpu9250_dmp_gyro_accel_raw_offset_convert
 .text.mpu9250_set_interface
                0x08004a10       0x2c ./Core/Src/driver_mpu9250.o
                0x08004a10                mpu9250_set_interface
 .text.mpu9250_set_addr_pin
                0x08004a3c       0x2a ./Core/Src/driver_mpu9250.o
                0x08004a3c                mpu9250_set_addr_pin
 *fill*         0x08004a66        0x2 
 .text.mpu9250_init
                0x08004a68      0x258 ./Core/Src/driver_mpu9250.o
                0x08004a68                mpu9250_init
 .text.mpu9250_deinit
                0x08004cc0       0x88 ./Core/Src/driver_mpu9250.o
                0x08004cc0                mpu9250_deinit
 .text.mpu9250_irq_handler
                0x08004d48       0xdc ./Core/Src/driver_mpu9250.o
                0x08004d48                mpu9250_irq_handler
 .text.mpu9250_set_fifo
                0x08004e24       0x9c ./Core/Src/driver_mpu9250.o
                0x08004e24                mpu9250_set_fifo
 .text.mpu9250_force_fifo_reset
                0x08004ec0       0x4c ./Core/Src/driver_mpu9250.o
                0x08004ec0                mpu9250_force_fifo_reset
 .text.mpu9250_set_iic_master
                0x08004f0c       0x9c ./Core/Src/driver_mpu9250.o
                0x08004f0c                mpu9250_set_iic_master
 .text.mpu9250_set_disable_iic_slave
                0x08004fa8       0x9c ./Core/Src/driver_mpu9250.o
                0x08004fa8                mpu9250_set_disable_iic_slave
 .text.mpu9250_set_clock_source
                0x08005044       0x94 ./Core/Src/driver_mpu9250.o
                0x08005044                mpu9250_set_clock_source
 .text.mpu9250_set_ptat
                0x080050d8       0xa0 ./Core/Src/driver_mpu9250.o
                0x080050d8                mpu9250_set_ptat
 .text.mpu9250_set_cycle_wake_up
                0x08005178       0x9c ./Core/Src/driver_mpu9250.o
                0x08005178                mpu9250_set_cycle_wake_up
 .text.mpu9250_set_sleep
                0x08005214       0x9c ./Core/Src/driver_mpu9250.o
                0x08005214                mpu9250_set_sleep
 .text.mpu9250_set_gyro_standby
                0x080052b0       0x9c ./Core/Src/driver_mpu9250.o
                0x080052b0                mpu9250_set_gyro_standby
 .text.mpu9250_set_standby_mode
                0x0800534c       0xb4 ./Core/Src/driver_mpu9250.o
                0x0800534c                mpu9250_set_standby_mode
 .text.mpu9250_set_sample_rate_divider
                0x08005400       0x54 ./Core/Src/driver_mpu9250.o
                0x08005400                mpu9250_set_sample_rate_divider
 .text.mpu9250_set_extern_sync
                0x08005454       0x9c ./Core/Src/driver_mpu9250.o
                0x08005454                mpu9250_set_extern_sync
 .text.mpu9250_set_low_pass_filter
                0x080054f0       0x94 ./Core/Src/driver_mpu9250.o
                0x080054f0                mpu9250_set_low_pass_filter
 .text.mpu9250_set_fifo_mode
                0x08005584       0x9c ./Core/Src/driver_mpu9250.o
                0x08005584                mpu9250_set_fifo_mode
 .text.mpu9250_set_gyroscope_test
                0x08005620       0xb4 ./Core/Src/driver_mpu9250.o
                0x08005620                mpu9250_set_gyroscope_test
 .text.mpu9250_set_gyroscope_range
                0x080056d4       0x9c ./Core/Src/driver_mpu9250.o
                0x080056d4                mpu9250_set_gyroscope_range
 .text.mpu9250_set_gyroscope_choice
                0x08005770       0xa8 ./Core/Src/driver_mpu9250.o
                0x08005770                mpu9250_set_gyroscope_choice
 .text.mpu9250_set_accelerometer_test
                0x08005818       0xb4 ./Core/Src/driver_mpu9250.o
                0x08005818                mpu9250_set_accelerometer_test
 .text.mpu9250_set_accelerometer_range
                0x080058cc       0x9c ./Core/Src/driver_mpu9250.o
                0x080058cc                mpu9250_set_accelerometer_range
 .text.mpu9250_set_fifo_1024kb
                0x08005968       0x90 ./Core/Src/driver_mpu9250.o
                0x08005968                mpu9250_set_fifo_1024kb
 .text.mpu9250_set_accelerometer_choice
                0x080059f8       0xb4 ./Core/Src/driver_mpu9250.o
                0x080059f8                mpu9250_set_accelerometer_choice
 .text.mpu9250_set_accelerometer_low_pass_filter
                0x08005aac       0x94 ./Core/Src/driver_mpu9250.o
                0x08005aac                mpu9250_set_accelerometer_low_pass_filter
 .text.mpu9250_set_low_power_accel_output_rate
                0x08005b40       0x94 ./Core/Src/driver_mpu9250.o
                0x08005b40                mpu9250_set_low_power_accel_output_rate
 .text.mpu9250_set_wake_on_motion
                0x08005bd4       0x9c ./Core/Src/driver_mpu9250.o
                0x08005bd4                mpu9250_set_wake_on_motion
 .text.mpu9250_set_accel_compare_with_previous_sample
                0x08005c70       0x9c ./Core/Src/driver_mpu9250.o
                0x08005c70                mpu9250_set_accel_compare_with_previous_sample
 .text.mpu9250_set_fifo_enable
                0x08005d0c       0xb4 ./Core/Src/driver_mpu9250.o
                0x08005d0c                mpu9250_set_fifo_enable
 .text.mpu9250_set_interrupt_level
                0x08005dc0       0x9c ./Core/Src/driver_mpu9250.o
                0x08005dc0                mpu9250_set_interrupt_level
 .text.mpu9250_set_interrupt_pin_type
                0x08005e5c       0x9c ./Core/Src/driver_mpu9250.o
                0x08005e5c                mpu9250_set_interrupt_pin_type
 .text.mpu9250_set_interrupt_latch
                0x08005ef8       0xa0 ./Core/Src/driver_mpu9250.o
                0x08005ef8                mpu9250_set_interrupt_latch
 .text.mpu9250_set_interrupt_read_clear
                0x08005f98       0x9c ./Core/Src/driver_mpu9250.o
                0x08005f98                mpu9250_set_interrupt_read_clear
 .text.mpu9250_set_fsync_interrupt_level
                0x08006034       0x9c ./Core/Src/driver_mpu9250.o
                0x08006034                mpu9250_set_fsync_interrupt_level
 .text.mpu9250_set_fsync_interrupt
                0x080060d0       0x9c ./Core/Src/driver_mpu9250.o
                0x080060d0                mpu9250_set_fsync_interrupt
 .text.mpu9250_set_iic_bypass
                0x0800616c       0x9c ./Core/Src/driver_mpu9250.o
                0x0800616c                mpu9250_set_iic_bypass
 .text.mpu9250_set_interrupt
                0x08006208       0xb4 ./Core/Src/driver_mpu9250.o
                0x08006208                mpu9250_set_interrupt
 .text.mpu9250_set_motion_threshold
                0x080062bc       0x54 ./Core/Src/driver_mpu9250.o
                0x080062bc                mpu9250_set_motion_threshold
 .text.mpu9250_motion_threshold_convert_to_register
                0x08006310       0x50 ./Core/Src/driver_mpu9250.o
                0x08006310                mpu9250_motion_threshold_convert_to_register
 .text.mpu9250_self_test
                0x08006360      0x17c ./Core/Src/driver_mpu9250.o
                0x08006360                mpu9250_self_test
 .text.mpu9250_dmp_irq_handler
                0x080064dc       0x20 ./Core/Src/driver_mpu9250_dmp.o
                0x080064dc                mpu9250_dmp_irq_handler
 .text.mpu9250_dmp_init
                0x080064fc      0xee0 ./Core/Src/driver_mpu9250_dmp.o
                0x080064fc                mpu9250_dmp_init
 .text.mpu9250_dmp_get_pedometer_counter
                0x080073dc       0x28 ./Core/Src/driver_mpu9250_dmp.o
                0x080073dc                mpu9250_dmp_get_pedometer_counter
 .text.mpu9250_dmp_read_all
                0x08007404       0x4c ./Core/Src/driver_mpu9250_dmp.o
                0x08007404                mpu9250_dmp_read_all
 .text.mpu9250_dmp_deinit
                0x08007450       0x20 ./Core/Src/driver_mpu9250_dmp.o
                0x08007450                mpu9250_dmp_deinit
 .text.mpu9250_interface_iic_init
                0x08007470       0x10 ./Core/Src/driver_mpu9250_interface.o
                0x08007470                mpu9250_interface_iic_init
 .text.mpu9250_interface_iic_deinit
                0x08007480       0x10 ./Core/Src/driver_mpu9250_interface.o
                0x08007480                mpu9250_interface_iic_deinit
 .text.mpu9250_interface_iic_read
                0x08007490       0x24 ./Core/Src/driver_mpu9250_interface.o
                0x08007490                mpu9250_interface_iic_read
 .text.mpu9250_interface_iic_write
                0x080074b4       0x24 ./Core/Src/driver_mpu9250_interface.o
                0x080074b4                mpu9250_interface_iic_write
 .text.mpu9250_interface_spi_init
                0x080074d8       0x24 ./Core/Src/driver_mpu9250_interface.o
                0x080074d8                mpu9250_interface_spi_init
 .text.mpu9250_interface_spi_deinit
                0x080074fc       0x20 ./Core/Src/driver_mpu9250_interface.o
                0x080074fc                mpu9250_interface_spi_deinit
 .text.mpu9250_interface_spi_read
                0x0800751c       0xb0 ./Core/Src/driver_mpu9250_interface.o
                0x0800751c                mpu9250_interface_spi_read
 .text.mpu9250_interface_spi_write
                0x080075cc       0xb0 ./Core/Src/driver_mpu9250_interface.o
                0x080075cc                mpu9250_interface_spi_write
 .text.mpu9250_interface_delay_ms
                0x0800767c       0x16 ./Core/Src/driver_mpu9250_interface.o
                0x0800767c                mpu9250_interface_delay_ms
 .text.mpu9250_interface_debug_print
                0x08007692       0x12 ./Core/Src/driver_mpu9250_interface.o
                0x08007692                mpu9250_interface_debug_print
 .text.a_receive_callback
                0x080076a4       0x20 ./Core/Src/main.o
 .text.a_dmp_tap_callback
                0x080076c4       0x30 ./Core/Src/main.o
 .text.a_dmp_orient_callback
                0x080076f4       0x20 ./Core/Src/main.o
 .text.gpio_interrupt_init
                0x08007714       0x10 ./Core/Src/main.o
 .text.gpio_interrupt_deinit
                0x08007724       0x1c ./Core/Src/main.o
 .text.main     0x08007740      0x190 ./Core/Src/main.o
                0x08007740                main
 .text.SystemClock_Config
                0x080078d0       0xd4 ./Core/Src/main.o
                0x080078d0                SystemClock_Config
 .text.MX_SPI1_Init
                0x080079a4       0x6c ./Core/Src/main.o
 .text.MX_GPIO_Init
                0x08007a10       0xb0 ./Core/Src/main.o
 .text.HAL_GPIO_EXTI_Callback
                0x08007ac0       0x2c ./Core/Src/main.o
                0x08007ac0                HAL_GPIO_EXTI_Callback
 .text.Error_Handler
                0x08007aec        0xc ./Core/Src/main.o
                0x08007aec                Error_Handler
 .text.HAL_MspInit
                0x08007af8       0x50 ./Core/Src/stm32f4xx_hal_msp.o
                0x08007af8                HAL_MspInit
 .text.HAL_SPI_MspInit
                0x08007b48       0xa0 ./Core/Src/stm32f4xx_hal_msp.o
                0x08007b48                HAL_SPI_MspInit
 .text.HAL_SPI_MspDeInit
                0x08007be8       0x40 ./Core/Src/stm32f4xx_hal_msp.o
                0x08007be8                HAL_SPI_MspDeInit
 .text.NMI_Handler
                0x08007c28        0x8 ./Core/Src/stm32f4xx_it.o
                0x08007c28                NMI_Handler
 .text.HardFault_Handler
                0x08007c30        0x8 ./Core/Src/stm32f4xx_it.o
                0x08007c30                HardFault_Handler
 .text.MemManage_Handler
                0x08007c38        0x8 ./Core/Src/stm32f4xx_it.o
                0x08007c38                MemManage_Handler
 .text.BusFault_Handler
                0x08007c40        0x8 ./Core/Src/stm32f4xx_it.o
                0x08007c40                BusFault_Handler
 .text.UsageFault_Handler
                0x08007c48        0x8 ./Core/Src/stm32f4xx_it.o
                0x08007c48                UsageFault_Handler
 .text.SVC_Handler
                0x08007c50        0xe ./Core/Src/stm32f4xx_it.o
                0x08007c50                SVC_Handler
 .text.DebugMon_Handler
                0x08007c5e        0xe ./Core/Src/stm32f4xx_it.o
                0x08007c5e                DebugMon_Handler
 .text.PendSV_Handler
                0x08007c6c        0xe ./Core/Src/stm32f4xx_it.o
                0x08007c6c                PendSV_Handler
 .text.SysTick_Handler
                0x08007c7a        0xc ./Core/Src/stm32f4xx_it.o
                0x08007c7a                SysTick_Handler
 .text.EXTI0_IRQHandler
                0x08007c86        0xe ./Core/Src/stm32f4xx_it.o
                0x08007c86                EXTI0_IRQHandler
 .text.SPI1_IRQHandler
                0x08007c94       0x14 ./Core/Src/stm32f4xx_it.o
                0x08007c94                SPI1_IRQHandler
 .text.SystemInit
                0x08007ca8       0x24 ./Core/Src/system_stm32f4xx.o
                0x08007ca8                SystemInit
 .text.Reset_Handler
                0x08007ccc       0x50 ./Core/Startup/startup_stm32f401ccux.o
                0x08007ccc                Reset_Handler
 .text.Default_Handler
                0x08007d1c        0x2 ./Core/Startup/startup_stm32f401ccux.o
                0x08007d1c                RTC_Alarm_IRQHandler
                0x08007d1c                EXTI2_IRQHandler
                0x08007d1c                SPI4_IRQHandler
                0x08007d1c                TIM1_CC_IRQHandler
                0x08007d1c                DMA2_Stream5_IRQHandler
                0x08007d1c                DMA1_Stream5_IRQHandler
                0x08007d1c                PVD_IRQHandler
                0x08007d1c                SDIO_IRQHandler
                0x08007d1c                TAMP_STAMP_IRQHandler
                0x08007d1c                EXTI3_IRQHandler
                0x08007d1c                TIM1_UP_TIM10_IRQHandler
                0x08007d1c                I2C3_ER_IRQHandler
                0x08007d1c                I2C2_EV_IRQHandler
                0x08007d1c                DMA1_Stream2_IRQHandler
                0x08007d1c                FPU_IRQHandler
                0x08007d1c                DMA2_Stream2_IRQHandler
                0x08007d1c                TIM1_BRK_TIM9_IRQHandler
                0x08007d1c                DMA2_Stream3_IRQHandler
                0x08007d1c                USART6_IRQHandler
                0x08007d1c                DMA2_Stream0_IRQHandler
                0x08007d1c                TIM4_IRQHandler
                0x08007d1c                I2C1_EV_IRQHandler
                0x08007d1c                DMA1_Stream6_IRQHandler
                0x08007d1c                DMA1_Stream1_IRQHandler
                0x08007d1c                TIM3_IRQHandler
                0x08007d1c                RCC_IRQHandler
                0x08007d1c                Default_Handler
                0x08007d1c                EXTI15_10_IRQHandler
                0x08007d1c                ADC_IRQHandler
                0x08007d1c                DMA1_Stream7_IRQHandler
                0x08007d1c                TIM5_IRQHandler
                0x08007d1c                DMA2_Stream7_IRQHandler
                0x08007d1c                I2C3_EV_IRQHandler
                0x08007d1c                EXTI9_5_IRQHandler
                0x08007d1c                RTC_WKUP_IRQHandler
                0x08007d1c                SPI2_IRQHandler
                0x08007d1c                DMA1_Stream0_IRQHandler
                0x08007d1c                EXTI4_IRQHandler
                0x08007d1c                WWDG_IRQHandler
                0x08007d1c                TIM2_IRQHandler
                0x08007d1c                OTG_FS_WKUP_IRQHandler
                0x08007d1c                TIM1_TRG_COM_TIM11_IRQHandler
                0x08007d1c                EXTI1_IRQHandler
                0x08007d1c                USART2_IRQHandler
                0x08007d1c                I2C2_ER_IRQHandler
                0x08007d1c                DMA2_Stream1_IRQHandler
                0x08007d1c                FLASH_IRQHandler
                0x08007d1c                DMA2_Stream4_IRQHandler
                0x08007d1c                USART1_IRQHandler
                0x08007d1c                OTG_FS_IRQHandler
                0x08007d1c                SPI3_IRQHandler
                0x08007d1c                DMA1_Stream4_IRQHandler
                0x08007d1c                I2C1_ER_IRQHandler
                0x08007d1c                DMA2_Stream6_IRQHandler
                0x08007d1c                DMA1_Stream3_IRQHandler
 *fill*         0x08007d1e        0x2 
 .text.HAL_Init
                0x08007d20       0x44 ./Drivers/STM32F4xx_HAL_Driver/Src/stm32f4xx_hal.o
                0x08007d20                HAL_Init
 .text.HAL_InitTick
                0x08007d64       0x60 ./Drivers/STM32F4xx_HAL_Driver/Src/stm32f4xx_hal.o
                0x08007d64                HAL_InitTick
 .text.HAL_IncTick
                0x08007dc4       0x28 ./Drivers/STM32F4xx_HAL_Driver/Src/stm32f4xx_hal.o
                0x08007dc4                HAL_IncTick
 .text.HAL_GetTick
                0x08007dec       0x18 ./Drivers/STM32F4xx_HAL_Driver/Src/stm32f4xx_hal.o
                0x08007dec                HAL_GetTick
 .text.HAL_Delay
                0x08007e04       0x48 ./Drivers/STM32F4xx_HAL_Driver/Src/stm32f4xx_hal.o
                0x08007e04                HAL_Delay
 .text.__NVIC_SetPriorityGrouping
                0x08007e4c       0x48 ./Drivers/STM32F4xx_HAL_Driver/Src/stm32f4xx_hal_cortex.o
 .text.__NVIC_GetPriorityGrouping
                0x08007e94       0x1c ./Drivers/STM32F4xx_HAL_Driver/Src/stm32f4xx_hal_cortex.o
 .text.__NVIC_EnableIRQ
                0x08007eb0       0x3c ./Drivers/STM32F4xx_HAL_Driver/Src/stm32f4xx_hal_cortex.o
 .text.__NVIC_DisableIRQ
                0x08007eec       0x48 ./Drivers/STM32F4xx_HAL_Driver/Src/stm32f4xx_hal_cortex.o
 .text.__NVIC_SetPriority
                0x08007f34       0x54 ./Drivers/STM32F4xx_HAL_Driver/Src/stm32f4xx_hal_cortex.o
 .text.NVIC_EncodePriority
                0x08007f88       0x66 ./Drivers/STM32F4xx_HAL_Driver/Src/stm32f4xx_hal_cortex.o
 *fill*         0x08007fee        0x2 
 .text.SysTick_Config
                0x08007ff0       0x44 ./Drivers/STM32F4xx_HAL_Driver/Src/stm32f4xx_hal_cortex.o
 .text.HAL_NVIC_SetPriorityGrouping
                0x08008034       0x16 ./Drivers/STM32F4xx_HAL_Driver/Src/stm32f4xx_hal_cortex.o
                0x08008034                HAL_NVIC_SetPriorityGrouping
 .text.HAL_NVIC_SetPriority
                0x0800804a       0x38 ./Drivers/STM32F4xx_HAL_Driver/Src/stm32f4xx_hal_cortex.o
                0x0800804a                HAL_NVIC_SetPriority
 .text.HAL_NVIC_EnableIRQ
                0x08008082       0x1c ./Drivers/STM32F4xx_HAL_Driver/Src/stm32f4xx_hal_cortex.o
                0x08008082                HAL_NVIC_EnableIRQ
 .text.HAL_NVIC_DisableIRQ
                0x0800809e       0x1c ./Drivers/STM32F4xx_HAL_Driver/Src/stm32f4xx_hal_cortex.o
                0x0800809e                HAL_NVIC_DisableIRQ
 .text.HAL_SYSTICK_Config
                0x080080ba       0x18 ./Drivers/STM32F4xx_HAL_Driver/Src/stm32f4xx_hal_cortex.o
                0x080080ba                HAL_SYSTICK_Config
 .text.HAL_DMA_Abort_IT
                0x080080d2       0x44 ./Drivers/STM32F4xx_HAL_Driver/Src/stm32f4xx_hal_dma.o
                0x080080d2                HAL_DMA_Abort_IT
 *fill*         0x08008116        0x2 
 .text.HAL_GPIO_Init
                0x08008118      0x308 ./Drivers/STM32F4xx_HAL_Driver/Src/stm32f4xx_hal_gpio.o
                0x08008118                HAL_GPIO_Init
 .text.HAL_GPIO_DeInit
                0x08008420      0x1c8 ./Drivers/STM32F4xx_HAL_Driver/Src/stm32f4xx_hal_gpio.o
                0x08008420                HAL_GPIO_DeInit
 .text.HAL_GPIO_WritePin
                0x080085e8       0x32 ./Drivers/STM32F4xx_HAL_Driver/Src/stm32f4xx_hal_gpio.o
                0x080085e8                HAL_GPIO_WritePin
 *fill*         0x0800861a        0x2 
 .text.HAL_GPIO_EXTI_IRQHandler
                0x0800861c       0x30 ./Drivers/STM32F4xx_HAL_Driver/Src/stm32f4xx_hal_gpio.o
                0x0800861c                HAL_GPIO_EXTI_IRQHandler
 .text.HAL_RCC_OscConfig
                0x0800864c      0x4f0 ./Drivers/STM32F4xx_HAL_Driver/Src/stm32f4xx_hal_rcc.o
                0x0800864c                HAL_RCC_OscConfig
 .text.HAL_RCC_ClockConfig
                0x08008b3c      0x1cc ./Drivers/STM32F4xx_HAL_Driver/Src/stm32f4xx_hal_rcc.o
                0x08008b3c                HAL_RCC_ClockConfig
 .text.HAL_RCC_GetSysClockFreq
                0x08008d08      0x18c ./Drivers/STM32F4xx_HAL_Driver/Src/stm32f4xx_hal_rcc.o
                0x08008d08                HAL_RCC_GetSysClockFreq
 .text.HAL_SPI_Init
                0x08008e94      0x112 ./Drivers/STM32F4xx_HAL_Driver/Src/stm32f4xx_hal_spi.o
                0x08008e94                HAL_SPI_Init
 .text.HAL_SPI_DeInit
                0x08008fa6       0x50 ./Drivers/STM32F4xx_HAL_Driver/Src/stm32f4xx_hal_spi.o
                0x08008fa6                HAL_SPI_DeInit
 .text.HAL_SPI_Transmit
                0x08008ff6      0x288 ./Drivers/STM32F4xx_HAL_Driver/Src/stm32f4xx_hal_spi.o
                0x08008ff6                HAL_SPI_Transmit
 .text.HAL_SPI_Receive
                0x0800927e      0x232 ./Drivers/STM32F4xx_HAL_Driver/Src/stm32f4xx_hal_spi.o
                0x0800927e                HAL_SPI_Receive
 .text.HAL_SPI_TransmitReceive
                0x080094b0      0x352 ./Drivers/STM32F4xx_HAL_Driver/Src/stm32f4xx_hal_spi.o
                0x080094b0                HAL_SPI_TransmitReceive
 *fill*         0x08009802        0x2 
 .text.HAL_SPI_IRQHandler
                0x08009804      0x200 ./Drivers/STM32F4xx_HAL_Driver/Src/stm32f4xx_hal_spi.o
                0x08009804                HAL_SPI_IRQHandler
 .text.HAL_SPI_ErrorCallback
                0x08009a04       0x14 ./Drivers/STM32F4xx_HAL_Driver/Src/stm32f4xx_hal_spi.o
                0x08009a04                HAL_SPI_ErrorCallback
 .text.SPI_DMAAbortOnError
                0x08009a18       0x28 ./Drivers/STM32F4xx_HAL_Driver/Src/stm32f4xx_hal_spi.o
 .text.SPI_WaitFlagStateUntilTimeout
                0x08009a40      0x110 ./Drivers/STM32F4xx_HAL_Driver/Src/stm32f4xx_hal_spi.o
 .text.SPI_EndRxTransaction
                0x08009b50       0xca ./Drivers/STM32F4xx_HAL_Driver/Src/stm32f4xx_hal_spi.o
 *fill*         0x08009c1a        0x2 
 .text.SPI_EndRxTxTransaction
                0x08009c1c       0xa8 ./Drivers/STM32F4xx_HAL_Driver/Src/stm32f4xx_hal_spi.o
 .text.memcmp   0x08009cc4       0x20 C:/ST/STM32CubeIDE_1.18.0/STM32CubeIDE/plugins/com.st.stm32cube.ide.mcu.externaltools.gnu-tools-for-stm32.13.3.rel1.win32_1.0.0.202411081344/tools/bin/../lib/gcc/arm-none-eabi/13.3.1/../../../../arm-none-eabi/lib/thumb/v7e-m+fp/hard\libc_nano.a(libc_a-memcmp.o)
                0x08009cc4                memcmp
 .text.memset   0x08009ce4       0x10 C:/ST/STM32CubeIDE_1.18.0/STM32CubeIDE/plugins/com.st.stm32cube.ide.mcu.externaltools.gnu-tools-for-stm32.13.3.rel1.win32_1.0.0.202411081344/tools/bin/../lib/gcc/arm-none-eabi/13.3.1/../../../../arm-none-eabi/lib/thumb/v7e-m+fp/hard\libc_nano.a(libc_a-memset.o)
                0x08009ce4                memset
 .text.__errno  0x08009cf4        0xc C:/ST/STM32CubeIDE_1.18.0/STM32CubeIDE/plugins/com.st.stm32cube.ide.mcu.externaltools.gnu-tools-for-stm32.13.3.rel1.win32_1.0.0.202411081344/tools/bin/../lib/gcc/arm-none-eabi/13.3.1/../../../../arm-none-eabi/lib/thumb/v7e-m+fp/hard\libc_nano.a(libc_a-errno.o)
                0x08009cf4                __errno
 .text.__libc_init_array
                0x08009d00       0x48 C:/ST/STM32CubeIDE_1.18.0/STM32CubeIDE/plugins/com.st.stm32cube.ide.mcu.externaltools.gnu-tools-for-stm32.13.3.rel1.win32_1.0.0.202411081344/tools/bin/../lib/gcc/arm-none-eabi/13.3.1/../../../../arm-none-eabi/lib/thumb/v7e-m+fp/hard\libc_nano.a(libc_a-init.o)
                0x08009d00                __libc_init_array
 .text.asinf    0x08009d48       0x58 C:/ST/STM32CubeIDE_1.18.0/STM32CubeIDE/plugins/com.st.stm32cube.ide.mcu.externaltools.gnu-tools-for-stm32.13.3.rel1.win32_1.0.0.202411081344/tools/bin/../lib/gcc/arm-none-eabi/13.3.1/../../../../arm-none-eabi/lib/thumb/v7e-m+fp/hard\libm.a(libm_a-wf_asin.o)
                0x08009d48                asinf
 .text.atan2f   0x08009da0        0x4 C:/ST/STM32CubeIDE_1.18.0/STM32CubeIDE/plugins/com.st.stm32cube.ide.mcu.externaltools.gnu-tools-for-stm32.13.3.rel1.win32_1.0.0.202411081344/tools/bin/../lib/gcc/arm-none-eabi/13.3.1/../../../../arm-none-eabi/lib/thumb/v7e-m+fp/hard\libm.a(libm_a-wf_atan2.o)
                0x08009da0                atan2f
 .text.fabsf    0x08009da4        0xe C:/ST/STM32CubeIDE_1.18.0/STM32CubeIDE/plugins/com.st.stm32cube.ide.mcu.externaltools.gnu-tools-for-stm32.13.3.rel1.win32_1.0.0.202411081344/tools/bin/../lib/gcc/arm-none-eabi/13.3.1/../../../../arm-none-eabi/lib/thumb/v7e-m+fp/hard\libm.a(libm_a-sf_fabs.o)
                0x08009da4                fabsf
 *fill*         0x08009db2        0x2 
 .text.nanf     0x08009db4        0xc C:/ST/STM32CubeIDE_1.18.0/STM32CubeIDE/plugins/com.st.stm32cube.ide.mcu.externaltools.gnu-tools-for-stm32.13.3.rel1.win32_1.0.0.202411081344/tools/bin/../lib/gcc/arm-none-eabi/13.3.1/../../../../arm-none-eabi/lib/thumb/v7e-m+fp/hard\libm.a(libm_a-sf_nan.o)
                0x08009db4                nanf
 .text.__ieee754_asinf
                0x08009dc0      0x1c8 C:/ST/STM32CubeIDE_1.18.0/STM32CubeIDE/plugins/com.st.stm32cube.ide.mcu.externaltools.gnu-tools-for-stm32.13.3.rel1.win32_1.0.0.202411081344/tools/bin/../lib/gcc/arm-none-eabi/13.3.1/../../../../arm-none-eabi/lib/thumb/v7e-m+fp/hard\libm.a(libm_a-ef_asin.o)
                0x08009dc0                __ieee754_asinf
 .text.__ieee754_atan2f
                0x08009f88      0x140 C:/ST/STM32CubeIDE_1.18.0/STM32CubeIDE/plugins/com.st.stm32cube.ide.mcu.externaltools.gnu-tools-for-stm32.13.3.rel1.win32_1.0.0.202411081344/tools/bin/../lib/gcc/arm-none-eabi/13.3.1/../../../../arm-none-eabi/lib/thumb/v7e-m+fp/hard\libm.a(libm_a-ef_atan2.o)
                0x08009f88                __ieee754_atan2f
 .text.atanf    0x0800a0c8      0x1a8 C:/ST/STM32CubeIDE_1.18.0/STM32CubeIDE/plugins/com.st.stm32cube.ide.mcu.externaltools.gnu-tools-for-stm32.13.3.rel1.win32_1.0.0.202411081344/tools/bin/../lib/gcc/arm-none-eabi/13.3.1/../../../../arm-none-eabi/lib/thumb/v7e-m+fp/hard\libm.a(libm_a-sf_atan.o)
                0x0800a0c8                atanf
 .text.__ieee754_sqrtf
                0x0800a270        0x6 C:/ST/STM32CubeIDE_1.18.0/STM32CubeIDE/plugins/com.st.stm32cube.ide.mcu.externaltools.gnu-tools-for-stm32.13.3.rel1.win32_1.0.0.202411081344/tools/bin/../lib/gcc/arm-none-eabi/13.3.1/../../../../arm-none-eabi/lib/thumb/v7e-m+fp/hard\libm.a(libm_a-ef_sqrt.o)
                0x0800a270                __ieee754_sqrtf
 *(.glue_7)
 .glue_7        0x0800a276        0x0 linker stubs
 *(.glue_7t)
 .glue_7t       0x0800a276        0x0 linker stubs
 *(.eh_frame)
 *fill*         0x0800a276        0x2 
 .eh_frame      0x0800a278        0x0 C:/ST/STM32CubeIDE_1.18.0/STM32CubeIDE/plugins/com.st.stm32cube.ide.mcu.externaltools.gnu-tools-for-stm32.13.3.rel1.win32_1.0.0.202411081344/tools/bin/../lib/gcc/arm-none-eabi/13.3.1/thumb/v7e-m+fp/hard/crtbegin.o
 *(.init)
 .init          0x0800a278        0x4 C:/ST/STM32CubeIDE_1.18.0/STM32CubeIDE/plugins/com.st.stm32cube.ide.mcu.externaltools.gnu-tools-for-stm32.13.3.rel1.win32_1.0.0.202411081344/tools/bin/../lib/gcc/arm-none-eabi/13.3.1/thumb/v7e-m+fp/hard/crti.o
                0x0800a278                _init
 .init          0x0800a27c        0x8 C:/ST/STM32CubeIDE_1.18.0/STM32CubeIDE/plugins/com.st.stm32cube.ide.mcu.externaltools.gnu-tools-for-stm32.13.3.rel1.win32_1.0.0.202411081344/tools/bin/../lib/gcc/arm-none-eabi/13.3.1/thumb/v7e-m+fp/hard/crtn.o
 *(.fini)
 .fini          0x0800a284        0x4 C:/ST/STM32CubeIDE_1.18.0/STM32CubeIDE/plugins/com.st.stm32cube.ide.mcu.externaltools.gnu-tools-for-stm32.13.3.rel1.win32_1.0.0.202411081344/tools/bin/../lib/gcc/arm-none-eabi/13.3.1/thumb/v7e-m+fp/hard/crti.o
                0x0800a284                _fini
 .fini          0x0800a288        0x8 C:/ST/STM32CubeIDE_1.18.0/STM32CubeIDE/plugins/com.st.stm32cube.ide.mcu.externaltools.gnu-tools-for-stm32.13.3.rel1.win32_1.0.0.202411081344/tools/bin/../lib/gcc/arm-none-eabi/13.3.1/thumb/v7e-m+fp/hard/crtn.o
                0x0800a290                        . = ALIGN (0x4)
                0x0800a290                        _etext = .

.vfp11_veneer   0x0800a290        0x0
 .vfp11_veneer  0x0800a290        0x0 linker stubs

.v4_bx          0x0800a290        0x0
 .v4_bx         0x0800a290        0x0 linker stubs

.iplt           0x0800a290        0x0
 .iplt          0x0800a290        0x0 C:/ST/STM32CubeIDE_1.18.0/STM32CubeIDE/plugins/com.st.stm32cube.ide.mcu.externaltools.gnu-tools-for-stm32.13.3.rel1.win32_1.0.0.202411081344/tools/bin/../lib/gcc/arm-none-eabi/13.3.1/thumb/v7e-m+fp/hard/crtbegin.o

.rodata         0x0800a290     0x2348
                0x0800a290                        . = ALIGN (0x4)
 *(.rodata)
 .rodata        0x0800a290     0x1978 ./Core/Src/driver_mpu9250.o
 .rodata        0x0800bc08      0x981 ./Core/Src/driver_mpu9250_dmp.o
 *(.rodata*)
 *fill*         0x0800c589        0x3 
 .rodata.AHBPrescTable
                0x0800c58c       0x10 ./Core/Src/system_stm32f4xx.o
                0x0800c58c                AHBPrescTable
 .rodata.asinf.str1.1
                0x0800c59c        0x1 C:/ST/STM32CubeIDE_1.18.0/STM32CubeIDE/plugins/com.st.stm32cube.ide.mcu.externaltools.gnu-tools-for-stm32.13.3.rel1.win32_1.0.0.202411081344/tools/bin/../lib/gcc/arm-none-eabi/13.3.1/../../../../arm-none-eabi/lib/thumb/v7e-m+fp/hard\libm.a(libm_a-wf_asin.o)
 *fill*         0x0800c59d        0x3 
 .rodata.CSWTCH.9
                0x0800c5a0        0xc C:/ST/STM32CubeIDE_1.18.0/STM32CubeIDE/plugins/com.st.stm32cube.ide.mcu.externaltools.gnu-tools-for-stm32.13.3.rel1.win32_1.0.0.202411081344/tools/bin/../lib/gcc/arm-none-eabi/13.3.1/../../../../arm-none-eabi/lib/thumb/v7e-m+fp/hard\libm.a(libm_a-ef_atan2.o)
 .rodata.CSWTCH.8
                0x0800c5ac        0xc C:/ST/STM32CubeIDE_1.18.0/STM32CubeIDE/plugins/com.st.stm32cube.ide.mcu.externaltools.gnu-tools-for-stm32.13.3.rel1.win32_1.0.0.202411081344/tools/bin/../lib/gcc/arm-none-eabi/13.3.1/../../../../arm-none-eabi/lib/thumb/v7e-m+fp/hard\libm.a(libm_a-ef_atan2.o)
 .rodata.atanlo
                0x0800c5b8       0x10 C:/ST/STM32CubeIDE_1.18.0/STM32CubeIDE/plugins/com.st.stm32cube.ide.mcu.externaltools.gnu-tools-for-stm32.13.3.rel1.win32_1.0.0.202411081344/tools/bin/../lib/gcc/arm-none-eabi/13.3.1/../../../../arm-none-eabi/lib/thumb/v7e-m+fp/hard\libm.a(libm_a-sf_atan.o)
 .rodata.atanhi
                0x0800c5c8       0x10 C:/ST/STM32CubeIDE_1.18.0/STM32CubeIDE/plugins/com.st.stm32cube.ide.mcu.externaltools.gnu-tools-for-stm32.13.3.rel1.win32_1.0.0.202411081344/tools/bin/../lib/gcc/arm-none-eabi/13.3.1/../../../../arm-none-eabi/lib/thumb/v7e-m+fp/hard\libm.a(libm_a-sf_atan.o)
                0x0800c5d8                        . = ALIGN (0x4)

.ARM.extab      0x0800c5d8        0x0
                0x0800c5d8                        . = ALIGN (0x4)
 *(.ARM.extab* .gnu.linkonce.armextab.*)
                0x0800c5d8                        . = ALIGN (0x4)

.ARM            0x0800c5d8        0x8
                0x0800c5d8                        . = ALIGN (0x4)
                0x0800c5d8                        __exidx_start = .
 *(.ARM.exidx*)
 .ARM.exidx     0x0800c5d8        0x8 C:/ST/STM32CubeIDE_1.18.0/STM32CubeIDE/plugins/com.st.stm32cube.ide.mcu.externaltools.gnu-tools-for-stm32.13.3.rel1.win32_1.0.0.202411081344/tools/bin/../lib/gcc/arm-none-eabi/13.3.1/thumb/v7e-m+fp/hard\libgcc.a(_udivmoddi4.o)
                0x0800c5e0                        __exidx_end = .
                0x0800c5e0                        . = ALIGN (0x4)

.preinit_array  0x0800c5e0        0x0
                0x0800c5e0                        . = ALIGN (0x4)
                0x0800c5e0                        PROVIDE (__preinit_array_start = .)
 *(.preinit_array*)
                0x0800c5e0                        PROVIDE (__preinit_array_end = .)
                0x0800c5e0                        . = ALIGN (0x4)

.init_array     0x0800c5e0        0x4
                0x0800c5e0                        . = ALIGN (0x4)
                0x0800c5e0                        PROVIDE (__init_array_start = .)
 *(SORT_BY_NAME(.init_array.*))
 *(.init_array*)
 .init_array    0x0800c5e0        0x4 C:/ST/STM32CubeIDE_1.18.0/STM32CubeIDE/plugins/com.st.stm32cube.ide.mcu.externaltools.gnu-tools-for-stm32.13.3.rel1.win32_1.0.0.202411081344/tools/bin/../lib/gcc/arm-none-eabi/13.3.1/thumb/v7e-m+fp/hard/crtbegin.o
                0x0800c5e4                        PROVIDE (__init_array_end = .)
                0x0800c5e4                        . = ALIGN (0x4)

.fini_array     0x0800c5e4        0x4
                0x0800c5e4                        . = ALIGN (0x4)
                [!provide]                        PROVIDE (__fini_array_start = .)
 *(SORT_BY_NAME(.fini_array.*))
 *(.fini_array*)
 .fini_array    0x0800c5e4        0x4 C:/ST/STM32CubeIDE_1.18.0/STM32CubeIDE/plugins/com.st.stm32cube.ide.mcu.externaltools.gnu-tools-for-stm32.13.3.rel1.win32_1.0.0.202411081344/tools/bin/../lib/gcc/arm-none-eabi/13.3.1/thumb/v7e-m+fp/hard/crtbegin.o
                [!provide]                        PROVIDE (__fini_array_end = .)
                0x0800c5e8                        . = ALIGN (0x4)
                0x0800c5e8                        _sidata = LOADADDR (.data)

.rel.dyn        0x0800c5e8        0x0
 .rel.iplt      0x0800c5e8        0x0 C:/ST/STM32CubeIDE_1.18.0/STM32CubeIDE/plugins/com.st.stm32cube.ide.mcu.externaltools.gnu-tools-for-stm32.13.3.rel1.win32_1.0.0.202411081344/tools/bin/../lib/gcc/arm-none-eabi/13.3.1/thumb/v7e-m+fp/hard/crtbegin.o

.data           0x20000000      0xe54 load address 0x0800c5e8
                0x20000000                        . = ALIGN (0x4)
                0x20000000                        _sdata = .
 *(.data)
 *(.data*)
 .data.gs_mpu9250_dmp_code
                0x20000000      0xbf6 ./Core/Src/driver_mpu9250.o
 *fill*         0x20000bf6        0x2 
 .data.gs_st_tb
                0x20000bf8      0x200 ./Core/Src/driver_mpu9250.o
 .data.SystemCoreClock
                0x20000df8        0x4 ./Core/Src/system_stm32f4xx.o
                0x20000df8                SystemCoreClock
 .data.uwTickPrio
                0x20000dfc        0x4 ./Drivers/STM32F4xx_HAL_Driver/Src/stm32f4xx_hal.o
                0x20000dfc                uwTickPrio
 .data.uwTickFreq
                0x20000e00        0x1 ./Drivers/STM32F4xx_HAL_Driver/Src/stm32f4xx_hal.o
                0x20000e00                uwTickFreq
 *fill*         0x20000e01        0x3 
 .data._impure_ptr
                0x20000e04        0x4 C:/ST/STM32CubeIDE_1.18.0/STM32CubeIDE/plugins/com.st.stm32cube.ide.mcu.externaltools.gnu-tools-for-stm32.13.3.rel1.win32_1.0.0.202411081344/tools/bin/../lib/gcc/arm-none-eabi/13.3.1/../../../../arm-none-eabi/lib/thumb/v7e-m+fp/hard\libc_nano.a(libc_a-impure.o)
                0x20000e04                _impure_ptr
 .data._impure_data
                0x20000e08       0x4c C:/ST/STM32CubeIDE_1.18.0/STM32CubeIDE/plugins/com.st.stm32cube.ide.mcu.externaltools.gnu-tools-for-stm32.13.3.rel1.win32_1.0.0.202411081344/tools/bin/../lib/gcc/arm-none-eabi/13.3.1/../../../../arm-none-eabi/lib/thumb/v7e-m+fp/hard\libc_nano.a(libc_a-impure.o)
                0x20000e08                _impure_data
 *(.RamFunc)
 *(.RamFunc*)
                0x20000e54                        . = ALIGN (0x4)
                0x20000e54                        _edata = .

.igot.plt       0x20000e54        0x0 load address 0x0800d43c
 .igot.plt      0x20000e54        0x0 C:/ST/STM32CubeIDE_1.18.0/STM32CubeIDE/plugins/com.st.stm32cube.ide.mcu.externaltools.gnu-tools-for-stm32.13.3.rel1.win32_1.0.0.202411081344/tools/bin/../lib/gcc/arm-none-eabi/13.3.1/thumb/v7e-m+fp/hard/crtbegin.o
                0x20000e54                        . = ALIGN (0x4)

.bss            0x20000e54     0x2618 load address 0x0800d43c
                0x20000e54                        _sbss = .
                0x20000e54                        __bss_start__ = _sbss
 *(.bss)
 .bss           0x20000e54       0x1c C:/ST/STM32CubeIDE_1.18.0/STM32CubeIDE/plugins/com.st.stm32cube.ide.mcu.externaltools.gnu-tools-for-stm32.13.3.rel1.win32_1.0.0.202411081344/tools/bin/../lib/gcc/arm-none-eabi/13.3.1/thumb/v7e-m+fp/hard/crtbegin.o
 *(.bss*)
 .bss.gs_handle
                0x20000e70      0x444 ./Core/Src/driver_mpu9250_dmp.o
 .bss.g_spi_status
                0x200012b4        0x1 ./Core/Src/driver_mpu9250_interface.o
                0x200012b4                g_spi_status
 .bss.g_last_addr
                0x200012b5        0x1 ./Core/Src/driver_mpu9250_interface.o
                0x200012b5                g_last_addr
 .bss.g_operation_type
                0x200012b6        0x1 ./Core/Src/driver_mpu9250_interface.o
                0x200012b6                g_operation_type
 *fill*         0x200012b7        0x1 
 .bss.hspi1     0x200012b8       0x58 ./Core/Src/main.o
                0x200012b8                hspi1
 .bss.g_irq_type
                0x20001310        0x1 ./Core/Src/main.o
                0x20001310                g_irq_type
 .bss.g_tap_count
                0x20001311        0x1 ./Core/Src/main.o
                0x20001311                g_tap_count
 .bss.g_tap_direction
                0x20001312        0x1 ./Core/Src/main.o
                0x20001312                g_tap_direction
 .bss.g_orient_orientation
                0x20001313        0x1 ./Core/Src/main.o
                0x20001313                g_orient_orientation
 .bss.g_pedometer_cnt
                0x20001314        0x4 ./Core/Src/main.o
                0x20001314                g_pedometer_cnt
 .bss.g_fifo_len
                0x20001318        0x2 ./Core/Src/main.o
                0x20001318                g_fifo_len
 *fill*         0x2000131a        0x2 
 .bss.g_last_pitch
                0x2000131c        0x4 ./Core/Src/main.o
                0x2000131c                g_last_pitch
 .bss.g_last_roll
                0x20001320        0x4 ./Core/Src/main.o
                0x20001320                g_last_roll
 .bss.g_last_yaw
                0x20001324        0x4 ./Core/Src/main.o
                0x20001324                g_last_yaw
 .bss.g_dmp_init_status
                0x20001328        0x1 ./Core/Src/main.o
                0x20001328                g_dmp_init_status
 *fill*         0x20001329        0x3 
 .bss.gs_accel_raw
                0x2000132c      0x300 ./Core/Src/main.o
 .bss.gs_accel_g
                0x2000162c      0x600 ./Core/Src/main.o
 .bss.gs_gyro_raw
                0x20001c2c      0x300 ./Core/Src/main.o
 .bss.gs_gyro_dps
                0x20001f2c      0x600 ./Core/Src/main.o
 .bss.gs_quat   0x2000252c      0x800 ./Core/Src/main.o
 .bss.gs_pitch  0x20002d2c      0x200 ./Core/Src/main.o
 .bss.gs_roll   0x20002f2c      0x200 ./Core/Src/main.o
 .bss.gs_yaw    0x2000312c      0x200 ./Core/Src/main.o
 .bss.g_gpio_irq
                0x2000332c        0x4 ./Core/Src/main.o
                0x2000332c                g_gpio_irq
 .bss.uwTick    0x20003330        0x4 ./Drivers/STM32F4xx_HAL_Driver/Src/stm32f4xx_hal.o
                0x20003330                uwTick
 .bss.__sf      0x20003334      0x138 C:/ST/STM32CubeIDE_1.18.0/STM32CubeIDE/plugins/com.st.stm32cube.ide.mcu.externaltools.gnu-tools-for-stm32.13.3.rel1.win32_1.0.0.202411081344/tools/bin/../lib/gcc/arm-none-eabi/13.3.1/../../../../arm-none-eabi/lib/thumb/v7e-m+fp/hard\libc_nano.a(libc_a-findfp.o)
                0x20003334                __sf
 *(COMMON)
                0x2000346c                        . = ALIGN (0x4)
                0x2000346c                        _ebss = .
                0x2000346c                        __bss_end__ = _ebss

._user_heap_stack
                0x2000346c      0x604 load address 0x0800d43c
                0x20003470                        . = ALIGN (0x8)
 *fill*         0x2000346c        0x4 
                [!provide]                        PROVIDE (end = .)
                0x20003470                        PROVIDE (_end = .)
                0x20003670                        . = (. + _Min_Heap_Size)
 *fill*         0x20003470      0x200 
                0x20003a70                        . = (. + _Min_Stack_Size)
 *fill*         0x20003670      0x400 
                0x20003a70                        . = ALIGN (0x8)

/DISCARD/
 libc.a(*)
 libm.a(*)
 libgcc.a(*)

.ARM.attributes
                0x00000000       0x30
 *(.ARM.attributes)
 .ARM.attributes
                0x00000000       0x22 C:/ST/STM32CubeIDE_1.18.0/STM32CubeIDE/plugins/com.st.stm32cube.ide.mcu.externaltools.gnu-tools-for-stm32.13.3.rel1.win32_1.0.0.202411081344/tools/bin/../lib/gcc/arm-none-eabi/13.3.1/thumb/v7e-m+fp/hard/crti.o
 .ARM.attributes
                0x00000022       0x34 C:/ST/STM32CubeIDE_1.18.0/STM32CubeIDE/plugins/com.st.stm32cube.ide.mcu.externaltools.gnu-tools-for-stm32.13.3.rel1.win32_1.0.0.202411081344/tools/bin/../lib/gcc/arm-none-eabi/13.3.1/thumb/v7e-m+fp/hard/crtbegin.o
 .ARM.attributes
                0x00000056       0x34 ./Core/Src/driver_mpu9250.o
 .ARM.attributes
                0x0000008a       0x34 ./Core/Src/driver_mpu9250_dmp.o
 .ARM.attributes
                0x000000be       0x34 ./Core/Src/driver_mpu9250_interface.o
 .ARM.attributes
                0x000000f2       0x34 ./Core/Src/main.o
 .ARM.attributes
                0x00000126       0x34 ./Core/Src/stm32f4xx_hal_msp.o
 .ARM.attributes
                0x0000015a       0x34 ./Core/Src/stm32f4xx_it.o
 .ARM.attributes
                0x0000018e       0x34 ./Core/Src/system_stm32f4xx.o
 .ARM.attributes
                0x000001c2       0x21 ./Core/Startup/startup_stm32f401ccux.o
 .ARM.attributes
                0x000001e3       0x34 ./Drivers/STM32F4xx_HAL_Driver/Src/stm32f4xx_hal.o
 .ARM.attributes
                0x00000217       0x34 ./Drivers/STM32F4xx_HAL_Driver/Src/stm32f4xx_hal_cortex.o
 .ARM.attributes
                0x0000024b       0x34 ./Drivers/STM32F4xx_HAL_Driver/Src/stm32f4xx_hal_dma.o
 .ARM.attributes
                0x0000027f       0x34 ./Drivers/STM32F4xx_HAL_Driver/Src/stm32f4xx_hal_gpio.o
 .ARM.attributes
                0x000002b3       0x34 ./Drivers/STM32F4xx_HAL_Driver/Src/stm32f4xx_hal_rcc.o
 .ARM.attributes
                0x000002e7       0x34 ./Drivers/STM32F4xx_HAL_Driver/Src/stm32f4xx_hal_spi.o
 .ARM.attributes
                0x0000031b       0x34 C:/ST/STM32CubeIDE_1.18.0/STM32CubeIDE/plugins/com.st.stm32cube.ide.mcu.externaltools.gnu-tools-for-stm32.13.3.rel1.win32_1.0.0.202411081344/tools/bin/../lib/gcc/arm-none-eabi/13.3.1/../../../../arm-none-eabi/lib/thumb/v7e-m+fp/hard\libc_nano.a(libc_a-findfp.o)
 .ARM.attributes
                0x0000034f       0x34 C:/ST/STM32CubeIDE_1.18.0/STM32CubeIDE/plugins/com.st.stm32cube.ide.mcu.externaltools.gnu-tools-for-stm32.13.3.rel1.win32_1.0.0.202411081344/tools/bin/../lib/gcc/arm-none-eabi/13.3.1/../../../../arm-none-eabi/lib/thumb/v7e-m+fp/hard\libc_nano.a(libc_a-memcmp.o)
 .ARM.attributes
                0x00000383       0x34 C:/ST/STM32CubeIDE_1.18.0/STM32CubeIDE/plugins/com.st.stm32cube.ide.mcu.externaltools.gnu-tools-for-stm32.13.3.rel1.win32_1.0.0.202411081344/tools/bin/../lib/gcc/arm-none-eabi/13.3.1/../../../../arm-none-eabi/lib/thumb/v7e-m+fp/hard\libc_nano.a(libc_a-memset.o)
 .ARM.attributes
                0x000003b7       0x34 C:/ST/STM32CubeIDE_1.18.0/STM32CubeIDE/plugins/com.st.stm32cube.ide.mcu.externaltools.gnu-tools-for-stm32.13.3.rel1.win32_1.0.0.202411081344/tools/bin/../lib/gcc/arm-none-eabi/13.3.1/../../../../arm-none-eabi/lib/thumb/v7e-m+fp/hard\libc_nano.a(libc_a-impure.o)
 .ARM.attributes
                0x000003eb       0x34 C:/ST/STM32CubeIDE_1.18.0/STM32CubeIDE/plugins/com.st.stm32cube.ide.mcu.externaltools.gnu-tools-for-stm32.13.3.rel1.win32_1.0.0.202411081344/tools/bin/../lib/gcc/arm-none-eabi/13.3.1/../../../../arm-none-eabi/lib/thumb/v7e-m+fp/hard\libc_nano.a(libc_a-errno.o)
 .ARM.attributes
                0x0000041f       0x34 C:/ST/STM32CubeIDE_1.18.0/STM32CubeIDE/plugins/com.st.stm32cube.ide.mcu.externaltools.gnu-tools-for-stm32.13.3.rel1.win32_1.0.0.202411081344/tools/bin/../lib/gcc/arm-none-eabi/13.3.1/../../../../arm-none-eabi/lib/thumb/v7e-m+fp/hard\libc_nano.a(libc_a-init.o)
 .ARM.attributes
                0x00000453       0x34 C:/ST/STM32CubeIDE_1.18.0/STM32CubeIDE/plugins/com.st.stm32cube.ide.mcu.externaltools.gnu-tools-for-stm32.13.3.rel1.win32_1.0.0.202411081344/tools/bin/../lib/gcc/arm-none-eabi/13.3.1/../../../../arm-none-eabi/lib/thumb/v7e-m+fp/hard\libm.a(libm_a-wf_asin.o)
 .ARM.attributes
                0x00000487       0x34 C:/ST/STM32CubeIDE_1.18.0/STM32CubeIDE/plugins/com.st.stm32cube.ide.mcu.externaltools.gnu-tools-for-stm32.13.3.rel1.win32_1.0.0.202411081344/tools/bin/../lib/gcc/arm-none-eabi/13.3.1/../../../../arm-none-eabi/lib/thumb/v7e-m+fp/hard\libm.a(libm_a-wf_atan2.o)
 .ARM.attributes
                0x000004bb       0x34 C:/ST/STM32CubeIDE_1.18.0/STM32CubeIDE/plugins/com.st.stm32cube.ide.mcu.externaltools.gnu-tools-for-stm32.13.3.rel1.win32_1.0.0.202411081344/tools/bin/../lib/gcc/arm-none-eabi/13.3.1/../../../../arm-none-eabi/lib/thumb/v7e-m+fp/hard\libm.a(libm_a-sf_fabs.o)
 .ARM.attributes
                0x000004ef       0x34 C:/ST/STM32CubeIDE_1.18.0/STM32CubeIDE/plugins/com.st.stm32cube.ide.mcu.externaltools.gnu-tools-for-stm32.13.3.rel1.win32_1.0.0.202411081344/tools/bin/../lib/gcc/arm-none-eabi/13.3.1/../../../../arm-none-eabi/lib/thumb/v7e-m+fp/hard\libm.a(libm_a-sf_nan.o)
 .ARM.attributes
                0x00000523       0x34 C:/ST/STM32CubeIDE_1.18.0/STM32CubeIDE/plugins/com.st.stm32cube.ide.mcu.externaltools.gnu-tools-for-stm32.13.3.rel1.win32_1.0.0.202411081344/tools/bin/../lib/gcc/arm-none-eabi/13.3.1/../../../../arm-none-eabi/lib/thumb/v7e-m+fp/hard\libm.a(libm_a-ef_asin.o)
 .ARM.attributes
                0x00000557       0x34 C:/ST/STM32CubeIDE_1.18.0/STM32CubeIDE/plugins/com.st.stm32cube.ide.mcu.externaltools.gnu-tools-for-stm32.13.3.rel1.win32_1.0.0.202411081344/tools/bin/../lib/gcc/arm-none-eabi/13.3.1/../../../../arm-none-eabi/lib/thumb/v7e-m+fp/hard\libm.a(libm_a-ef_atan2.o)
 .ARM.attributes
                0x0000058b       0x34 C:/ST/STM32CubeIDE_1.18.0/STM32CubeIDE/plugins/com.st.stm32cube.ide.mcu.externaltools.gnu-tools-for-stm32.13.3.rel1.win32_1.0.0.202411081344/tools/bin/../lib/gcc/arm-none-eabi/13.3.1/../../../../arm-none-eabi/lib/thumb/v7e-m+fp/hard\libm.a(libm_a-sf_atan.o)
 .ARM.attributes
                0x000005bf       0x34 C:/ST/STM32CubeIDE_1.18.0/STM32CubeIDE/plugins/com.st.stm32cube.ide.mcu.externaltools.gnu-tools-for-stm32.13.3.rel1.win32_1.0.0.202411081344/tools/bin/../lib/gcc/arm-none-eabi/13.3.1/../../../../arm-none-eabi/lib/thumb/v7e-m+fp/hard\libm.a(libm_a-ef_sqrt.o)
 .ARM.attributes
                0x000005f3       0x22 C:/ST/STM32CubeIDE_1.18.0/STM32CubeIDE/plugins/com.st.stm32cube.ide.mcu.externaltools.gnu-tools-for-stm32.13.3.rel1.win32_1.0.0.202411081344/tools/bin/../lib/gcc/arm-none-eabi/13.3.1/thumb/v7e-m+fp/hard\libgcc.a(_aeabi_ldivmod.o)
 .ARM.attributes
                0x00000615       0x22 C:/ST/STM32CubeIDE_1.18.0/STM32CubeIDE/plugins/com.st.stm32cube.ide.mcu.externaltools.gnu-tools-for-stm32.13.3.rel1.win32_1.0.0.202411081344/tools/bin/../lib/gcc/arm-none-eabi/13.3.1/thumb/v7e-m+fp/hard\libgcc.a(_aeabi_uldivmod.o)
 .ARM.attributes
                0x00000637       0x34 C:/ST/STM32CubeIDE_1.18.0/STM32CubeIDE/plugins/com.st.stm32cube.ide.mcu.externaltools.gnu-tools-for-stm32.13.3.rel1.win32_1.0.0.202411081344/tools/bin/../lib/gcc/arm-none-eabi/13.3.1/thumb/v7e-m+fp/hard\libgcc.a(_udivmoddi4.o)
 .ARM.attributes
                0x0000066b       0x22 C:/ST/STM32CubeIDE_1.18.0/STM32CubeIDE/plugins/com.st.stm32cube.ide.mcu.externaltools.gnu-tools-for-stm32.13.3.rel1.win32_1.0.0.202411081344/tools/bin/../lib/gcc/arm-none-eabi/13.3.1/thumb/v7e-m+fp/hard\libgcc.a(_dvmd_tls.o)
 .ARM.attributes
                0x0000068d       0x22 C:/ST/STM32CubeIDE_1.18.0/STM32CubeIDE/plugins/com.st.stm32cube.ide.mcu.externaltools.gnu-tools-for-stm32.13.3.rel1.win32_1.0.0.202411081344/tools/bin/../lib/gcc/arm-none-eabi/13.3.1/thumb/v7e-m+fp/hard/crtn.o
OUTPUT(Navigationa_PJ.elf elf32-littlearm)
LOAD linker stubs
LOAD C:/ST/STM32CubeIDE_1.18.0/STM32CubeIDE/plugins/com.st.stm32cube.ide.mcu.externaltools.gnu-tools-for-stm32.13.3.rel1.win32_1.0.0.202411081344/tools/bin/../lib/gcc/arm-none-eabi/13.3.1/../../../../arm-none-eabi/lib/thumb/v7e-m+fp/hard\libc.a
LOAD C:/ST/STM32CubeIDE_1.18.0/STM32CubeIDE/plugins/com.st.stm32cube.ide.mcu.externaltools.gnu-tools-for-stm32.13.3.rel1.win32_1.0.0.202411081344/tools/bin/../lib/gcc/arm-none-eabi/13.3.1/../../../../arm-none-eabi/lib/thumb/v7e-m+fp/hard\libm.a
LOAD C:/ST/STM32CubeIDE_1.18.0/STM32CubeIDE/plugins/com.st.stm32cube.ide.mcu.externaltools.gnu-tools-for-stm32.13.3.rel1.win32_1.0.0.202411081344/tools/bin/../lib/gcc/arm-none-eabi/13.3.1/thumb/v7e-m+fp/hard\libgcc.a

.debug_info     0x00000000     0xe904
 .debug_info    0x00000000     0x61a4 ./Core/Src/driver_mpu9250.o
 .debug_info    0x000061a4     0x10fe ./Core/Src/driver_mpu9250_dmp.o
 .debug_info    0x000072a2      0x96c ./Core/Src/driver_mpu9250_interface.o
 .debug_info    0x00007c0e     0x121a ./Core/Src/main.o
 .debug_info    0x00008e28      0xb25 ./Core/Src/stm32f4xx_hal_msp.o
 .debug_info    0x0000994d      0x698 ./Core/Src/stm32f4xx_it.o
 .debug_info    0x00009fe5      0x53e ./Core/Src/system_stm32f4xx.o
 .debug_info    0x0000a523       0x30 ./Core/Startup/startup_stm32f401ccux.o
 .debug_info    0x0000a553      0x8bb ./Drivers/STM32F4xx_HAL_Driver/Src/stm32f4xx_hal.o
 .debug_info    0x0000ae0e      0xcf6 ./Drivers/STM32F4xx_HAL_Driver/Src/stm32f4xx_hal_cortex.o
 .debug_info    0x0000bb04      0x8e6 ./Drivers/STM32F4xx_HAL_Driver/Src/stm32f4xx_hal_dma.o
 .debug_info    0x0000c3ea      0x6f9 ./Drivers/STM32F4xx_HAL_Driver/Src/stm32f4xx_hal_gpio.o
 .debug_info    0x0000cae3      0x8f1 ./Drivers/STM32F4xx_HAL_Driver/Src/stm32f4xx_hal_rcc.o
 .debug_info    0x0000d3d4     0x1530 ./Drivers/STM32F4xx_HAL_Driver/Src/stm32f4xx_hal_spi.o

.debug_abbrev   0x00000000     0x1d6c
 .debug_abbrev  0x00000000      0x276 ./Core/Src/driver_mpu9250.o
 .debug_abbrev  0x00000276      0x247 ./Core/Src/driver_mpu9250_dmp.o
 .debug_abbrev  0x000004bd      0x268 ./Core/Src/driver_mpu9250_interface.o
 .debug_abbrev  0x00000725      0x31f ./Core/Src/main.o
 .debug_abbrev  0x00000a44      0x1cb ./Core/Src/stm32f4xx_hal_msp.o
 .debug_abbrev  0x00000c0f      0x197 ./Core/Src/stm32f4xx_it.o
 .debug_abbrev  0x00000da6      0x11a ./Core/Src/system_stm32f4xx.o
 .debug_abbrev  0x00000ec0       0x24 ./Core/Startup/startup_stm32f401ccux.o
 .debug_abbrev  0x00000ee4      0x24b ./Drivers/STM32F4xx_HAL_Driver/Src/stm32f4xx_hal.o
 .debug_abbrev  0x0000112f      0x31d ./Drivers/STM32F4xx_HAL_Driver/Src/stm32f4xx_hal_cortex.o
 .debug_abbrev  0x0000144c      0x221 ./Drivers/STM32F4xx_HAL_Driver/Src/stm32f4xx_hal_dma.o
 .debug_abbrev  0x0000166d      0x1d3 ./Drivers/STM32F4xx_HAL_Driver/Src/stm32f4xx_hal_gpio.o
 .debug_abbrev  0x00001840      0x2b6 ./Drivers/STM32F4xx_HAL_Driver/Src/stm32f4xx_hal_rcc.o
 .debug_abbrev  0x00001af6      0x276 ./Drivers/STM32F4xx_HAL_Driver/Src/stm32f4xx_hal_spi.o

.debug_aranges  0x00000000      0xed8
 .debug_aranges
                0x00000000      0x770 ./Core/Src/driver_mpu9250.o
 .debug_aranges
                0x00000770       0x40 ./Core/Src/driver_mpu9250_dmp.o
 .debug_aranges
                0x000007b0       0x68 ./Core/Src/driver_mpu9250_interface.o
 .debug_aranges
                0x00000818       0x70 ./Core/Src/main.o
 .debug_aranges
                0x00000888       0x30 ./Core/Src/stm32f4xx_hal_msp.o
 .debug_aranges
                0x000008b8       0x70 ./Core/Src/stm32f4xx_it.o
 .debug_aranges
                0x00000928       0x28 ./Core/Src/system_stm32f4xx.o
 .debug_aranges
                0x00000950       0x28 ./Core/Startup/startup_stm32f401ccux.o
 .debug_aranges
                0x00000978       0xf0 ./Drivers/STM32F4xx_HAL_Driver/Src/stm32f4xx_hal.o
 .debug_aranges
                0x00000a68      0x130 ./Drivers/STM32F4xx_HAL_Driver/Src/stm32f4xx_hal_cortex.o
 .debug_aranges
                0x00000b98       0x90 ./Drivers/STM32F4xx_HAL_Driver/Src/stm32f4xx_hal_dma.o
 .debug_aranges
                0x00000c28       0x58 ./Drivers/STM32F4xx_HAL_Driver/Src/stm32f4xx_hal_gpio.o
 .debug_aranges
                0x00000c80       0x88 ./Drivers/STM32F4xx_HAL_Driver/Src/stm32f4xx_hal_rcc.o
 .debug_aranges
                0x00000d08      0x1d0 ./Drivers/STM32F4xx_HAL_Driver/Src/stm32f4xx_hal_spi.o

.debug_rnglists
                0x00000000      0xb89
 .debug_rnglists
                0x00000000      0x60b ./Core/Src/driver_mpu9250.o
 .debug_rnglists
                0x0000060b       0x2c ./Core/Src/driver_mpu9250_dmp.o
 .debug_rnglists
                0x00000637       0x4b ./Core/Src/driver_mpu9250_interface.o
 .debug_rnglists
                0x00000682       0x52 ./Core/Src/main.o
 .debug_rnglists
                0x000006d4       0x20 ./Core/Src/stm32f4xx_hal_msp.o
 .debug_rnglists
                0x000006f4       0x4f ./Core/Src/stm32f4xx_it.o
 .debug_rnglists
                0x00000743       0x1a ./Core/Src/system_stm32f4xx.o
 .debug_rnglists
                0x0000075d       0x19 ./Core/Startup/startup_stm32f401ccux.o
 .debug_rnglists
                0x00000776       0xaf ./Drivers/STM32F4xx_HAL_Driver/Src/stm32f4xx_hal.o
 .debug_rnglists
                0x00000825       0xe0 ./Drivers/STM32F4xx_HAL_Driver/Src/stm32f4xx_hal_cortex.o
 .debug_rnglists
                0x00000905       0x70 ./Drivers/STM32F4xx_HAL_Driver/Src/stm32f4xx_hal_dma.o
 .debug_rnglists
                0x00000975       0x3f ./Drivers/STM32F4xx_HAL_Driver/Src/stm32f4xx_hal_gpio.o
 .debug_rnglists
                0x000009b4       0x66 ./Drivers/STM32F4xx_HAL_Driver/Src/stm32f4xx_hal_rcc.o
 .debug_rnglists
                0x00000a1a      0x16f ./Drivers/STM32F4xx_HAL_Driver/Src/stm32f4xx_hal_spi.o

.debug_macro    0x00000000    0x163af
 .debug_macro   0x00000000      0x5b0 ./Core/Src/driver_mpu9250.o
 .debug_macro   0x000005b0      0xad8 ./Core/Src/driver_mpu9250.o
 .debug_macro   0x00001088       0x22 ./Core/Src/driver_mpu9250.o
 .debug_macro   0x000010aa       0x5b ./Core/Src/driver_mpu9250.o
 .debug_macro   0x00001105       0x2a ./Core/Src/driver_mpu9250.o
 .debug_macro   0x0000112f       0x94 ./Core/Src/driver_mpu9250.o
 .debug_macro   0x000011c3       0x43 ./Core/Src/driver_mpu9250.o
 .debug_macro   0x00001206       0x34 ./Core/Src/driver_mpu9250.o
 .debug_macro   0x0000123a       0x16 ./Core/Src/driver_mpu9250.o
 .debug_macro   0x00001250       0x57 ./Core/Src/driver_mpu9250.o
 .debug_macro   0x000012a7       0x9e ./Core/Src/driver_mpu9250.o
 .debug_macro   0x00001345      0x370 ./Core/Src/driver_mpu9250.o
 .debug_macro   0x000016b5      0x112 ./Core/Src/driver_mpu9250.o
 .debug_macro   0x000017c7       0x10 ./Core/Src/driver_mpu9250.o
 .debug_macro   0x000017d7       0x16 ./Core/Src/driver_mpu9250.o
 .debug_macro   0x000017ed       0x4a ./Core/Src/driver_mpu9250.o
 .debug_macro   0x00001837       0x34 ./Core/Src/driver_mpu9250.o
 .debug_macro   0x0000186b       0x10 ./Core/Src/driver_mpu9250.o
 .debug_macro   0x0000187b       0x58 ./Core/Src/driver_mpu9250.o
 .debug_macro   0x000018d3       0x8e ./Core/Src/driver_mpu9250.o
 .debug_macro   0x00001961       0x1c ./Core/Src/driver_mpu9250.o
 .debug_macro   0x0000197d      0x185 ./Core/Src/driver_mpu9250.o
 .debug_macro   0x00001b02       0x16 ./Core/Src/driver_mpu9250.o
 .debug_macro   0x00001b18       0x16 ./Core/Src/driver_mpu9250.o
 .debug_macro   0x00001b2e      0x146 ./Core/Src/driver_mpu9250.o
 .debug_macro   0x00001c74      0x103 ./Core/Src/driver_mpu9250.o
 .debug_macro   0x00001d77       0x6a ./Core/Src/driver_mpu9250.o
 .debug_macro   0x00001de1      0x1df ./Core/Src/driver_mpu9250.o
 .debug_macro   0x00001fc0       0x16 ./Core/Src/driver_mpu9250.o
 .debug_macro   0x00001fd6       0x3c ./Core/Src/driver_mpu9250.o
 .debug_macro   0x00002012       0x20 ./Core/Src/driver_mpu9250.o
 .debug_macro   0x00002032       0x58 ./Core/Src/driver_mpu9250.o
 .debug_macro   0x0000208a       0x10 ./Core/Src/driver_mpu9250.o
 .debug_macro   0x0000209a      0x19b ./Core/Src/driver_mpu9250.o
 .debug_macro   0x00002235      0x192 ./Core/Src/driver_mpu9250_dmp.o
 .debug_macro   0x000023c7      0x11e ./Core/Src/driver_mpu9250_dmp.o
 .debug_macro   0x000024e5      0x2e1 ./Core/Src/driver_mpu9250_interface.o
 .debug_macro   0x000027c6      0x295 ./Core/Src/driver_mpu9250_interface.o
 .debug_macro   0x00002a5b       0x2e ./Core/Src/driver_mpu9250_interface.o
 .debug_macro   0x00002a89       0x28 ./Core/Src/driver_mpu9250_interface.o
 .debug_macro   0x00002ab1       0x1c ./Core/Src/driver_mpu9250_interface.o
 .debug_macro   0x00002acd       0x22 ./Core/Src/driver_mpu9250_interface.o
 .debug_macro   0x00002aef       0xfb ./Core/Src/driver_mpu9250_interface.o
 .debug_macro   0x00002bea     0x1011 ./Core/Src/driver_mpu9250_interface.o
 .debug_macro   0x00003bfb      0x11f ./Core/Src/driver_mpu9250_interface.o
 .debug_macro   0x00003d1a     0xb86c ./Core/Src/driver_mpu9250_interface.o
 .debug_macro   0x0000f586       0x6d ./Core/Src/driver_mpu9250_interface.o
 .debug_macro   0x0000f5f3     0x369a ./Core/Src/driver_mpu9250_interface.o
 .debug_macro   0x00012c8d       0x56 ./Core/Src/driver_mpu9250_interface.o
 .debug_macro   0x00012ce3      0x416 ./Core/Src/driver_mpu9250_interface.o
 .debug_macro   0x000130f9      0x9e9 ./Core/Src/driver_mpu9250_interface.o
 .debug_macro   0x00013ae2      0x115 ./Core/Src/driver_mpu9250_interface.o
 .debug_macro   0x00013bf7       0xf8 ./Core/Src/driver_mpu9250_interface.o
 .debug_macro   0x00013cef       0xa5 ./Core/Src/driver_mpu9250_interface.o
 .debug_macro   0x00013d94      0x15f ./Core/Src/driver_mpu9250_interface.o
 .debug_macro   0x00013ef3      0x287 ./Core/Src/driver_mpu9250_interface.o
 .debug_macro   0x0001417a       0x5f ./Core/Src/driver_mpu9250_interface.o
 .debug_macro   0x000141d9      0x236 ./Core/Src/driver_mpu9250_interface.o
 .debug_macro   0x0001440f      0x132 ./Core/Src/driver_mpu9250_interface.o
 .debug_macro   0x00014541      0x23a ./Core/Src/driver_mpu9250_interface.o
 .debug_macro   0x0001477b       0x2e ./Core/Src/driver_mpu9250_interface.o
 .debug_macro   0x000147a9      0x127 ./Core/Src/driver_mpu9250_interface.o
 .debug_macro   0x000148d0       0x85 ./Core/Src/driver_mpu9250_interface.o
 .debug_macro   0x00014955       0x89 ./Core/Src/driver_mpu9250_interface.o
 .debug_macro   0x000149de      0x225 ./Core/Src/driver_mpu9250_interface.o
 .debug_macro   0x00014c03      0x126 ./Core/Src/driver_mpu9250_interface.o
 .debug_macro   0x00014d29      0x2f9 ./Core/Src/main.o
 .debug_macro   0x00015022       0x8e ./Core/Src/main.o
 .debug_macro   0x000150b0       0x51 ./Core/Src/main.o
 .debug_macro   0x00015101      0x190 ./Core/Src/main.o
 .debug_macro   0x00015291       0x5c ./Core/Src/main.o
 .debug_macro   0x000152ed       0x10 ./Core/Src/main.o
 .debug_macro   0x000152fd       0x61 ./Core/Src/main.o
 .debug_macro   0x0001535e      0x1c9 ./Core/Src/stm32f4xx_hal_msp.o
 .debug_macro   0x00015527      0x1d3 ./Core/Src/stm32f4xx_it.o
 .debug_macro   0x000156fa      0x1ba ./Core/Src/system_stm32f4xx.o
 .debug_macro   0x000158b4      0x21a ./Drivers/STM32F4xx_HAL_Driver/Src/stm32f4xx_hal.o
 .debug_macro   0x00015ace      0x1ba ./Drivers/STM32F4xx_HAL_Driver/Src/stm32f4xx_hal_cortex.o
 .debug_macro   0x00015c88      0x1c0 ./Drivers/STM32F4xx_HAL_Driver/Src/stm32f4xx_hal_dma.o
 .debug_macro   0x00015e48      0x1c0 ./Drivers/STM32F4xx_HAL_Driver/Src/stm32f4xx_hal_gpio.o
 .debug_macro   0x00016008      0x1de ./Drivers/STM32F4xx_HAL_Driver/Src/stm32f4xx_hal_rcc.o
 .debug_macro   0x000161e6      0x1c9 ./Drivers/STM32F4xx_HAL_Driver/Src/stm32f4xx_hal_spi.o

.debug_line     0x00000000    0x1043e
 .debug_line    0x00000000     0x6ff8 ./Core/Src/driver_mpu9250.o
 .debug_line    0x00006ff8      0xb93 ./Core/Src/driver_mpu9250_dmp.o
 .debug_line    0x00007b8b      0xa17 ./Core/Src/driver_mpu9250_interface.o
 .debug_line    0x000085a2      0xb14 ./Core/Src/main.o
 .debug_line    0x000090b6      0x764 ./Core/Src/stm32f4xx_hal_msp.o
 .debug_line    0x0000981a      0x7f3 ./Core/Src/stm32f4xx_it.o
 .debug_line    0x0000a00d      0x799 ./Core/Src/system_stm32f4xx.o
 .debug_line    0x0000a7a6       0x7a ./Core/Startup/startup_stm32f401ccux.o
 .debug_line    0x0000a820      0xa06 ./Drivers/STM32F4xx_HAL_Driver/Src/stm32f4xx_hal.o
 .debug_line    0x0000b226      0xcd6 ./Drivers/STM32F4xx_HAL_Driver/Src/stm32f4xx_hal_cortex.o
 .debug_line    0x0000befc      0xf72 ./Drivers/STM32F4xx_HAL_Driver/Src/stm32f4xx_hal_dma.o
 .debug_line    0x0000ce6e      0xb22 ./Drivers/STM32F4xx_HAL_Driver/Src/stm32f4xx_hal_gpio.o
 .debug_line    0x0000d990      0xe13 ./Drivers/STM32F4xx_HAL_Driver/Src/stm32f4xx_hal_rcc.o
 .debug_line    0x0000e7a3     0x1c9b ./Drivers/STM32F4xx_HAL_Driver/Src/stm32f4xx_hal_spi.o

.debug_str      0x00000000    0x89c2b
 .debug_str     0x00000000    0x89c2b ./Core/Src/driver_mpu9250.o
                               0xc94f (size before relaxing)
 .debug_str     0x00089c2b     0x9da4 ./Core/Src/driver_mpu9250_dmp.o
 .debug_str     0x00089c2b    0x82be3 ./Core/Src/driver_mpu9250_interface.o
 .debug_str     0x00089c2b    0x83e3f ./Core/Src/main.o
 .debug_str     0x00089c2b    0x7f3c4 ./Core/Src/stm32f4xx_hal_msp.o
 .debug_str     0x00089c2b    0x7ef20 ./Core/Src/stm32f4xx_it.o
 .debug_str     0x00089c2b    0x7eb72 ./Core/Src/system_stm32f4xx.o
 .debug_str     0x00089c2b       0x91 ./Core/Startup/startup_stm32f401ccux.o
 .debug_str     0x00089c2b    0x7f594 ./Drivers/STM32F4xx_HAL_Driver/Src/stm32f4xx_hal.o
 .debug_str     0x00089c2b    0x7f2fe ./Drivers/STM32F4xx_HAL_Driver/Src/stm32f4xx_hal_cortex.o
 .debug_str     0x00089c2b    0x7ef7a ./Drivers/STM32F4xx_HAL_Driver/Src/stm32f4xx_hal_dma.o
 .debug_str     0x00089c2b    0x7eced ./Drivers/STM32F4xx_HAL_Driver/Src/stm32f4xx_hal_gpio.o
 .debug_str     0x00089c2b    0x7efa6 ./Drivers/STM32F4xx_HAL_Driver/Src/stm32f4xx_hal_rcc.o
 .debug_str     0x00089c2b    0x7f41e ./Drivers/STM32F4xx_HAL_Driver/Src/stm32f4xx_hal_spi.o

.comment        0x00000000       0x43
 .comment       0x00000000       0x43 ./Core/Src/driver_mpu9250.o
                                 0x44 (size before relaxing)
 .comment       0x00000043       0x44 ./Core/Src/driver_mpu9250_dmp.o
 .comment       0x00000043       0x44 ./Core/Src/driver_mpu9250_interface.o
 .comment       0x00000043       0x44 ./Core/Src/main.o
 .comment       0x00000043       0x44 ./Core/Src/stm32f4xx_hal_msp.o
 .comment       0x00000043       0x44 ./Core/Src/stm32f4xx_it.o
 .comment       0x00000043       0x44 ./Core/Src/system_stm32f4xx.o
 .comment       0x00000043       0x44 ./Drivers/STM32F4xx_HAL_Driver/Src/stm32f4xx_hal.o
 .comment       0x00000043       0x44 ./Drivers/STM32F4xx_HAL_Driver/Src/stm32f4xx_hal_cortex.o
 .comment       0x00000043       0x44 ./Drivers/STM32F4xx_HAL_Driver/Src/stm32f4xx_hal_dma.o
 .comment       0x00000043       0x44 ./Drivers/STM32F4xx_HAL_Driver/Src/stm32f4xx_hal_gpio.o
 .comment       0x00000043       0x44 ./Drivers/STM32F4xx_HAL_Driver/Src/stm32f4xx_hal_rcc.o
 .comment       0x00000043       0x44 ./Drivers/STM32F4xx_HAL_Driver/Src/stm32f4xx_hal_spi.o

.debug_frame    0x00000000     0x41a8
 .debug_frame   0x00000000     0x21c4 ./Core/Src/driver_mpu9250.o
 .debug_frame   0x000021c4       0xb8 ./Core/Src/driver_mpu9250_dmp.o
 .debug_frame   0x0000227c      0x178 ./Core/Src/driver_mpu9250_interface.o
 .debug_frame   0x000023f4      0x184 ./Core/Src/main.o
 .debug_frame   0x00002578       0x80 ./Core/Src/stm32f4xx_hal_msp.o
 .debug_frame   0x000025f8      0x13c ./Core/Src/stm32f4xx_it.o
 .debug_frame   0x00002734       0x58 ./Core/Src/system_stm32f4xx.o
 .debug_frame   0x0000278c      0x374 ./Drivers/STM32F4xx_HAL_Driver/Src/stm32f4xx_hal.o
 .debug_frame   0x00002b00      0x508 ./Drivers/STM32F4xx_HAL_Driver/Src/stm32f4xx_hal_cortex.o
 .debug_frame   0x00003008      0x250 ./Drivers/STM32F4xx_HAL_Driver/Src/stm32f4xx_hal_dma.o
 .debug_frame   0x00003258      0x14c ./Drivers/STM32F4xx_HAL_Driver/Src/stm32f4xx_hal_gpio.o
 .debug_frame   0x000033a4      0x1f4 ./Drivers/STM32F4xx_HAL_Driver/Src/stm32f4xx_hal_rcc.o
 .debug_frame   0x00003598      0x828 ./Drivers/STM32F4xx_HAL_Driver/Src/stm32f4xx_hal_spi.o
 .debug_frame   0x00003dc0      0x144 C:/ST/STM32CubeIDE_1.18.0/STM32CubeIDE/plugins/com.st.stm32cube.ide.mcu.externaltools.gnu-tools-for-stm32.13.3.rel1.win32_1.0.0.202411081344/tools/bin/../lib/gcc/arm-none-eabi/13.3.1/../../../../arm-none-eabi/lib/thumb/v7e-m+fp/hard\libc_nano.a(libc_a-findfp.o)
 .debug_frame   0x00003f04       0x28 C:/ST/STM32CubeIDE_1.18.0/STM32CubeIDE/plugins/com.st.stm32cube.ide.mcu.externaltools.gnu-tools-for-stm32.13.3.rel1.win32_1.0.0.202411081344/tools/bin/../lib/gcc/arm-none-eabi/13.3.1/../../../../arm-none-eabi/lib/thumb/v7e-m+fp/hard\libc_nano.a(libc_a-memcmp.o)
 .debug_frame   0x00003f2c       0x20 C:/ST/STM32CubeIDE_1.18.0/STM32CubeIDE/plugins/com.st.stm32cube.ide.mcu.externaltools.gnu-tools-for-stm32.13.3.rel1.win32_1.0.0.202411081344/tools/bin/../lib/gcc/arm-none-eabi/13.3.1/../../../../arm-none-eabi/lib/thumb/v7e-m+fp/hard\libc_nano.a(libc_a-memset.o)
 .debug_frame   0x00003f4c       0x20 C:/ST/STM32CubeIDE_1.18.0/STM32CubeIDE/plugins/com.st.stm32cube.ide.mcu.externaltools.gnu-tools-for-stm32.13.3.rel1.win32_1.0.0.202411081344/tools/bin/../lib/gcc/arm-none-eabi/13.3.1/../../../../arm-none-eabi/lib/thumb/v7e-m+fp/hard\libc_nano.a(libc_a-errno.o)
 .debug_frame   0x00003f6c       0x2c C:/ST/STM32CubeIDE_1.18.0/STM32CubeIDE/plugins/com.st.stm32cube.ide.mcu.externaltools.gnu-tools-for-stm32.13.3.rel1.win32_1.0.0.202411081344/tools/bin/../lib/gcc/arm-none-eabi/13.3.1/../../../../arm-none-eabi/lib/thumb/v7e-m+fp/hard\libc_nano.a(libc_a-init.o)
 .debug_frame   0x00003f98       0x48 C:/ST/STM32CubeIDE_1.18.0/STM32CubeIDE/plugins/com.st.stm32cube.ide.mcu.externaltools.gnu-tools-for-stm32.13.3.rel1.win32_1.0.0.202411081344/tools/bin/../lib/gcc/arm-none-eabi/13.3.1/../../../../arm-none-eabi/lib/thumb/v7e-m+fp/hard\libm.a(libm_a-wf_asin.o)
 .debug_frame   0x00003fe0       0x20 C:/ST/STM32CubeIDE_1.18.0/STM32CubeIDE/plugins/com.st.stm32cube.ide.mcu.externaltools.gnu-tools-for-stm32.13.3.rel1.win32_1.0.0.202411081344/tools/bin/../lib/gcc/arm-none-eabi/13.3.1/../../../../arm-none-eabi/lib/thumb/v7e-m+fp/hard\libm.a(libm_a-wf_atan2.o)
 .debug_frame   0x00004000       0x20 C:/ST/STM32CubeIDE_1.18.0/STM32CubeIDE/plugins/com.st.stm32cube.ide.mcu.externaltools.gnu-tools-for-stm32.13.3.rel1.win32_1.0.0.202411081344/tools/bin/../lib/gcc/arm-none-eabi/13.3.1/../../../../arm-none-eabi/lib/thumb/v7e-m+fp/hard\libm.a(libm_a-sf_fabs.o)
 .debug_frame   0x00004020       0x20 C:/ST/STM32CubeIDE_1.18.0/STM32CubeIDE/plugins/com.st.stm32cube.ide.mcu.externaltools.gnu-tools-for-stm32.13.3.rel1.win32_1.0.0.202411081344/tools/bin/../lib/gcc/arm-none-eabi/13.3.1/../../../../arm-none-eabi/lib/thumb/v7e-m+fp/hard\libm.a(libm_a-sf_nan.o)
 .debug_frame   0x00004040       0x48 C:/ST/STM32CubeIDE_1.18.0/STM32CubeIDE/plugins/com.st.stm32cube.ide.mcu.externaltools.gnu-tools-for-stm32.13.3.rel1.win32_1.0.0.202411081344/tools/bin/../lib/gcc/arm-none-eabi/13.3.1/../../../../arm-none-eabi/lib/thumb/v7e-m+fp/hard\libm.a(libm_a-ef_asin.o)
 .debug_frame   0x00004088       0x30 C:/ST/STM32CubeIDE_1.18.0/STM32CubeIDE/plugins/com.st.stm32cube.ide.mcu.externaltools.gnu-tools-for-stm32.13.3.rel1.win32_1.0.0.202411081344/tools/bin/../lib/gcc/arm-none-eabi/13.3.1/../../../../arm-none-eabi/lib/thumb/v7e-m+fp/hard\libm.a(libm_a-ef_atan2.o)
 .debug_frame   0x000040b8       0x2c C:/ST/STM32CubeIDE_1.18.0/STM32CubeIDE/plugins/com.st.stm32cube.ide.mcu.externaltools.gnu-tools-for-stm32.13.3.rel1.win32_1.0.0.202411081344/tools/bin/../lib/gcc/arm-none-eabi/13.3.1/../../../../arm-none-eabi/lib/thumb/v7e-m+fp/hard\libm.a(libm_a-sf_atan.o)
 .debug_frame   0x000040e4       0x20 C:/ST/STM32CubeIDE_1.18.0/STM32CubeIDE/plugins/com.st.stm32cube.ide.mcu.externaltools.gnu-tools-for-stm32.13.3.rel1.win32_1.0.0.202411081344/tools/bin/../lib/gcc/arm-none-eabi/13.3.1/../../../../arm-none-eabi/lib/thumb/v7e-m+fp/hard\libm.a(libm_a-ef_sqrt.o)
 .debug_frame   0x00004104       0x44 C:/ST/STM32CubeIDE_1.18.0/STM32CubeIDE/plugins/com.st.stm32cube.ide.mcu.externaltools.gnu-tools-for-stm32.13.3.rel1.win32_1.0.0.202411081344/tools/bin/../lib/gcc/arm-none-eabi/13.3.1/thumb/v7e-m+fp/hard\libgcc.a(_aeabi_ldivmod.o)
 .debug_frame   0x00004148       0x2c C:/ST/STM32CubeIDE_1.18.0/STM32CubeIDE/plugins/com.st.stm32cube.ide.mcu.externaltools.gnu-tools-for-stm32.13.3.rel1.win32_1.0.0.202411081344/tools/bin/../lib/gcc/arm-none-eabi/13.3.1/thumb/v7e-m+fp/hard\libgcc.a(_aeabi_uldivmod.o)
 .debug_frame   0x00004174       0x34 C:/ST/STM32CubeIDE_1.18.0/STM32CubeIDE/plugins/com.st.stm32cube.ide.mcu.externaltools.gnu-tools-for-stm32.13.3.rel1.win32_1.0.0.202411081344/tools/bin/../lib/gcc/arm-none-eabi/13.3.1/thumb/v7e-m+fp/hard\libgcc.a(_udivmoddi4.o)

.debug_line_str
                0x00000000       0x75
 .debug_line_str
                0x00000000       0x75 ./Core/Startup/startup_stm32f401ccux.o
