../Core/Src/driver_mpu9250_interface_stm32.c:9:9:mpu9250_interface_spi_init	4	static
../Core/Src/driver_mpu9250_interface_stm32.c:15:9:mpu9250_interface_spi_deinit	8	static
../Core/Src/driver_mpu9250_interface_stm32.c:21:9:mpu9250_interface_spi_read	24	static
../Core/Src/driver_mpu9250_interface_stm32.c:31:9:mpu9250_interface_spi_write	24	static
../Core/Src/driver_mpu9250_interface_stm32.c:41:6:mpu9250_interface_delay_ms	16	static
../Core/Src/driver_mpu9250_interface_stm32.c:46:6:mpu9250_interface_debug_print	4	static
../Core/Src/driver_mpu9250_interface_stm32.c:52:6:mpu9250_interface_receive_callback	16	static
../Core/Src/driver_mpu9250_interface_stm32.c:57:9:mpu9250_interface_iic_init	4	static
