../Core/Src/driver_mpu9250_interface.c:61:9:mpu9250_interface_iic_init	4	static
../Core/Src/driver_mpu9250_interface.c:73:9:mpu9250_interface_iic_deinit	4	static
../Core/Src/driver_mpu9250_interface.c:89:9:mpu9250_interface_iic_read	16	static
../Core/Src/driver_mpu9250_interface.c:105:9:mpu9250_interface_iic_write	16	static
../Core/Src/driver_mpu9250_interface.c:118:9:mpu9250_interface_spi_init	8	static
../Core/Src/driver_mpu9250_interface.c:133:9:mpu9250_interface_spi_deinit	8	static
../Core/Src/driver_mpu9250_interface.c:150:9:mpu9250_interface_spi_read	24	static
../Core/Src/driver_mpu9250_interface.c:185:9:mpu9250_interface_spi_write	24	static
../Core/Src/driver_mpu9250_interface.c:215:6:mpu9250_interface_delay_ms	16	static
../Core/Src/driver_mpu9250_interface.c:225:6:mpu9250_interface_debug_print	4	static
