../Core/Src/main.c:86:6:mpu6500_receive_callback	3
../Core/Src/main.c:111:6:mpu6500_tap_callback	1
../Core/Src/main.c:119:6:mpu6500_orient_callback	1
../Core/Src/main.c:127:6:update_navigation_estimates	7
../Core/Src/main.c:156:6:send_data_via_uart	2
../Core/Src/main.c:185:5:main	3
../Core/Src/main.c:260:6:SystemClock_Config	3
../Core/Src/main.c:307:13:MX_SPI1_Init	2
../Core/Src/main.c:345:13:MX_USART1_UART_Init	2
../Core/Src/main.c:378:13:MX_GPIO_Init	1
../Core/Src/main.c:419:6:Error_Handler	1
