../Core/Src/main.c:86:6:mpu6500_receive_callback	56	static
../Core/Src/main.c:111:6:mpu6500_tap_callback	80	static
../Core/Src/main.c:119:6:mpu6500_orient_callback	72	static
../Core/Src/main.c:127:6:update_navigation_estimates	32	static
../Core/Src/main.c:156:6:send_data_via_uart	456	static
../Core/Src/main.c:185:5:main	120	static
../Core/Src/main.c:260:6:SystemClock_Config	88	static
../Core/Src/main.c:307:13:MX_SPI1_Init	8	static
../Core/Src/main.c:345:13:MX_USART1_UART_Init	8	static
../Core/Src/main.c:378:13:MX_GPIO_Init	40	static
../Core/Src/main.c:419:6:Error_Handler	4	static,ignoring_inline_asm
