../Core/Src/main.c:64:6:debug_log	1
../Core/Src/main.c:74:6:mpu6500_receive_callback	7
../Core/Src/main.c:100:6:HAL_GPIO_EXTI_Callback	3
../Core/Src/main.c:109:6:mpu6500_tap_callback	1
../Core/Src/main.c:114:6:mpu6500_orient_callback	1
../Core/Src/main.c:119:6:update_navigation_estimates	7
../Core/Src/main.c:140:6:send_data_via_uart	2
../Core/Src/main.c:164:5:main	5
../Core/Src/main.c:214:6:SystemClock_Config	3
../Core/Src/main.c:250:13:MX_SPI1_Init	2
../Core/Src/main.c:272:13:MX_USART1_UART_Init	2
../Core/Src/main.c:290:13:MX_GPIO_Init	1
../Core/Src/main.c:315:6:Error_Handler	1
