../Core/Src/main.c:64:6:debug_log	272	static
../Core/Src/main.c:74:6:mpu6500_receive_callback	72	static
../Core/Src/main.c:100:6:HAL_GPIO_EXTI_Callback	16	static
../Core/Src/main.c:109:6:mpu6500_tap_callback	16	static
../Core/Src/main.c:114:6:mpu6500_orient_callback	16	static
../Core/Src/main.c:119:6:update_navigation_estimates	32	static
../Core/Src/main.c:140:6:send_data_via_uart	456	static
../Core/Src/main.c:164:5:main	24	static
../Core/Src/main.c:214:6:SystemClock_Config	88	static
../Core/Src/main.c:250:13:MX_SPI1_Init	8	static
../Core/Src/main.c:272:13:MX_USART1_UART_Init	8	static
../Core/Src/main.c:290:13:MX_GPIO_Init	40	static
../Core/Src/main.c:315:6:Error_Handler	4	static,ignoring_inline_asm
