2025-07-14 10:48:13,877 [INFO] Activator:176 - 


2025-07-14 10:48:13,887 [INFO] Activator:177 - !SESSION log4j initialized
2025-07-14 10:48:19,599 [INFO] LogOutputStream:77 - [STDOUT_REDIRECT] 
2025-07-14 10:48:26,240 [INFO] ApplicationProperties:184 - Using Application install path: C:\ST\STM32CubeIDE_1.18.0\STM32CubeIDE\plugins\com.st.stm32cube.common.mx_6.14.0.202502271554
2025-07-14 10:48:26,267 [INFO] DbMcusXml:78 - Set database path to: C:\ST\STM32CubeIDE_1.18.0\STM32CubeIDE\plugins\com.st.stm32cube.common.mx_6.14.0.202502271554\\db\/mcu/
2025-07-14 10:48:26,267 [INFO] ApiDb:274 - Set plugin database path to: C:\ST\STM32CubeIDE_1.18.0\STM32CubeIDE\plugins\com.st.stm32cube.common.mx_6.14.0.202502271554\\db\/plugins/boardmanager/
2025-07-14 10:48:26,267 [WARN] ApiDb:259 - Overriding images path with different value:  => C:\ST\STM32CubeIDE_1.18.0\STM32CubeIDE\plugins\com.st.stm32cube.common.mx_6.14.0.202502271554\\db\/plugins/mcufinder/images/
2025-07-14 10:48:26,277 [INFO] ApiDb:250 - Set database path to: C:\Users\Alireza\.stmcufinder\plugins\mcufinder//mcu/
2025-07-14 10:48:26,277 [INFO] DbMcusAds:125 - Set database path to: C:\Users\Alireza\.stmcufinder\plugins\mcufinder//mcu/
2025-07-14 10:48:26,284 [INFO] CrossReferenceDbSqlite:203 - Set database path to: C:\Users\Alireza\.stmcufinder\plugins\mcufinder//mcu/cs/
2025-07-14 10:48:26,458 [INFO] RulesReader:64 - Compatibility file has been processed (301 Rules)
2025-07-14 10:48:26,563 [INFO] DbMcusXml:78 - Set database path to: C:\ST\STM32CubeIDE_1.18.0\STM32CubeIDE\plugins\com.st.stm32cube.common.mx_6.14.0.202502271554\\db\/mcu/
2025-07-14 10:48:26,563 [INFO] ApiDb:274 - Set plugin database path to: C:\ST\STM32CubeIDE_1.18.0\STM32CubeIDE\plugins\com.st.stm32cube.common.mx_6.14.0.202502271554\\db\/plugins/boardmanager/
2025-07-14 10:48:26,563 [INFO] ApiDb:261 - Set plugin images path to: C:\ST\STM32CubeIDE_1.18.0\STM32CubeIDE\plugins\com.st.stm32cube.common.mx_6.14.0.202502271554\\db\/plugins/mcufinder/images/
2025-07-14 10:48:26,563 [WARN] DbFile:41 - Overriding database path with different value: C:\Users\Alireza\.stmcufinder\plugins\mcufinder/ => C:\Users\Alireza\.stmcufinder\plugins\mcufinder
2025-07-14 10:48:26,563 [INFO] ApiDb:250 - Set database path to: C:\Users\Alireza\.stmcufinder\plugins\mcufinder//mcu/
2025-07-14 10:48:26,563 [WARN] DbFile:41 - Overriding database path with different value: C:\Users\Alireza\.stmcufinder\plugins\mcufinder/ => C:\Users\Alireza\.stmcufinder\plugins\mcufinder
2025-07-14 10:48:26,563 [INFO] DbMcusAds:125 - Set database path to: C:\Users\Alireza\.stmcufinder\plugins\mcufinder//mcu/
2025-07-14 10:48:26,563 [WARN] DbFile:41 - Overriding database path with different value: C:\Users\Alireza\.stmcufinder\plugins\mcufinder/ => C:\Users\Alireza\.stmcufinder\plugins\mcufinder
2025-07-14 10:48:26,563 [WARN] DbFile:41 - Overriding database path with different value: C:\Users\Alireza\.stmcufinder\plugins\mcufinder/ => C:\Users\Alireza\.stmcufinder\plugins\mcufinder
2025-07-14 10:48:26,563 [INFO] CrossReferenceDbSqlite:203 - Set database path to: C:\Users\Alireza\.stmcufinder\plugins\mcufinder//mcu/cs/
2025-07-14 10:48:26,660 [INFO] MainPanel:272 - HeapMemory: 268435456
2025-07-14 10:48:26,806 [INFO] DbMcusXml:78 - Set database path to: C:\ST\STM32CubeIDE_1.18.0\STM32CubeIDE\plugins\com.st.stm32cube.common.mx_6.14.0.202502271554\\db\/mcu/
2025-07-14 10:48:26,806 [INFO] ApiDb:274 - Set plugin database path to: C:\ST\STM32CubeIDE_1.18.0\STM32CubeIDE\plugins\com.st.stm32cube.common.mx_6.14.0.202502271554\\db\/plugins/boardmanager/
2025-07-14 10:48:26,806 [INFO] ApiDb:261 - Set plugin images path to: C:\ST\STM32CubeIDE_1.18.0\STM32CubeIDE\plugins\com.st.stm32cube.common.mx_6.14.0.202502271554\\db\/plugins/mcufinder/images/
2025-07-14 10:48:26,809 [WARN] DbFile:41 - Overriding database path with different value: C:\Users\Alireza\.stmcufinder\plugins\mcufinder/ => C:\Users\Alireza\.stmcufinder\plugins\mcufinder
2025-07-14 10:48:26,809 [INFO] ApiDb:250 - Set database path to: C:\Users\Alireza\.stmcufinder\plugins\mcufinder//mcu/
2025-07-14 10:48:26,809 [WARN] DbFile:41 - Overriding database path with different value: C:\Users\Alireza\.stmcufinder\plugins\mcufinder/ => C:\Users\Alireza\.stmcufinder\plugins\mcufinder
2025-07-14 10:48:26,809 [INFO] DbMcusAds:125 - Set database path to: C:\Users\Alireza\.stmcufinder\plugins\mcufinder//mcu/
2025-07-14 10:48:26,809 [WARN] DbFile:41 - Overriding database path with different value: C:\Users\Alireza\.stmcufinder\plugins\mcufinder/ => C:\Users\Alireza\.stmcufinder\plugins\mcufinder
2025-07-14 10:48:26,810 [WARN] DbFile:41 - Overriding database path with different value: C:\Users\Alireza\.stmcufinder\plugins\mcufinder/ => C:\Users\Alireza\.stmcufinder\plugins\mcufinder
2025-07-14 10:48:26,810 [INFO] CrossReferenceDbSqlite:203 - Set database path to: C:\Users\Alireza\.stmcufinder\plugins\mcufinder//mcu/cs/
2025-07-14 10:48:26,834 [INFO] ApplicationProperties:184 - Using Application install path: C:\ST\STM32CubeIDE_1.18.0\STM32CubeIDE\plugins\com.st.stm32cube.common.mx_6.14.0.202502271554
2025-07-14 10:48:26,837 [INFO] PluginManage:196 - Search for loadable plugins [exclusion list=, ]
2025-07-14 10:48:26,837 [INFO] PluginManage:310 - Check plugin analytics
2025-07-14 10:48:32,377 [INFO] AnalyticsPlugin:253 - Accepted Software Licenses: STM32CubeMX.6.13.0
2025-07-14 10:48:32,377 [INFO] AnalyticsPlugin:255 - Accepted CMSIS Pack Licenses: 
2025-07-14 10:48:32,377 [INFO] AnalyticsPlugin:257 - Accepted Firmware Licenses: FW.F4.1.28.0
2025-07-14 10:48:32,377 [INFO] PluginManage:359 - Loaded plugin analytics (category:tool,tabindex:-1)
2025-07-14 10:48:32,377 [INFO] PluginManage:310 - Check plugin cadmodel
2025-07-14 10:48:32,386 [INFO] CADModel:105 - Init CAD model plugin
2025-07-14 10:48:32,386 [INFO] PluginManage:359 - Loaded plugin cadmodel (category:power,tabindex:5)
2025-07-14 10:48:32,386 [INFO] PluginManage:310 - Check plugin clock
2025-07-14 10:48:32,397 [INFO] PluginManage:359 - Loaded plugin clock (category:base,tabindex:2)
2025-07-14 10:48:32,397 [INFO] PluginManage:310 - Check plugin ddr
2025-07-14 10:48:32,402 [INFO] PluginManage:359 - Loaded plugin ddr (category:tool,tabindex:6)
2025-07-14 10:48:32,402 [INFO] PluginManage:310 - Check plugin filemanager
2025-07-14 10:48:32,519 [INFO] PluginManage:359 - Loaded plugin filemanager (category:base,tabindex:10)
2025-07-14 10:48:32,519 [INFO] PluginManage:310 - Check plugin ipmanager
2025-07-14 10:48:32,528 [INFO] PluginManage:359 - Loaded plugin ipmanager (category:base,tabindex:5)
2025-07-14 10:48:32,528 [INFO] PluginManage:310 - Check plugin lpbam
2025-07-14 10:48:32,536 [INFO] PluginManage:359 - Loaded plugin lpbam (category:base,tabindex:0)
2025-07-14 10:48:32,536 [INFO] PluginManage:310 - Check plugin memorymap
2025-07-14 10:48:32,545 [INFO] PluginManage:359 - Loaded plugin memorymap (category:base,tabindex:4)
2025-07-14 10:48:32,545 [INFO] PluginManage:310 - Check plugin pinoutandconfiguration
2025-07-14 10:48:32,558 [INFO] PluginManage:359 - Loaded plugin pinoutandconfiguration (category:base,tabindex:1)
2025-07-14 10:48:32,558 [INFO] PluginManage:310 - Check plugin pinoutconfig
2025-07-14 10:48:32,642 [WARN] SupportedApi:132 - Cannot load RTOS API schema: s4s-elt-must-match.1: The content of 'definitions' must match (annotation?, (simpleType | complexType)?, (unique | key | keyref)*)). A problem was found starting at: attribute.
2025-07-14 10:48:32,798 [INFO] PluginManage:359 - Loaded plugin pinoutconfig (category:base,tabindex:0)
2025-07-14 10:48:32,798 [INFO] PluginManage:310 - Check plugin power
2025-07-14 10:48:32,809 [INFO] PluginManage:359 - Loaded plugin power (category:power,tabindex:4)
2025-07-14 10:48:32,809 [INFO] PluginManage:310 - Check plugin projectmanager
2025-07-14 10:48:32,822 [INFO] PluginManage:359 - Loaded plugin projectmanager (category:projectmanager,tabindex:4)
2025-07-14 10:48:32,822 [INFO] PluginManage:310 - Check plugin rif
2025-07-14 10:48:32,833 [INFO] PluginManage:359 - Loaded plugin rif (category:base,tabindex:3)
2025-07-14 10:48:32,833 [INFO] PluginManage:310 - Check plugin thirdparty
2025-07-14 10:48:32,967 [INFO] PluginManage:359 - Loaded plugin thirdparty (category:base,tabindex:-1)
2025-07-14 10:48:32,967 [WARN] IntegrityCheckThread:84 - waiting for thirdparty lock release [integrity check]
2025-07-14 10:48:32,970 [INFO] PluginManage:310 - Check plugin tools
2025-07-14 10:48:32,970 [INFO] IntegrityCheckThread:86 - entering critical section [integrity check]
2025-07-14 10:48:32,970 [INFO] ThirdPartyUpdaterWithRetryManager:70 - Updater plugin not ready yet. [1/15]
2025-07-14 10:48:32,970 [INFO] PluginManage:359 - Loaded plugin tools (category:base,tabindex:7)
2025-07-14 10:48:32,970 [INFO] PluginManage:310 - Check plugin tutovideos
2025-07-14 10:48:33,153 [INFO] PluginManage:359 - Loaded plugin tutovideos (category:base,tabindex:-1)
2025-07-14 10:48:33,153 [INFO] PluginManage:310 - Check plugin updater
2025-07-14 10:48:33,177 [INFO] PluginManage:359 - Loaded plugin updater (category:base,tabindex:12)
2025-07-14 10:48:33,177 [INFO] PluginManage:310 - Check plugin userauth
2025-07-14 10:48:33,177 [INFO] UserAuth:118 - Init User Auth plugin
2025-07-14 10:48:33,184 [INFO] PluginManage:359 - Loaded plugin userauth (category:base,tabindex:14)
2025-07-14 10:48:33,184 [INFO] PluginManage:283 - PluginManage : Loaded plugins [18]
2025-07-14 10:48:33,417 [INFO] PinOutPanel:1589 - setPackage(No Configuration,No Configuration)
2025-07-14 10:48:33,481 [INFO] CADModel:165 - CPN selected for project level
2025-07-14 10:48:33,481 [INFO] CADModel:114 - Register for checkConnection events
2025-07-14 10:48:33,486 [INFO] IPUIPlugin:80 - create IPUIPlugin
2025-07-14 10:48:33,486 [INFO] PluginManager:220 - loadIPPluginJar : add adc
2025-07-14 10:48:33,495 [INFO] IPUIPlugin:80 - create IPUIPlugin
2025-07-14 10:48:33,495 [INFO] PluginManager:220 - loadIPPluginJar : add aes
2025-07-14 10:48:33,497 [INFO] IPUIPlugin:80 - create IPUIPlugin
2025-07-14 10:48:33,497 [INFO] PluginManager:220 - loadIPPluginJar : add can
2025-07-14 10:48:33,497 [INFO] IPUIPlugin:80 - create IPUIPlugin
2025-07-14 10:48:33,497 [INFO] PluginManager:220 - loadIPPluginJar : add comp
2025-07-14 10:48:33,503 [INFO] IPUIPlugin:80 - create IPUIPlugin
2025-07-14 10:48:33,503 [INFO] PluginManager:220 - loadIPPluginJar : add cryp
2025-07-14 10:48:33,503 [INFO] IPUIPlugin:80 - create IPUIPlugin
2025-07-14 10:48:33,503 [INFO] PluginManager:220 - loadIPPluginJar : add ddr_ctrl_phy
2025-07-14 10:48:33,503 [INFO] IPUIPlugin:80 - create IPUIPlugin
2025-07-14 10:48:33,503 [INFO] PluginManager:220 - loadIPPluginJar : add dfsdm
2025-07-14 10:48:33,511 [INFO] IPUIPlugin:80 - create IPUIPlugin
2025-07-14 10:48:33,511 [INFO] PluginManager:220 - loadIPPluginJar : add dma
2025-07-14 10:48:33,511 [INFO] IPUIPlugin:80 - create IPUIPlugin
2025-07-14 10:48:33,511 [INFO] PluginManager:220 - loadIPPluginJar : add dma3
2025-07-14 10:48:33,511 [INFO] IPUIPlugin:80 - create IPUIPlugin
2025-07-14 10:48:33,511 [INFO] PluginManager:220 - loadIPPluginJar : add extmemmanager
2025-07-14 10:48:33,511 [INFO] IPUIPlugin:80 - create IPUIPlugin
2025-07-14 10:48:33,511 [INFO] PluginManager:220 - loadIPPluginJar : add fatfs
2025-07-14 10:48:33,519 [INFO] IPUIPlugin:80 - create IPUIPlugin
2025-07-14 10:48:33,519 [INFO] PluginManager:220 - loadIPPluginJar : add fmc
2025-07-14 10:48:33,525 [INFO] IPUIPlugin:80 - create IPUIPlugin
2025-07-14 10:48:33,525 [INFO] PluginManager:220 - loadIPPluginJar : add freertos
2025-07-14 10:48:33,527 [INFO] IPUIPlugin:80 - create IPUIPlugin
2025-07-14 10:48:33,527 [INFO] PluginManager:220 - loadIPPluginJar : add genericplugin
2025-07-14 10:48:33,527 [INFO] IPUIPlugin:80 - create IPUIPlugin
2025-07-14 10:48:33,527 [INFO] PluginManager:220 - loadIPPluginJar : add gfxmmu
2025-07-14 10:48:33,534 [INFO] IPUIPlugin:80 - create IPUIPlugin
2025-07-14 10:48:33,535 [INFO] PluginManager:220 - loadIPPluginJar : add gic
2025-07-14 10:48:33,539 [INFO] IPUIPlugin:80 - create IPUIPlugin
2025-07-14 10:48:33,539 [INFO] PluginManager:220 - loadIPPluginJar : add gpio
2025-07-14 10:48:33,539 [INFO] IPUIPlugin:80 - create IPUIPlugin
2025-07-14 10:48:33,539 [INFO] PluginManager:220 - loadIPPluginJar : add gtzc
2025-07-14 10:48:33,543 [INFO] IPUIPlugin:80 - create IPUIPlugin
2025-07-14 10:48:33,543 [INFO] PluginManager:220 - loadIPPluginJar : add hash
2025-07-14 10:48:33,546 [INFO] IPUIPlugin:80 - create IPUIPlugin
2025-07-14 10:48:33,546 [INFO] PluginManager:220 - loadIPPluginJar : add i2c
2025-07-14 10:48:33,546 [INFO] IPUIPlugin:80 - create IPUIPlugin
2025-07-14 10:48:33,546 [INFO] PluginManager:220 - loadIPPluginJar : add i2s
2025-07-14 10:48:33,552 [INFO] IPUIPlugin:80 - create IPUIPlugin
2025-07-14 10:48:33,552 [INFO] PluginManager:220 - loadIPPluginJar : add i3c
2025-07-14 10:48:33,552 [INFO] IPUIPlugin:80 - create IPUIPlugin
2025-07-14 10:48:33,552 [INFO] PluginManager:220 - loadIPPluginJar : add ipddr
2025-07-14 10:48:33,560 [INFO] IPUIPlugin:80 - create IPUIPlugin
2025-07-14 10:48:33,560 [INFO] PluginManager:220 - loadIPPluginJar : add linkedlist
2025-07-14 10:48:33,560 [INFO] IPUIPlugin:80 - create IPUIPlugin
2025-07-14 10:48:33,560 [INFO] PluginManager:220 - loadIPPluginJar : add lorawan
2025-07-14 10:48:33,567 [INFO] IPUIPlugin:80 - create IPUIPlugin
2025-07-14 10:48:33,567 [INFO] PluginManager:220 - loadIPPluginJar : add ltdc
2025-07-14 10:48:33,572 [INFO] IPUIPlugin:80 - create IPUIPlugin
2025-07-14 10:48:33,572 [INFO] PluginManager:220 - loadIPPluginJar : add mdma
2025-07-14 10:48:33,574 [INFO] IPUIPlugin:80 - create IPUIPlugin
2025-07-14 10:48:33,574 [INFO] PluginManager:220 - loadIPPluginJar : add nvic
2025-07-14 10:48:33,574 [INFO] IPUIPlugin:80 - create IPUIPlugin
2025-07-14 10:48:33,574 [INFO] PluginManager:220 - loadIPPluginJar : add opamp
2025-07-14 10:48:33,581 [INFO] IPUIPlugin:80 - create IPUIPlugin
2025-07-14 10:48:33,581 [INFO] PluginManager:220 - loadIPPluginJar : add openamp
2025-07-14 10:48:33,585 [INFO] IPUIPlugin:80 - create IPUIPlugin
2025-07-14 10:48:33,585 [INFO] PluginManager:220 - loadIPPluginJar : add pdm2pcm
2025-07-14 10:48:33,587 [INFO] IPUIPlugin:80 - create IPUIPlugin
2025-07-14 10:48:33,591 [INFO] PluginManager:220 - loadIPPluginJar : add plateformsettings
2025-07-14 10:48:33,591 [INFO] IPUIPlugin:80 - create IPUIPlugin
2025-07-14 10:48:33,591 [INFO] PluginManager:220 - loadIPPluginJar : add quadspi
2025-07-14 10:48:33,595 [INFO] IPUIPlugin:80 - create IPUIPlugin
2025-07-14 10:48:33,595 [INFO] PluginManager:220 - loadIPPluginJar : add radio
2025-07-14 10:48:33,599 [INFO] IPUIPlugin:80 - create IPUIPlugin
2025-07-14 10:48:33,599 [INFO] PluginManager:220 - loadIPPluginJar : add resmgrutility
2025-07-14 10:48:33,601 [INFO] IPUIPlugin:80 - create IPUIPlugin
2025-07-14 10:48:33,602 [INFO] PluginManager:220 - loadIPPluginJar : add sai
2025-07-14 10:48:33,602 [INFO] IPUIPlugin:80 - create IPUIPlugin
2025-07-14 10:48:33,604 [INFO] PluginManager:220 - loadIPPluginJar : add spi
2025-07-14 10:48:33,608 [INFO] IPUIPlugin:80 - create IPUIPlugin
2025-07-14 10:48:33,608 [INFO] PluginManager:220 - loadIPPluginJar : add stm32_wpan
2025-07-14 10:48:33,608 [INFO] IPUIPlugin:80 - create IPUIPlugin
2025-07-14 10:48:33,608 [INFO] PluginManager:220 - loadIPPluginJar : add tim
2025-07-14 10:48:33,608 [INFO] IPUIPlugin:80 - create IPUIPlugin
2025-07-14 10:48:33,608 [INFO] PluginManager:220 - loadIPPluginJar : add touchsensing
2025-07-14 10:48:33,608 [INFO] IPUIPlugin:80 - create IPUIPlugin
2025-07-14 10:48:33,608 [INFO] PluginManager:220 - loadIPPluginJar : add tracer_emb
2025-07-14 10:48:33,615 [INFO] IPUIPlugin:80 - create IPUIPlugin
2025-07-14 10:48:33,615 [INFO] PluginManager:220 - loadIPPluginJar : add ts
2025-07-14 10:48:33,618 [INFO] IPUIPlugin:80 - create IPUIPlugin
2025-07-14 10:48:33,618 [INFO] PluginManager:220 - loadIPPluginJar : add tsc
2025-07-14 10:48:33,618 [INFO] IPUIPlugin:80 - create IPUIPlugin
2025-07-14 10:48:33,618 [INFO] PluginManager:220 - loadIPPluginJar : add ucpd
2025-07-14 10:48:33,622 [INFO] IPUIPlugin:80 - create IPUIPlugin
2025-07-14 10:48:33,622 [INFO] PluginManager:220 - loadIPPluginJar : add usart
2025-07-14 10:48:33,624 [INFO] IPUIPlugin:80 - create IPUIPlugin
2025-07-14 10:48:33,624 [INFO] PluginManager:220 - loadIPPluginJar : add usbx
2025-07-14 10:48:33,752 [FATAL] Updater:351 - Updater called before beeing initialized
2025-07-14 10:48:33,774 [INFO] RulesReader:64 - Compatibility file has been processed (301 Rules)
2025-07-14 10:48:33,788 [INFO] RulesReader:64 - Compatibility file has been processed (301 Rules)
2025-07-14 10:48:33,799 [INFO] CADModel:165 - CPN selected for project level
2025-07-14 10:48:33,800 [INFO] CADModel:114 - Register for checkConnection events
2025-07-14 10:48:33,800 [FATAL] Updater:351 - Updater called before beeing initialized
2025-07-14 10:48:33,800 [ERROR] CADModel:125 - Updater not yet initialized, retry later 
2025-07-14 10:48:33,968 [FATAL] Updater:351 - Updater called before beeing initialized
2025-07-14 10:48:33,972 [INFO] CADModel:165 - CPN selected for project level
2025-07-14 10:48:33,972 [INFO] CADModel:114 - Register for checkConnection events
2025-07-14 10:48:33,972 [FATAL] Updater:351 - Updater called before beeing initialized
2025-07-14 10:48:33,972 [ERROR] CADModel:125 - Updater not yet initialized, retry later 
2025-07-14 10:48:33,976 [FATAL] Updater:351 - Updater called before beeing initialized
2025-07-14 10:48:34,090 [FATAL] Updater:351 - Updater called before beeing initialized
2025-07-14 10:48:34,091 [INFO] DbMcusAds:53 - JSON generation date=Wed May 07 12:37:55 IRST 2025 (1746608875484)
2025-07-14 10:48:34,091 [FATAL] Updater:351 - Updater called before beeing initialized
2025-07-14 10:48:34,124 [WARN] DetailPanel:346 - Failed to get advertising image, set to default
2025-07-14 10:48:34,347 [FATAL] Updater:351 - Updater called before beeing initialized
2025-07-14 10:48:34,347 [FATAL] Updater:351 - Updater called before beeing initialized
2025-07-14 10:48:34,347 [FATAL] Updater:351 - Updater called before beeing initialized
2025-07-14 10:48:34,347 [WARN] DetailPanel:346 - Failed to get advertising image, set to default
2025-07-14 10:48:34,355 [FATAL] Updater:351 - Updater called before beeing initialized
2025-07-14 10:48:34,385 [ERROR] Updater:1198 - MainUpdater not yet initialized. External WinMGr cannot be set.
2025-07-14 10:48:34,394 [INFO] Updater:1134 - Updater Version found : 6.14.0
2025-07-14 10:48:34,406 [INFO] ApplicationProperties:184 - Using Application install path: C:\ST\STM32CubeIDE_1.18.0\STM32CubeIDE\plugins\com.st.stm32cube.common.mx_6.14.0.202502271554
2025-07-14 10:48:35,470 [INFO] MainUpdater:2872 - connection check result : 10
2025-07-14 10:48:35,470 [INFO] MainUpdater:289 - Updater Check For Update Now.
2025-07-14 10:48:35,470 [INFO] MicroXplorer:498 - Change Database Version : DB.6.0.140
2025-07-14 10:48:35,470 [INFO] McuFinderGlobals:63 - Set McuFinder mode to 2 (CubeIDE integrated)
2025-07-14 10:48:35,480 [INFO] UserAuth:486 - Internet connection configuration mode: 1
2025-07-14 10:48:35,504 [INFO] JxBrowserEngine:152 - Initiate JxBrowser Engine with user profile folder
2025-07-14 10:48:35,684 [INFO] CheckServerUpdateThread:120 - End of CheckServer Thread
2025-07-14 10:48:36,308 [WARN] PackLoader:240 - Cannot read IP mode file for STMicroelectronics.FP-SNS-MOTENVWB1.1.4.0
2025-07-14 10:48:36,317 [WARN] PackLoader:240 - Cannot read IP mode file for STMicroelectronics.FP-ATR-ASTRA1.2.0.2
2025-07-14 10:48:36,327 [WARN] PackLoader:240 - Cannot read IP mode file for STMicroelectronics.X-CUBE-SMBUS.2.1.0
2025-07-14 10:48:36,333 [WARN] PackLoader:240 - Cannot read IP mode file for STMicroelectronics.X-CUBE-ST60.1.0.0
2025-07-14 10:48:36,500 [WARN] PackLoader:240 - Cannot read IP mode file for STMicroelectronics.X-CUBE-AZRTOS-F7.1.1.0
2025-07-14 10:48:36,579 [WARN] PackLoader:240 - Cannot read IP mode file for Infineon.AIROC-Wi-Fi-Bluetooth-STM32.1.7.0
2025-07-14 10:48:36,622 [WARN] PackLoader:240 - Cannot read IP mode file for STMicroelectronics.X-CUBE-AZRTOS-H7.3.4.0
2025-07-14 10:48:36,632 [WARN] PackLoader:240 - Cannot read IP mode file for STMicroelectronics.X-CUBE-DISPLAY.3.0.0
2025-07-14 10:48:36,642 [WARN] PackLoader:240 - Cannot read IP mode file for STMicroelectronics.X-CUBE-NFC10.1.0.0
2025-07-14 10:48:36,653 [INFO] WebApp:169 - Instantiating new browser for Auth
2025-07-14 10:48:36,662 [WARN] PackLoader:240 - Cannot read IP mode file for STMicroelectronics.X-CUBE-BLEMGR.4.0.0
2025-07-14 10:48:36,720 [WARN] PackLoader:240 - Cannot read IP mode file for emotas.I-CUBE-CANOPEN.1.3.0
2025-07-14 10:48:36,727 [WARN] ConditionMgr:438 - getConditionDescription Invalid condition id : Cortex-A Device cause : null
2025-07-14 10:48:36,738 [WARN] ConditionMgr:1044 - genDependencies : Invalid condition id : Cortex-A Device cause : null
2025-07-14 10:48:36,738 [WARN] ConditionMgr:1044 - genDependencies : Invalid condition id : Cortex-A Device cause : null
2025-07-14 10:48:36,738 [WARN] ConditionMgr:1044 - genDependencies : Invalid condition id : Cortex-A Device cause : null
2025-07-14 10:48:36,742 [WARN] PackLoader:240 - Cannot read IP mode file for STMicroelectronics.X-CUBE-AI.10.0.0
2025-07-14 10:48:36,746 [WARN] PackLoader:240 - Cannot read IP mode file for STMicroelectronics.FP-SNS-SMARTAG2.1.2.0
2025-07-14 10:48:36,750 [WARN] PackLoader:240 - Cannot read IP mode file for STMicroelectronics.FP-SNS-FLIGHT1.5.1.0
2025-07-14 10:48:36,762 [INFO] LogOutputStream:77 - [STDOUT_REDIRECT] 1 : Invalid condition id : UX_CORESTACK_Condition cause : null
2025-07-14 10:48:36,764 [INFO] LogOutputStream:77 - [STDOUT_REDIRECT] 1 : Invalid condition id : UX_CORESTACK_Condition cause : null
2025-07-14 10:48:36,767 [INFO] LogOutputStream:77 - [STDOUT_REDIRECT] 1 : Invalid condition id : UX_CORESTACK_Condition cause : null
2025-07-14 10:48:36,767 [INFO] LogOutputStream:77 - [STDOUT_REDIRECT] 1 : Invalid condition id : UX_CORESTACK_Condition cause : null
2025-07-14 10:48:36,767 [INFO] LogOutputStream:77 - [STDOUT_REDIRECT] 1 : Invalid condition id : UX_CORESTACK_Condition cause : null
2025-07-14 10:48:36,776 [WARN] PackLoader:240 - Cannot read IP mode file for STMicroelectronics.X-CUBE-AZRTOS-WL.2.0.0
2025-07-14 10:48:36,785 [WARN] PackLoader:240 - Cannot read IP mode file for STMicroelectronics.FP-SNS-MOTENV1.5.0.0
2025-07-14 10:48:36,803 [WARN] PackLoader:240 - Cannot read IP mode file for WES.I-CUBE-Cesium.1.3.0
2025-07-14 10:48:36,811 [WARN] PackLoader:240 - Cannot read IP mode file for STMicroelectronics.X-CUBE-BLE2.3.3.0
2025-07-14 10:48:36,823 [WARN] PackLoader:240 - Cannot read IP mode file for STMicroelectronics.X-CUBE-NFC9.1.0.0
2025-07-14 10:48:36,823 [WARN] PackLoader:240 - Cannot read IP mode file for STMicroelectronics.X-CUBE-BLE1.7.1.0
2025-07-14 10:48:36,834 [WARN] PackLoader:240 - Cannot read IP mode file for wolfSSL.I-CUBE-wolfMQTT.1.19.2
2025-07-14 10:48:36,840 [WARN] PackLoader:240 - Cannot read IP mode file for STMicroelectronics.X-CUBE-EEPRMA1.5.2.0
2025-07-14 10:48:36,847 [WARN] PackLoader:240 - Cannot read IP mode file for STMicroelectronics.X-CUBE-AI.10.1.0
2025-07-14 10:48:36,900 [WARN] PackLoader:240 - Cannot read IP mode file for STMicroelectronics.X-CUBE-MEMS1.11.2.0
2025-07-14 10:48:37,148 [WARN] PackLoader:240 - Cannot read IP mode file for STMicroelectronics.X-CUBE-AZRTOS-G0.1.1.0
2025-07-14 10:48:37,156 [WARN] PackLoader:240 - Cannot read IP mode file for STMicroelectronics.X-CUBE-SAFEA1.1.2.2
2025-07-14 10:48:37,164 [WARN] PackLoader:240 - Cannot read IP mode file for STMicroelectronics.X-CUBE-NFC4.3.0.0
2025-07-14 10:48:37,174 [WARN] PackLoader:240 - Cannot read IP mode file for EmbeddedOffice.I-CUBE-FS-RTOS.1.0.1
2025-07-14 10:48:37,183 [WARN] PackLoader:240 - Cannot read IP mode file for STMicroelectronics.X-CUBE-WB05N.2.0.0
2025-07-14 10:48:37,184 [WARN] PackLoader:240 - Cannot read IP mode file for wolfSSL.I-CUBE-wolfTPM.3.8.0
2025-07-14 10:48:37,193 [WARN] PackLoader:240 - Cannot read IP mode file for STMicroelectronics.X-CUBE-TCPP.4.2.0
2025-07-14 10:48:37,204 [WARN] PackLoader:240 - Cannot read IP mode file for RealThread.X-CUBE-RT-Thread_Nano.4.1.1
2025-07-14 10:48:37,208 [WARN] PackLoader:240 - Cannot read IP mode file for STMicroelectronics.FP-ATR-SIGFOX1.3.2.0
2025-07-14 10:48:37,214 [WARN] PackLoader:240 - Cannot read IP mode file for STMicroelectronics.X-CUBE-EEPRMA1.5.1.0
2025-07-14 10:48:37,214 [WARN] PackLoader:240 - Cannot read IP mode file for wolfSSL.I-CUBE-wolfSSL.5.7.6
2025-07-14 10:48:37,228 [WARN] PackLoader:240 - Cannot read IP mode file for ITTIA_DB.I-CUBE-ITTIADB.8.9.0
2025-07-14 10:48:37,260 [WARN] PackLoader:240 - Cannot read IP mode file for STMicroelectronics.X-CUBE-ST67W61.1.0.0
2025-07-14 10:48:37,314 [WARN] PackLoader:240 - Cannot read IP mode file for SEGGER.I-CUBE-embOS.1.3.1
2025-07-14 10:48:37,353 [WARN] PackLoader:240 - Cannot read IP mode file for STMicroelectronics.X-CUBE-ALGOBUILD.1.4.0
2025-07-14 10:48:37,402 [WARN] PackLoader:240 - Cannot read IP mode file for STMicroelectronics.X-CUBE-MEMS1.11.3.0
2025-07-14 10:48:37,500 [WARN] PackLoader:240 - Cannot read IP mode file for STMicroelectronics.X-CUBE-PM33A1.1.0.0
2025-07-14 10:48:37,517 [WARN] PackLoader:240 - Cannot read IP mode file for STMicroelectronics.X-CUBE-AZRTOS-F4.1.1.0
2025-07-14 10:48:37,525 [WARN] PackLoader:240 - Cannot read IP mode file for Avnet-IotConnect.X-CUBE-IoTC-DA16k-PMOD.1.0.0
2025-07-14 10:48:37,559 [WARN] PackLoader:240 - Cannot read IP mode file for STMicroelectronics.X-CUBE-ISPU.2.1.0
2025-07-14 10:48:37,573 [WARN] PackLoader:240 - Cannot read IP mode file for STMicroelectronics.X-CUBE-NFC12.1.0.0
2025-07-14 10:48:37,596 [WARN] PackLoader:240 - Cannot read IP mode file for STMicroelectronics.X-CUBE-AZRTOS-L5.2.0.0
2025-07-14 10:48:37,618 [WARN] PackLoader:240 - Cannot read IP mode file for STMicroelectronics.X-CUBE-NFC6.3.1.0
2025-07-14 10:48:37,628 [WARN] PackLoader:240 - Cannot read IP mode file for STMicroelectronics.X-CUBE-FREERTOS.1.3.1
2025-07-14 10:48:37,636 [WARN] PackLoader:240 - Cannot read IP mode file for STMicroelectronics.X-CUBE-FREERTOS.1.3.0
2025-07-14 10:48:37,645 [WARN] PackLoader:240 - Cannot read IP mode file for STMicroelectronics.FP-SNS-STAIOTCFT.1.0.0
2025-07-14 10:48:37,658 [WARN] PackLoader:240 - Cannot read IP mode file for STMicroelectronics.X-CUBE-DPower.1.3.0
2025-07-14 10:48:37,708 [WARN] ConditionMgr:438 - getConditionDescription Invalid condition id : LAN8742 Phy interface Condition cause : null
2025-07-14 10:48:37,710 [WARN] PackLoader:240 - Cannot read IP mode file for STMicroelectronics.X-CUBE-AZRTOS-L4.2.0.0
2025-07-14 10:48:37,710 [WARN] ConditionMgr:1044 - genDependencies : Invalid condition id : LAN8742 Phy interface Condition cause : null
2025-07-14 10:48:37,712 [WARN] ConditionMgr:1044 - genDependencies : Invalid condition id : LAN8742 Phy interface Condition cause : null
2025-07-14 10:48:37,712 [WARN] ConditionMgr:1044 - genDependencies : Invalid condition id : LAN8742 Phy interface Condition cause : null
2025-07-14 10:48:37,714 [INFO] WebApp:463 - Apply proxy settings
2025-07-14 10:48:37,714 [INFO] WebApp:548 - Chromium requires no authentication
2025-07-14 10:48:37,729 [WARN] PackLoader:240 - Cannot read IP mode file for STMicroelectronics.X-CUBE-SFXS2LP1.4.0.0
2025-07-14 10:48:37,733 [INFO] WebApp:491 - Direct internet connection detected
2025-07-14 10:48:37,753 [WARN] PackLoader:240 - Cannot read IP mode file for STMicroelectronics.X-CUBE-AZRTOS-H7.3.3.0
2025-07-14 10:48:37,772 [WARN] ConditionMgr:438 - getConditionDescription Invalid condition id : UX DEVICE CLASS RTOS Condition cause : null
2025-07-14 10:48:37,773 [WARN] ConditionMgr:438 - getConditionDescription Invalid condition id : UX DEVICE CLASS RTOS Condition cause : null
2025-07-14 10:48:37,773 [WARN] PackLoader:240 - Cannot read IP mode file for STMicroelectronics.X-CUBE-AZRTOS-WB.2.0.0
2025-07-14 10:48:37,773 [WARN] ConditionMgr:1044 - genDependencies : Invalid condition id : UX DEVICE CLASS RTOS Condition cause : null
2025-07-14 10:48:37,773 [WARN] ConditionMgr:1044 - genDependencies : Invalid condition id : UX DEVICE CLASS RTOS Condition cause : null
2025-07-14 10:48:37,773 [WARN] ConditionMgr:1044 - genDependencies : Invalid condition id : UX DEVICE CLASS RTOS Condition cause : null
2025-07-14 10:48:37,776 [WARN] ConditionMgr:1044 - genDependencies : Invalid condition id : UX DEVICE CLASS RTOS Condition cause : null
2025-07-14 10:48:37,776 [WARN] ConditionMgr:1044 - genDependencies : Invalid condition id : UX DEVICE CLASS RTOS Condition cause : null
2025-07-14 10:48:37,780 [INFO] WebApp:894 - Register for checkConnection events
2025-07-14 10:48:37,780 [INFO] WebApp:463 - Apply proxy settings
2025-07-14 10:48:37,780 [INFO] WebApp:548 - Chromium requires no authentication
2025-07-14 10:48:37,780 [INFO] WebApp:491 - Direct internet connection detected
2025-07-14 10:48:37,784 [WARN] PackLoader:240 - Cannot read IP mode file for STMicroelectronics.X-CUBE-GNSS1.7.0.1
2025-07-14 10:48:37,786 [WARN] PackLoader:240 - Cannot read IP mode file for STMicroelectronics.X-CUBE-TOUCHGFX.4.25.0
2025-07-14 10:48:37,794 [WARN] PackLoader:240 - Cannot read IP mode file for STMicroelectronics.FP-SNS-STBOX1.2.0.0
2025-07-14 10:48:37,812 [WARN] PackLoader:240 - Cannot read IP mode file for STMicroelectronics.X-CUBE-SUBG2.5.0.0
2025-07-14 10:48:37,864 [WARN] PackLoader:240 - Cannot read IP mode file for STMicroelectronics.X-CUBE-AZRTOS-H7RS.1.1.0
2025-07-14 10:48:37,876 [WARN] PackLoader:240 - Cannot read IP mode file for Cesanta.I-CUBE-Mongoose.7.13.0
2025-07-14 10:48:37,894 [WARN] PackLoader:240 - Cannot read IP mode file for STMicroelectronics.X-CUBE-AZRTOS-G4.2.0.0
2025-07-14 10:48:37,901 [WARN] PackLoader:240 - Cannot read IP mode file for wolfSSL.I-CUBE-wolfSSH.1.4.20
2025-07-14 10:48:37,904 [WARN] PackLoader:240 - Cannot read IP mode file for STMicroelectronics.X-CUBE-NFC7.2.0.0
2025-07-14 10:48:37,915 [WARN] PackLoader:240 - Cannot read IP mode file for STMicroelectronics.X-CUBE-IPS.3.1.0
2025-07-14 10:48:37,925 [WARN] PackLoader:240 - Cannot read IP mode file for STMicroelectronics.X-CUBE-ALS.1.0.2
2025-07-14 10:48:37,930 [WARN] PackLoader:240 - Cannot read IP mode file for portGmbH.I-Cube-SoM-uGOAL.1.1.0
2025-07-14 10:48:37,934 [WARN] PackLoader:240 - Cannot read IP mode file for STMicroelectronics.X-CUBE-TOF1.3.4.3
2025-07-14 10:48:37,947 [INFO] ThirdParty:978 - Integrity check success = true
2025-07-14 10:48:37,947 [INFO] IntegrityCheckThread:100 - exiting critical section [integrity check]
2025-07-14 10:48:37,947 [INFO] IntegrityCheckThread:103 - End integrity checks thread
2025-07-14 10:48:38,083 [INFO] WebApp:225 - Starting web application
2025-07-14 10:48:38,083 [INFO] WebApp:593 - Web application path used C:\ST\STM32CubeIDE_1.18.0\STM32CubeIDE\plugins\com.st.stm32cube.common.mx_6.14.0.202502271554\db\plugins\mcufinder\reactClient1\index.html
2025-07-14 10:48:38,309 [INFO] UserAuth:486 - Internet connection configuration mode: 1
2025-07-14 10:48:38,921 [INFO] WebApp:191 - Connection restablished
2025-07-14 11:38:29,191 [ERROR] LogOutputStream:75 - [STDERR_REDIRECT] 
2025-07-14 15:56:44,549 [INFO] Activator:176 - 


2025-07-14 15:56:44,552 [INFO] Activator:177 - !SESSION log4j initialized
2025-07-14 15:56:51,992 [INFO] LogOutputStream:77 - [STDOUT_REDIRECT] 
2025-07-14 15:56:56,252 [INFO] ApplicationProperties:184 - Using Application install path: C:\ST\STM32CubeIDE_1.18.0\STM32CubeIDE\plugins\com.st.stm32cube.common.mx_6.14.0.202502271554
2025-07-14 15:56:56,289 [INFO] DbMcusXml:78 - Set database path to: C:\ST\STM32CubeIDE_1.18.0\STM32CubeIDE\plugins\com.st.stm32cube.common.mx_6.14.0.202502271554\\db\/mcu/
2025-07-14 15:56:56,290 [INFO] ApiDb:274 - Set plugin database path to: C:\ST\STM32CubeIDE_1.18.0\STM32CubeIDE\plugins\com.st.stm32cube.common.mx_6.14.0.202502271554\\db\/plugins/boardmanager/
2025-07-14 15:56:56,291 [WARN] ApiDb:259 - Overriding images path with different value:  => C:\ST\STM32CubeIDE_1.18.0\STM32CubeIDE\plugins\com.st.stm32cube.common.mx_6.14.0.202502271554\\db\/plugins/mcufinder/images/
2025-07-14 15:56:56,306 [INFO] ApiDb:250 - Set database path to: C:\Users\Alireza\.stmcufinder\plugins\mcufinder//mcu/
2025-07-14 15:56:56,308 [INFO] DbMcusAds:125 - Set database path to: C:\Users\Alireza\.stmcufinder\plugins\mcufinder//mcu/
2025-07-14 15:56:56,313 [INFO] CrossReferenceDbSqlite:203 - Set database path to: C:\Users\Alireza\.stmcufinder\plugins\mcufinder//mcu/cs/
2025-07-14 15:56:56,638 [INFO] RulesReader:64 - Compatibility file has been processed (301 Rules)
2025-07-14 15:56:56,827 [INFO] DbMcusXml:78 - Set database path to: C:\ST\STM32CubeIDE_1.18.0\STM32CubeIDE\plugins\com.st.stm32cube.common.mx_6.14.0.202502271554\\db\/mcu/
2025-07-14 15:56:56,827 [INFO] ApiDb:274 - Set plugin database path to: C:\ST\STM32CubeIDE_1.18.0\STM32CubeIDE\plugins\com.st.stm32cube.common.mx_6.14.0.202502271554\\db\/plugins/boardmanager/
2025-07-14 15:56:56,827 [INFO] ApiDb:261 - Set plugin images path to: C:\ST\STM32CubeIDE_1.18.0\STM32CubeIDE\plugins\com.st.stm32cube.common.mx_6.14.0.202502271554\\db\/plugins/mcufinder/images/
2025-07-14 15:56:56,828 [WARN] DbFile:41 - Overriding database path with different value: C:\Users\Alireza\.stmcufinder\plugins\mcufinder/ => C:\Users\Alireza\.stmcufinder\plugins\mcufinder
2025-07-14 15:56:56,829 [INFO] ApiDb:250 - Set database path to: C:\Users\Alireza\.stmcufinder\plugins\mcufinder//mcu/
2025-07-14 15:56:56,829 [WARN] DbFile:41 - Overriding database path with different value: C:\Users\Alireza\.stmcufinder\plugins\mcufinder/ => C:\Users\Alireza\.stmcufinder\plugins\mcufinder
2025-07-14 15:56:56,829 [INFO] DbMcusAds:125 - Set database path to: C:\Users\Alireza\.stmcufinder\plugins\mcufinder//mcu/
2025-07-14 15:56:56,829 [WARN] DbFile:41 - Overriding database path with different value: C:\Users\Alireza\.stmcufinder\plugins\mcufinder/ => C:\Users\Alireza\.stmcufinder\plugins\mcufinder
2025-07-14 15:56:56,830 [WARN] DbFile:41 - Overriding database path with different value: C:\Users\Alireza\.stmcufinder\plugins\mcufinder/ => C:\Users\Alireza\.stmcufinder\plugins\mcufinder
2025-07-14 15:56:56,830 [INFO] CrossReferenceDbSqlite:203 - Set database path to: C:\Users\Alireza\.stmcufinder\plugins\mcufinder//mcu/cs/
2025-07-14 15:56:56,975 [INFO] MainPanel:272 - HeapMemory: 268435456
2025-07-14 15:56:57,215 [INFO] DbMcusXml:78 - Set database path to: C:\ST\STM32CubeIDE_1.18.0\STM32CubeIDE\plugins\com.st.stm32cube.common.mx_6.14.0.202502271554\\db\/mcu/
2025-07-14 15:56:57,215 [INFO] ApiDb:274 - Set plugin database path to: C:\ST\STM32CubeIDE_1.18.0\STM32CubeIDE\plugins\com.st.stm32cube.common.mx_6.14.0.202502271554\\db\/plugins/boardmanager/
2025-07-14 15:56:57,217 [INFO] ApiDb:261 - Set plugin images path to: C:\ST\STM32CubeIDE_1.18.0\STM32CubeIDE\plugins\com.st.stm32cube.common.mx_6.14.0.202502271554\\db\/plugins/mcufinder/images/
2025-07-14 15:56:57,217 [WARN] DbFile:41 - Overriding database path with different value: C:\Users\Alireza\.stmcufinder\plugins\mcufinder/ => C:\Users\Alireza\.stmcufinder\plugins\mcufinder
2025-07-14 15:56:57,217 [INFO] ApiDb:250 - Set database path to: C:\Users\Alireza\.stmcufinder\plugins\mcufinder//mcu/
2025-07-14 15:56:57,217 [WARN] DbFile:41 - Overriding database path with different value: C:\Users\Alireza\.stmcufinder\plugins\mcufinder/ => C:\Users\Alireza\.stmcufinder\plugins\mcufinder
2025-07-14 15:56:57,217 [INFO] DbMcusAds:125 - Set database path to: C:\Users\Alireza\.stmcufinder\plugins\mcufinder//mcu/
2025-07-14 15:56:57,217 [WARN] DbFile:41 - Overriding database path with different value: C:\Users\Alireza\.stmcufinder\plugins\mcufinder/ => C:\Users\Alireza\.stmcufinder\plugins\mcufinder
2025-07-14 15:56:57,217 [WARN] DbFile:41 - Overriding database path with different value: C:\Users\Alireza\.stmcufinder\plugins\mcufinder/ => C:\Users\Alireza\.stmcufinder\plugins\mcufinder
2025-07-14 15:56:57,217 [INFO] CrossReferenceDbSqlite:203 - Set database path to: C:\Users\Alireza\.stmcufinder\plugins\mcufinder//mcu/cs/
2025-07-14 15:56:57,251 [INFO] ApplicationProperties:184 - Using Application install path: C:\ST\STM32CubeIDE_1.18.0\STM32CubeIDE\plugins\com.st.stm32cube.common.mx_6.14.0.202502271554
2025-07-14 15:56:57,254 [INFO] PluginManage:196 - Search for loadable plugins [exclusion list=, ]
2025-07-14 15:56:57,257 [INFO] PluginManage:310 - Check plugin analytics
2025-07-14 15:56:57,609 [INFO] AnalyticsPlugin:253 - Accepted Software Licenses: STM32CubeMX.6.13.0
2025-07-14 15:56:57,609 [INFO] AnalyticsPlugin:255 - Accepted CMSIS Pack Licenses: 
2025-07-14 15:56:57,610 [INFO] AnalyticsPlugin:257 - Accepted Firmware Licenses: FW.F4.1.28.0
2025-07-14 15:56:57,625 [INFO] PluginManage:359 - Loaded plugin analytics (category:tool,tabindex:-1)
2025-07-14 15:56:57,626 [INFO] PluginManage:310 - Check plugin cadmodel
2025-07-14 15:56:57,635 [INFO] CADModel:105 - Init CAD model plugin
2025-07-14 15:56:57,635 [INFO] PluginManage:359 - Loaded plugin cadmodel (category:power,tabindex:5)
2025-07-14 15:56:57,635 [INFO] PluginManage:310 - Check plugin clock
2025-07-14 15:56:57,653 [INFO] PluginManage:359 - Loaded plugin clock (category:base,tabindex:2)
2025-07-14 15:56:57,653 [INFO] PluginManage:310 - Check plugin ddr
2025-07-14 15:56:57,657 [INFO] PluginManage:359 - Loaded plugin ddr (category:tool,tabindex:6)
2025-07-14 15:56:57,657 [INFO] PluginManage:310 - Check plugin filemanager
2025-07-14 15:56:57,945 [INFO] PluginManage:359 - Loaded plugin filemanager (category:base,tabindex:10)
2025-07-14 15:56:57,945 [INFO] PluginManage:310 - Check plugin ipmanager
2025-07-14 15:56:57,960 [INFO] PluginManage:359 - Loaded plugin ipmanager (category:base,tabindex:5)
2025-07-14 15:56:57,961 [INFO] PluginManage:310 - Check plugin lpbam
2025-07-14 15:56:57,976 [INFO] PluginManage:359 - Loaded plugin lpbam (category:base,tabindex:0)
2025-07-14 15:56:57,977 [INFO] PluginManage:310 - Check plugin memorymap
2025-07-14 15:56:58,002 [INFO] PluginManage:359 - Loaded plugin memorymap (category:base,tabindex:4)
2025-07-14 15:56:58,003 [INFO] PluginManage:310 - Check plugin pinoutandconfiguration
2025-07-14 15:56:58,020 [INFO] PluginManage:359 - Loaded plugin pinoutandconfiguration (category:base,tabindex:1)
2025-07-14 15:56:58,020 [INFO] PluginManage:310 - Check plugin pinoutconfig
2025-07-14 15:56:58,223 [WARN] SupportedApi:132 - Cannot load RTOS API schema: s4s-elt-must-match.1: The content of 'definitions' must match (annotation?, (simpleType | complexType)?, (unique | key | keyref)*)). A problem was found starting at: attribute.
2025-07-14 15:56:58,520 [INFO] PluginManage:359 - Loaded plugin pinoutconfig (category:base,tabindex:0)
2025-07-14 15:56:58,520 [INFO] PluginManage:310 - Check plugin power
2025-07-14 15:56:58,540 [INFO] PluginManage:359 - Loaded plugin power (category:power,tabindex:4)
2025-07-14 15:56:58,540 [INFO] PluginManage:310 - Check plugin projectmanager
2025-07-14 15:56:58,562 [ERROR] ConfigurationRetriever:142 - IOException on connection: Read timed out
2025-07-14 15:56:58,572 [INFO] PluginManage:359 - Loaded plugin projectmanager (category:projectmanager,tabindex:4)
2025-07-14 15:56:58,573 [INFO] PluginManage:310 - Check plugin rif
2025-07-14 15:56:58,593 [INFO] PluginManage:359 - Loaded plugin rif (category:base,tabindex:3)
2025-07-14 15:56:58,594 [INFO] PluginManage:310 - Check plugin thirdparty
2025-07-14 15:56:58,889 [WARN] IntegrityCheckThread:84 - waiting for thirdparty lock release [integrity check]
2025-07-14 15:56:58,890 [INFO] IntegrityCheckThread:86 - entering critical section [integrity check]
2025-07-14 15:56:58,890 [INFO] ThirdPartyUpdaterWithRetryManager:70 - Updater plugin not ready yet. [1/15]
2025-07-14 15:56:58,891 [INFO] PluginManage:359 - Loaded plugin thirdparty (category:base,tabindex:-1)
2025-07-14 15:56:58,891 [INFO] PluginManage:310 - Check plugin tools
2025-07-14 15:56:58,895 [INFO] PluginManage:359 - Loaded plugin tools (category:base,tabindex:7)
2025-07-14 15:56:58,896 [INFO] PluginManage:310 - Check plugin tutovideos
2025-07-14 15:56:59,371 [INFO] PluginManage:359 - Loaded plugin tutovideos (category:base,tabindex:-1)
2025-07-14 15:56:59,372 [INFO] PluginManage:310 - Check plugin updater
2025-07-14 15:56:59,417 [INFO] PluginManage:359 - Loaded plugin updater (category:base,tabindex:12)
2025-07-14 15:56:59,417 [INFO] PluginManage:310 - Check plugin userauth
2025-07-14 15:56:59,428 [INFO] UserAuth:118 - Init User Auth plugin
2025-07-14 15:56:59,430 [INFO] PluginManage:359 - Loaded plugin userauth (category:base,tabindex:14)
2025-07-14 15:56:59,431 [INFO] PluginManage:283 - PluginManage : Loaded plugins [18]
2025-07-14 15:56:59,932 [INFO] PinOutPanel:1589 - setPackage(No Configuration,No Configuration)
2025-07-14 15:57:00,085 [INFO] CADModel:165 - CPN selected for project level
2025-07-14 15:57:00,086 [INFO] CADModel:114 - Register for checkConnection events
2025-07-14 15:57:00,122 [INFO] IPUIPlugin:80 - create IPUIPlugin
2025-07-14 15:57:00,122 [INFO] PluginManager:220 - loadIPPluginJar : add adc
2025-07-14 15:57:00,129 [INFO] IPUIPlugin:80 - create IPUIPlugin
2025-07-14 15:57:00,129 [INFO] PluginManager:220 - loadIPPluginJar : add aes
2025-07-14 15:57:00,133 [INFO] IPUIPlugin:80 - create IPUIPlugin
2025-07-14 15:57:00,134 [INFO] PluginManager:220 - loadIPPluginJar : add can
2025-07-14 15:57:00,137 [INFO] IPUIPlugin:80 - create IPUIPlugin
2025-07-14 15:57:00,137 [INFO] PluginManager:220 - loadIPPluginJar : add comp
2025-07-14 15:57:00,142 [INFO] IPUIPlugin:80 - create IPUIPlugin
2025-07-14 15:57:00,142 [INFO] PluginManager:220 - loadIPPluginJar : add cryp
2025-07-14 15:57:00,147 [INFO] IPUIPlugin:80 - create IPUIPlugin
2025-07-14 15:57:00,148 [INFO] PluginManager:220 - loadIPPluginJar : add ddr_ctrl_phy
2025-07-14 15:57:00,152 [INFO] IPUIPlugin:80 - create IPUIPlugin
2025-07-14 15:57:00,152 [INFO] PluginManager:220 - loadIPPluginJar : add dfsdm
2025-07-14 15:57:00,162 [INFO] IPUIPlugin:80 - create IPUIPlugin
2025-07-14 15:57:00,164 [INFO] PluginManager:220 - loadIPPluginJar : add dma
2025-07-14 15:57:00,168 [INFO] IPUIPlugin:80 - create IPUIPlugin
2025-07-14 15:57:00,168 [INFO] PluginManager:220 - loadIPPluginJar : add dma3
2025-07-14 15:57:00,174 [INFO] IPUIPlugin:80 - create IPUIPlugin
2025-07-14 15:57:00,174 [INFO] PluginManager:220 - loadIPPluginJar : add extmemmanager
2025-07-14 15:57:00,177 [INFO] IPUIPlugin:80 - create IPUIPlugin
2025-07-14 15:57:00,177 [INFO] PluginManager:220 - loadIPPluginJar : add fatfs
2025-07-14 15:57:00,184 [INFO] IPUIPlugin:80 - create IPUIPlugin
2025-07-14 15:57:00,184 [INFO] PluginManager:220 - loadIPPluginJar : add fmc
2025-07-14 15:57:00,192 [INFO] IPUIPlugin:80 - create IPUIPlugin
2025-07-14 15:57:00,193 [INFO] PluginManager:220 - loadIPPluginJar : add freertos
2025-07-14 15:57:00,196 [INFO] IPUIPlugin:80 - create IPUIPlugin
2025-07-14 15:57:00,196 [INFO] PluginManager:220 - loadIPPluginJar : add genericplugin
2025-07-14 15:57:00,200 [INFO] IPUIPlugin:80 - create IPUIPlugin
2025-07-14 15:57:00,201 [INFO] PluginManager:220 - loadIPPluginJar : add gfxmmu
2025-07-14 15:57:00,210 [INFO] IPUIPlugin:80 - create IPUIPlugin
2025-07-14 15:57:00,210 [INFO] PluginManager:220 - loadIPPluginJar : add gic
2025-07-14 15:57:00,217 [INFO] IPUIPlugin:80 - create IPUIPlugin
2025-07-14 15:57:00,217 [INFO] PluginManager:220 - loadIPPluginJar : add gpio
2025-07-14 15:57:00,222 [INFO] IPUIPlugin:80 - create IPUIPlugin
2025-07-14 15:57:00,222 [INFO] PluginManager:220 - loadIPPluginJar : add gtzc
2025-07-14 15:57:00,226 [INFO] IPUIPlugin:80 - create IPUIPlugin
2025-07-14 15:57:00,226 [INFO] PluginManager:220 - loadIPPluginJar : add hash
2025-07-14 15:57:00,231 [INFO] IPUIPlugin:80 - create IPUIPlugin
2025-07-14 15:57:00,231 [INFO] PluginManager:220 - loadIPPluginJar : add i2c
2025-07-14 15:57:00,235 [INFO] IPUIPlugin:80 - create IPUIPlugin
2025-07-14 15:57:00,236 [INFO] PluginManager:220 - loadIPPluginJar : add i2s
2025-07-14 15:57:00,240 [INFO] IPUIPlugin:80 - create IPUIPlugin
2025-07-14 15:57:00,241 [INFO] PluginManager:220 - loadIPPluginJar : add i3c
2025-07-14 15:57:00,245 [INFO] IPUIPlugin:80 - create IPUIPlugin
2025-07-14 15:57:00,246 [INFO] PluginManager:220 - loadIPPluginJar : add ipddr
2025-07-14 15:57:00,257 [INFO] IPUIPlugin:80 - create IPUIPlugin
2025-07-14 15:57:00,258 [INFO] PluginManager:220 - loadIPPluginJar : add linkedlist
2025-07-14 15:57:00,264 [INFO] IPUIPlugin:80 - create IPUIPlugin
2025-07-14 15:57:00,264 [INFO] PluginManager:220 - loadIPPluginJar : add lorawan
2025-07-14 15:57:00,267 [INFO] IPUIPlugin:80 - create IPUIPlugin
2025-07-14 15:57:00,267 [INFO] PluginManager:220 - loadIPPluginJar : add ltdc
2025-07-14 15:57:00,276 [INFO] IPUIPlugin:80 - create IPUIPlugin
2025-07-14 15:57:00,276 [INFO] PluginManager:220 - loadIPPluginJar : add mdma
2025-07-14 15:57:00,282 [INFO] IPUIPlugin:80 - create IPUIPlugin
2025-07-14 15:57:00,282 [INFO] PluginManager:220 - loadIPPluginJar : add nvic
2025-07-14 15:57:00,287 [INFO] IPUIPlugin:80 - create IPUIPlugin
2025-07-14 15:57:00,287 [INFO] PluginManager:220 - loadIPPluginJar : add opamp
2025-07-14 15:57:00,292 [INFO] IPUIPlugin:80 - create IPUIPlugin
2025-07-14 15:57:00,293 [INFO] PluginManager:220 - loadIPPluginJar : add openamp
2025-07-14 15:57:00,298 [INFO] IPUIPlugin:80 - create IPUIPlugin
2025-07-14 15:57:00,298 [INFO] PluginManager:220 - loadIPPluginJar : add pdm2pcm
2025-07-14 15:57:00,310 [INFO] IPUIPlugin:80 - create IPUIPlugin
2025-07-14 15:57:00,314 [INFO] PluginManager:220 - loadIPPluginJar : add plateformsettings
2025-07-14 15:57:00,317 [INFO] IPUIPlugin:80 - create IPUIPlugin
2025-07-14 15:57:00,317 [INFO] PluginManager:220 - loadIPPluginJar : add quadspi
2025-07-14 15:57:00,320 [INFO] IPUIPlugin:80 - create IPUIPlugin
2025-07-14 15:57:00,321 [INFO] PluginManager:220 - loadIPPluginJar : add radio
2025-07-14 15:57:00,327 [INFO] IPUIPlugin:80 - create IPUIPlugin
2025-07-14 15:57:00,328 [INFO] PluginManager:220 - loadIPPluginJar : add resmgrutility
2025-07-14 15:57:00,333 [INFO] IPUIPlugin:80 - create IPUIPlugin
2025-07-14 15:57:00,334 [INFO] PluginManager:220 - loadIPPluginJar : add sai
2025-07-14 15:57:00,339 [INFO] IPUIPlugin:80 - create IPUIPlugin
2025-07-14 15:57:00,339 [INFO] PluginManager:220 - loadIPPluginJar : add spi
2025-07-14 15:57:00,350 [INFO] IPUIPlugin:80 - create IPUIPlugin
2025-07-14 15:57:00,350 [INFO] PluginManager:220 - loadIPPluginJar : add stm32_wpan
2025-07-14 15:57:00,354 [INFO] IPUIPlugin:80 - create IPUIPlugin
2025-07-14 15:57:00,354 [INFO] PluginManager:220 - loadIPPluginJar : add tim
2025-07-14 15:57:00,360 [INFO] IPUIPlugin:80 - create IPUIPlugin
2025-07-14 15:57:00,360 [INFO] PluginManager:220 - loadIPPluginJar : add touchsensing
2025-07-14 15:57:00,364 [INFO] IPUIPlugin:80 - create IPUIPlugin
2025-07-14 15:57:00,364 [INFO] PluginManager:220 - loadIPPluginJar : add tracer_emb
2025-07-14 15:57:00,367 [INFO] IPUIPlugin:80 - create IPUIPlugin
2025-07-14 15:57:00,367 [INFO] PluginManager:220 - loadIPPluginJar : add ts
2025-07-14 15:57:00,370 [INFO] IPUIPlugin:80 - create IPUIPlugin
2025-07-14 15:57:00,370 [INFO] PluginManager:220 - loadIPPluginJar : add tsc
2025-07-14 15:57:00,373 [INFO] IPUIPlugin:80 - create IPUIPlugin
2025-07-14 15:57:00,373 [INFO] PluginManager:220 - loadIPPluginJar : add ucpd
2025-07-14 15:57:00,378 [INFO] IPUIPlugin:80 - create IPUIPlugin
2025-07-14 15:57:00,379 [INFO] PluginManager:220 - loadIPPluginJar : add usart
2025-07-14 15:57:00,384 [INFO] IPUIPlugin:80 - create IPUIPlugin
2025-07-14 15:57:00,384 [INFO] PluginManager:220 - loadIPPluginJar : add usbx
2025-07-14 15:57:00,551 [FATAL] Updater:351 - Updater called before beeing initialized
2025-07-14 15:57:00,625 [INFO] RulesReader:64 - Compatibility file has been processed (301 Rules)
2025-07-14 15:57:00,649 [INFO] RulesReader:64 - Compatibility file has been processed (301 Rules)
2025-07-14 15:57:00,661 [INFO] CADModel:165 - CPN selected for project level
2025-07-14 15:57:00,661 [INFO] CADModel:114 - Register for checkConnection events
2025-07-14 15:57:00,662 [FATAL] Updater:351 - Updater called before beeing initialized
2025-07-14 15:57:00,662 [ERROR] CADModel:125 - Updater not yet initialized, retry later 
2025-07-14 15:57:01,305 [FATAL] Updater:351 - Updater called before beeing initialized
2025-07-14 15:57:01,313 [INFO] CADModel:165 - CPN selected for project level
2025-07-14 15:57:01,313 [INFO] CADModel:114 - Register for checkConnection events
2025-07-14 15:57:01,313 [FATAL] Updater:351 - Updater called before beeing initialized
2025-07-14 15:57:01,313 [ERROR] CADModel:125 - Updater not yet initialized, retry later 
2025-07-14 15:57:01,325 [FATAL] Updater:351 - Updater called before beeing initialized
2025-07-14 15:57:01,506 [FATAL] Updater:351 - Updater called before beeing initialized
2025-07-14 15:57:01,515 [INFO] DbMcusAds:53 - JSON generation date=Wed May 07 12:37:55 IRST 2025 (1746608875484)
2025-07-14 15:57:01,515 [FATAL] Updater:351 - Updater called before beeing initialized
2025-07-14 15:57:01,571 [WARN] DetailPanel:346 - Failed to get advertising image, set to default
2025-07-14 15:57:01,894 [INFO] ThirdPartyUpdaterWithRetryManager:70 - Updater plugin not ready yet. [2/15]
2025-07-14 15:57:01,995 [FATAL] Updater:351 - Updater called before beeing initialized
2025-07-14 15:57:01,999 [FATAL] Updater:351 - Updater called before beeing initialized
2025-07-14 15:57:01,999 [FATAL] Updater:351 - Updater called before beeing initialized
2025-07-14 15:57:01,999 [WARN] DetailPanel:346 - Failed to get advertising image, set to default
2025-07-14 15:57:01,999 [FATAL] Updater:351 - Updater called before beeing initialized
2025-07-14 15:57:02,066 [ERROR] Updater:1198 - MainUpdater not yet initialized. External WinMGr cannot be set.
2025-07-14 15:57:02,071 [INFO] Updater:1134 - Updater Version found : 6.14.0
2025-07-14 15:57:02,085 [INFO] ApplicationProperties:184 - Using Application install path: C:\ST\STM32CubeIDE_1.18.0\STM32CubeIDE\plugins\com.st.stm32cube.common.mx_6.14.0.202502271554
2025-07-14 15:57:03,451 [ERROR] CheckConnectionManager:249 - Problem, Http access forbiden
2025-07-14 15:57:03,451 [INFO] MainUpdater:2872 - connection check result : 22
2025-07-14 15:57:03,456 [INFO] MainUpdater:289 - Updater Check For Update Now.
2025-07-14 15:57:03,456 [INFO] MicroXplorer:498 - Change Database Version : DB.6.0.140
2025-07-14 15:57:03,461 [INFO] McuFinderGlobals:63 - Set McuFinder mode to 2 (CubeIDE integrated)
2025-07-14 15:57:03,461 [INFO] UserAuth:486 - Internet connection configuration mode: 2
2025-07-14 15:57:03,461 [INFO] UserAuth:486 - Internet connection configuration mode: 2
2025-07-14 15:57:03,649 [INFO] CheckServerUpdateThread:120 - End of CheckServer Thread
2025-07-14 15:57:05,197 [WARN] PackLoader:240 - Cannot read IP mode file for STMicroelectronics.FP-SNS-MOTENVWB1.1.4.0
2025-07-14 15:57:05,220 [WARN] PackLoader:240 - Cannot read IP mode file for STMicroelectronics.FP-ATR-ASTRA1.2.0.2
2025-07-14 15:57:05,232 [WARN] PackLoader:240 - Cannot read IP mode file for STMicroelectronics.X-CUBE-SMBUS.2.1.0
2025-07-14 15:57:05,241 [WARN] PackLoader:240 - Cannot read IP mode file for STMicroelectronics.X-CUBE-ST60.1.0.0
2025-07-14 15:57:05,294 [WARN] PackLoader:240 - Cannot read IP mode file for STMicroelectronics.X-CUBE-AZRTOS-F7.1.1.0
2025-07-14 15:57:05,361 [WARN] PackLoader:240 - Cannot read IP mode file for Infineon.AIROC-Wi-Fi-Bluetooth-STM32.1.7.0
2025-07-14 15:57:05,423 [WARN] PackLoader:240 - Cannot read IP mode file for STMicroelectronics.X-CUBE-AZRTOS-H7.3.4.0
2025-07-14 15:57:05,447 [WARN] PackLoader:240 - Cannot read IP mode file for STMicroelectronics.X-CUBE-DISPLAY.3.0.0
2025-07-14 15:57:05,473 [WARN] PackLoader:240 - Cannot read IP mode file for STMicroelectronics.X-CUBE-NFC10.1.0.0
2025-07-14 15:57:05,492 [WARN] PackLoader:240 - Cannot read IP mode file for STMicroelectronics.X-CUBE-BLEMGR.4.0.0
2025-07-14 15:57:05,510 [WARN] PackLoader:240 - Cannot read IP mode file for emotas.I-CUBE-CANOPEN.1.3.0
2025-07-14 15:57:05,520 [WARN] ConditionMgr:438 - getConditionDescription Invalid condition id : Cortex-A Device cause : null
2025-07-14 15:57:05,542 [WARN] ConditionMgr:1044 - genDependencies : Invalid condition id : Cortex-A Device cause : null
2025-07-14 15:57:05,542 [WARN] ConditionMgr:1044 - genDependencies : Invalid condition id : Cortex-A Device cause : null
2025-07-14 15:57:05,543 [WARN] ConditionMgr:1044 - genDependencies : Invalid condition id : Cortex-A Device cause : null
2025-07-14 15:57:05,548 [WARN] PackLoader:240 - Cannot read IP mode file for STMicroelectronics.X-CUBE-AI.10.0.0
2025-07-14 15:57:05,559 [WARN] PackLoader:240 - Cannot read IP mode file for STMicroelectronics.FP-SNS-SMARTAG2.1.2.0
2025-07-14 15:57:05,564 [WARN] PackLoader:240 - Cannot read IP mode file for STMicroelectronics.FP-SNS-FLIGHT1.5.1.0
2025-07-14 15:57:05,577 [INFO] LogOutputStream:77 - [STDOUT_REDIRECT] 1 : Invalid condition id : UX_CORESTACK_Condition cause : null
2025-07-14 15:57:05,578 [INFO] LogOutputStream:77 - [STDOUT_REDIRECT] 1 : Invalid condition id : UX_CORESTACK_Condition cause : null
2025-07-14 15:57:05,580 [INFO] LogOutputStream:77 - [STDOUT_REDIRECT] 1 : Invalid condition id : UX_CORESTACK_Condition cause : null
2025-07-14 15:57:05,581 [INFO] LogOutputStream:77 - [STDOUT_REDIRECT] 1 : Invalid condition id : UX_CORESTACK_Condition cause : null
2025-07-14 15:57:05,582 [INFO] LogOutputStream:77 - [STDOUT_REDIRECT] 1 : Invalid condition id : UX_CORESTACK_Condition cause : null
2025-07-14 15:57:05,588 [WARN] PackLoader:240 - Cannot read IP mode file for STMicroelectronics.X-CUBE-AZRTOS-WL.2.0.0
2025-07-14 15:57:05,598 [WARN] PackLoader:240 - Cannot read IP mode file for STMicroelectronics.FP-SNS-MOTENV1.5.0.0
2025-07-14 15:57:05,614 [WARN] PackLoader:240 - Cannot read IP mode file for WES.I-CUBE-Cesium.1.3.0
2025-07-14 15:57:05,622 [WARN] PackLoader:240 - Cannot read IP mode file for STMicroelectronics.X-CUBE-BLE2.3.3.0
2025-07-14 15:57:05,633 [WARN] PackLoader:240 - Cannot read IP mode file for STMicroelectronics.X-CUBE-NFC9.1.0.0
2025-07-14 15:57:05,646 [WARN] PackLoader:240 - Cannot read IP mode file for STMicroelectronics.X-CUBE-BLE1.7.1.0
2025-07-14 15:57:05,656 [WARN] PackLoader:240 - Cannot read IP mode file for wolfSSL.I-CUBE-wolfMQTT.1.19.2
2025-07-14 15:57:05,667 [WARN] PackLoader:240 - Cannot read IP mode file for STMicroelectronics.X-CUBE-EEPRMA1.5.2.0
2025-07-14 15:57:05,677 [WARN] PackLoader:240 - Cannot read IP mode file for STMicroelectronics.X-CUBE-AI.10.1.0
2025-07-14 15:57:05,731 [WARN] PackLoader:240 - Cannot read IP mode file for STMicroelectronics.X-CUBE-MEMS1.11.2.0
2025-07-14 15:57:05,908 [WARN] PackLoader:240 - Cannot read IP mode file for STMicroelectronics.X-CUBE-AZRTOS-G0.1.1.0
2025-07-14 15:57:05,917 [WARN] PackLoader:240 - Cannot read IP mode file for STMicroelectronics.X-CUBE-SAFEA1.1.2.2
2025-07-14 15:57:05,925 [WARN] PackLoader:240 - Cannot read IP mode file for STMicroelectronics.X-CUBE-NFC4.3.0.0
2025-07-14 15:57:05,938 [WARN] PackLoader:240 - Cannot read IP mode file for EmbeddedOffice.I-CUBE-FS-RTOS.1.0.1
2025-07-14 15:57:05,945 [WARN] PackLoader:240 - Cannot read IP mode file for STMicroelectronics.X-CUBE-WB05N.2.0.0
2025-07-14 15:57:05,950 [WARN] PackLoader:240 - Cannot read IP mode file for wolfSSL.I-CUBE-wolfTPM.3.8.0
2025-07-14 15:57:05,957 [WARN] PackLoader:240 - Cannot read IP mode file for STMicroelectronics.X-CUBE-TCPP.4.2.0
2025-07-14 15:57:05,965 [WARN] PackLoader:240 - Cannot read IP mode file for RealThread.X-CUBE-RT-Thread_Nano.4.1.1
2025-07-14 15:57:05,971 [WARN] PackLoader:240 - Cannot read IP mode file for STMicroelectronics.FP-ATR-SIGFOX1.3.2.0
2025-07-14 15:57:05,978 [WARN] PackLoader:240 - Cannot read IP mode file for STMicroelectronics.X-CUBE-EEPRMA1.5.1.0
2025-07-14 15:57:05,986 [WARN] PackLoader:240 - Cannot read IP mode file for wolfSSL.I-CUBE-wolfSSL.5.7.6
2025-07-14 15:57:05,994 [WARN] PackLoader:240 - Cannot read IP mode file for ITTIA_DB.I-CUBE-ITTIADB.8.9.0
2025-07-14 15:57:06,002 [WARN] PackLoader:240 - Cannot read IP mode file for STMicroelectronics.X-CUBE-ST67W61.1.0.0
2025-07-14 15:57:06,046 [WARN] PackLoader:240 - Cannot read IP mode file for SEGGER.I-CUBE-embOS.1.3.1
2025-07-14 15:57:06,106 [WARN] PackLoader:240 - Cannot read IP mode file for STMicroelectronics.X-CUBE-ALGOBUILD.1.4.0
2025-07-14 15:57:06,197 [WARN] PackLoader:240 - Cannot read IP mode file for STMicroelectronics.X-CUBE-MEMS1.11.3.0
2025-07-14 15:57:06,342 [WARN] PackLoader:240 - Cannot read IP mode file for STMicroelectronics.X-CUBE-PM33A1.1.0.0
2025-07-14 15:57:06,359 [WARN] PackLoader:240 - Cannot read IP mode file for STMicroelectronics.X-CUBE-AZRTOS-F4.1.1.0
2025-07-14 15:57:06,367 [WARN] PackLoader:240 - Cannot read IP mode file for Avnet-IotConnect.X-CUBE-IoTC-DA16k-PMOD.1.0.0
2025-07-14 15:57:06,371 [WARN] PackLoader:240 - Cannot read IP mode file for STMicroelectronics.X-CUBE-ISPU.2.1.0
2025-07-14 15:57:06,379 [WARN] PackLoader:240 - Cannot read IP mode file for STMicroelectronics.X-CUBE-NFC12.1.0.0
2025-07-14 15:57:06,397 [WARN] PackLoader:240 - Cannot read IP mode file for STMicroelectronics.X-CUBE-AZRTOS-L5.2.0.0
2025-07-14 15:57:06,408 [WARN] PackLoader:240 - Cannot read IP mode file for STMicroelectronics.X-CUBE-NFC6.3.1.0
2025-07-14 15:57:06,416 [WARN] PackLoader:240 - Cannot read IP mode file for STMicroelectronics.X-CUBE-FREERTOS.1.3.1
2025-07-14 15:57:06,423 [WARN] PackLoader:240 - Cannot read IP mode file for STMicroelectronics.X-CUBE-FREERTOS.1.3.0
2025-07-14 15:57:06,430 [WARN] PackLoader:240 - Cannot read IP mode file for STMicroelectronics.FP-SNS-STAIOTCFT.1.0.0
2025-07-14 15:57:06,437 [WARN] PackLoader:240 - Cannot read IP mode file for STMicroelectronics.X-CUBE-DPower.1.3.0
2025-07-14 15:57:06,460 [WARN] ConditionMgr:438 - getConditionDescription Invalid condition id : LAN8742 Phy interface Condition cause : null
2025-07-14 15:57:06,462 [WARN] PackLoader:240 - Cannot read IP mode file for STMicroelectronics.X-CUBE-AZRTOS-L4.2.0.0
2025-07-14 15:57:06,463 [WARN] ConditionMgr:1044 - genDependencies : Invalid condition id : LAN8742 Phy interface Condition cause : null
2025-07-14 15:57:06,464 [WARN] ConditionMgr:1044 - genDependencies : Invalid condition id : LAN8742 Phy interface Condition cause : null
2025-07-14 15:57:06,464 [WARN] ConditionMgr:1044 - genDependencies : Invalid condition id : LAN8742 Phy interface Condition cause : null
2025-07-14 15:57:06,474 [WARN] PackLoader:240 - Cannot read IP mode file for STMicroelectronics.X-CUBE-SFXS2LP1.4.0.0
2025-07-14 15:57:06,490 [WARN] PackLoader:240 - Cannot read IP mode file for STMicroelectronics.X-CUBE-AZRTOS-H7.3.3.0
2025-07-14 15:57:06,501 [WARN] ConditionMgr:438 - getConditionDescription Invalid condition id : UX DEVICE CLASS RTOS Condition cause : null
2025-07-14 15:57:06,502 [WARN] ConditionMgr:438 - getConditionDescription Invalid condition id : UX DEVICE CLASS RTOS Condition cause : null
2025-07-14 15:57:06,504 [WARN] PackLoader:240 - Cannot read IP mode file for STMicroelectronics.X-CUBE-AZRTOS-WB.2.0.0
2025-07-14 15:57:06,504 [WARN] ConditionMgr:1044 - genDependencies : Invalid condition id : UX DEVICE CLASS RTOS Condition cause : null
2025-07-14 15:57:06,504 [WARN] ConditionMgr:1044 - genDependencies : Invalid condition id : UX DEVICE CLASS RTOS Condition cause : null
2025-07-14 15:57:06,505 [WARN] ConditionMgr:1044 - genDependencies : Invalid condition id : UX DEVICE CLASS RTOS Condition cause : null
2025-07-14 15:57:06,505 [WARN] ConditionMgr:1044 - genDependencies : Invalid condition id : UX DEVICE CLASS RTOS Condition cause : null
2025-07-14 15:57:06,505 [WARN] ConditionMgr:1044 - genDependencies : Invalid condition id : UX DEVICE CLASS RTOS Condition cause : null
2025-07-14 15:57:06,513 [WARN] PackLoader:240 - Cannot read IP mode file for STMicroelectronics.X-CUBE-GNSS1.7.0.1
2025-07-14 15:57:06,520 [WARN] PackLoader:240 - Cannot read IP mode file for STMicroelectronics.X-CUBE-TOUCHGFX.4.25.0
2025-07-14 15:57:06,527 [WARN] PackLoader:240 - Cannot read IP mode file for STMicroelectronics.FP-SNS-STBOX1.2.0.0
2025-07-14 15:57:06,540 [WARN] PackLoader:240 - Cannot read IP mode file for STMicroelectronics.X-CUBE-SUBG2.5.0.0
2025-07-14 15:57:06,564 [WARN] PackLoader:240 - Cannot read IP mode file for STMicroelectronics.X-CUBE-AZRTOS-H7RS.1.1.0
2025-07-14 15:57:06,572 [WARN] PackLoader:240 - Cannot read IP mode file for Cesanta.I-CUBE-Mongoose.7.13.0
2025-07-14 15:57:06,595 [WARN] PackLoader:240 - Cannot read IP mode file for STMicroelectronics.X-CUBE-AZRTOS-G4.2.0.0
2025-07-14 15:57:06,612 [WARN] PackLoader:240 - Cannot read IP mode file for wolfSSL.I-CUBE-wolfSSH.1.4.20
2025-07-14 15:57:06,619 [WARN] PackLoader:240 - Cannot read IP mode file for STMicroelectronics.X-CUBE-NFC7.2.0.0
2025-07-14 15:57:06,633 [WARN] PackLoader:240 - Cannot read IP mode file for STMicroelectronics.X-CUBE-IPS.3.1.0
2025-07-14 15:57:06,645 [WARN] PackLoader:240 - Cannot read IP mode file for STMicroelectronics.X-CUBE-ALS.1.0.2
2025-07-14 15:57:06,653 [WARN] PackLoader:240 - Cannot read IP mode file for portGmbH.I-Cube-SoM-uGOAL.1.1.0
2025-07-14 15:57:06,667 [WARN] PackLoader:240 - Cannot read IP mode file for STMicroelectronics.X-CUBE-TOF1.3.4.3
2025-07-14 15:57:06,677 [INFO] ThirdParty:978 - Integrity check success = true
2025-07-14 15:57:06,677 [INFO] IntegrityCheckThread:100 - exiting critical section [integrity check]
2025-07-14 15:57:06,677 [INFO] IntegrityCheckThread:103 - End integrity checks thread
2025-07-14 16:08:18,553 [ERROR] ConfigurationRetriever:142 - IOException on connection: Connect timed out
2025-07-14 16:08:20,556 [ERROR] ConfigurationRetriever:142 - IOException on connection: Connect timed out
2025-07-14 16:08:22,558 [ERROR] ConfigurationRetriever:142 - IOException on connection: Connect timed out
