2025-07-16 13:39:43,173 [INFO] Activator:176 - 


2025-07-16 13:39:43,179 [INFO] Activator:177 - !SESSION log4j initialized
2025-07-16 13:39:47,739 [INFO] LogOutputStream:77 - [STDOUT_REDIRECT] 
2025-07-16 13:39:49,164 [INFO] ApplicationProperties:184 - Using Application install path: C:\ST\STM32CubeIDE_1.18.0\STM32CubeIDE\plugins\com.st.stm32cube.common.mx_6.14.0.202502271554
2025-07-16 13:39:49,185 [INFO] DbMcusXml:78 - Set database path to: C:\ST\STM32CubeIDE_1.18.0\STM32CubeIDE\plugins\com.st.stm32cube.common.mx_6.14.0.202502271554\\db\/mcu/
2025-07-16 13:39:49,185 [INFO] ApiDb:274 - Set plugin database path to: C:\ST\STM32CubeIDE_1.18.0\STM32CubeIDE\plugins\com.st.stm32cube.common.mx_6.14.0.202502271554\\db\/plugins/boardmanager/
2025-07-16 13:39:49,185 [WARN] ApiDb:259 - Overriding images path with different value:  => C:\ST\STM32CubeIDE_1.18.0\STM32CubeIDE\plugins\com.st.stm32cube.common.mx_6.14.0.202502271554\\db\/plugins/mcufinder/images/
2025-07-16 13:39:49,195 [INFO] ApiDb:250 - Set database path to: C:\Users\Alireza\.stmcufinder\plugins\mcufinder//mcu/
2025-07-16 13:39:49,196 [INFO] DbMcusAds:125 - Set database path to: C:\Users\Alireza\.stmcufinder\plugins\mcufinder//mcu/
2025-07-16 13:39:49,200 [INFO] CrossReferenceDbSqlite:203 - Set database path to: C:\Users\Alireza\.stmcufinder\plugins\mcufinder//mcu/cs/
2025-07-16 13:39:49,341 [INFO] RulesReader:64 - Compatibility file has been processed (301 Rules)
2025-07-16 13:39:49,437 [INFO] DbMcusXml:78 - Set database path to: C:\ST\STM32CubeIDE_1.18.0\STM32CubeIDE\plugins\com.st.stm32cube.common.mx_6.14.0.202502271554\\db\/mcu/
2025-07-16 13:39:49,438 [INFO] ApiDb:274 - Set plugin database path to: C:\ST\STM32CubeIDE_1.18.0\STM32CubeIDE\plugins\com.st.stm32cube.common.mx_6.14.0.202502271554\\db\/plugins/boardmanager/
2025-07-16 13:39:49,438 [INFO] ApiDb:261 - Set plugin images path to: C:\ST\STM32CubeIDE_1.18.0\STM32CubeIDE\plugins\com.st.stm32cube.common.mx_6.14.0.202502271554\\db\/plugins/mcufinder/images/
2025-07-16 13:39:49,438 [WARN] DbFile:41 - Overriding database path with different value: C:\Users\Alireza\.stmcufinder\plugins\mcufinder/ => C:\Users\Alireza\.stmcufinder\plugins\mcufinder
2025-07-16 13:39:49,438 [INFO] ApiDb:250 - Set database path to: C:\Users\Alireza\.stmcufinder\plugins\mcufinder//mcu/
2025-07-16 13:39:49,438 [WARN] DbFile:41 - Overriding database path with different value: C:\Users\Alireza\.stmcufinder\plugins\mcufinder/ => C:\Users\Alireza\.stmcufinder\plugins\mcufinder
2025-07-16 13:39:49,438 [INFO] DbMcusAds:125 - Set database path to: C:\Users\Alireza\.stmcufinder\plugins\mcufinder//mcu/
2025-07-16 13:39:49,438 [WARN] DbFile:41 - Overriding database path with different value: C:\Users\Alireza\.stmcufinder\plugins\mcufinder/ => C:\Users\Alireza\.stmcufinder\plugins\mcufinder
2025-07-16 13:39:49,439 [WARN] DbFile:41 - Overriding database path with different value: C:\Users\Alireza\.stmcufinder\plugins\mcufinder/ => C:\Users\Alireza\.stmcufinder\plugins\mcufinder
2025-07-16 13:39:49,439 [INFO] CrossReferenceDbSqlite:203 - Set database path to: C:\Users\Alireza\.stmcufinder\plugins\mcufinder//mcu/cs/
2025-07-16 13:39:49,524 [INFO] MainPanel:272 - HeapMemory: 268435456
2025-07-16 13:39:49,646 [INFO] DbMcusXml:78 - Set database path to: C:\ST\STM32CubeIDE_1.18.0\STM32CubeIDE\plugins\com.st.stm32cube.common.mx_6.14.0.202502271554\\db\/mcu/
2025-07-16 13:39:49,647 [INFO] ApiDb:274 - Set plugin database path to: C:\ST\STM32CubeIDE_1.18.0\STM32CubeIDE\plugins\com.st.stm32cube.common.mx_6.14.0.202502271554\\db\/plugins/boardmanager/
2025-07-16 13:39:49,647 [INFO] ApiDb:261 - Set plugin images path to: C:\ST\STM32CubeIDE_1.18.0\STM32CubeIDE\plugins\com.st.stm32cube.common.mx_6.14.0.202502271554\\db\/plugins/mcufinder/images/
2025-07-16 13:39:49,647 [WARN] DbFile:41 - Overriding database path with different value: C:\Users\Alireza\.stmcufinder\plugins\mcufinder/ => C:\Users\Alireza\.stmcufinder\plugins\mcufinder
2025-07-16 13:39:49,647 [INFO] ApiDb:250 - Set database path to: C:\Users\Alireza\.stmcufinder\plugins\mcufinder//mcu/
2025-07-16 13:39:49,647 [WARN] DbFile:41 - Overriding database path with different value: C:\Users\Alireza\.stmcufinder\plugins\mcufinder/ => C:\Users\Alireza\.stmcufinder\plugins\mcufinder
2025-07-16 13:39:49,647 [INFO] DbMcusAds:125 - Set database path to: C:\Users\Alireza\.stmcufinder\plugins\mcufinder//mcu/
2025-07-16 13:39:49,648 [WARN] DbFile:41 - Overriding database path with different value: C:\Users\Alireza\.stmcufinder\plugins\mcufinder/ => C:\Users\Alireza\.stmcufinder\plugins\mcufinder
2025-07-16 13:39:49,648 [WARN] DbFile:41 - Overriding database path with different value: C:\Users\Alireza\.stmcufinder\plugins\mcufinder/ => C:\Users\Alireza\.stmcufinder\plugins\mcufinder
2025-07-16 13:39:49,648 [INFO] CrossReferenceDbSqlite:203 - Set database path to: C:\Users\Alireza\.stmcufinder\plugins\mcufinder//mcu/cs/
2025-07-16 13:39:49,668 [INFO] ApplicationProperties:184 - Using Application install path: C:\ST\STM32CubeIDE_1.18.0\STM32CubeIDE\plugins\com.st.stm32cube.common.mx_6.14.0.202502271554
2025-07-16 13:39:49,669 [INFO] PluginManage:196 - Search for loadable plugins [exclusion list=, ]
2025-07-16 13:39:49,671 [INFO] PluginManage:310 - Check plugin analytics
2025-07-16 13:39:49,866 [INFO] AnalyticsPlugin:253 - Accepted Software Licenses: STM32CubeMX.6.13.0
2025-07-16 13:39:49,866 [INFO] AnalyticsPlugin:255 - Accepted CMSIS Pack Licenses: 
2025-07-16 13:39:49,866 [INFO] AnalyticsPlugin:257 - Accepted Firmware Licenses: FW.F4.1.28.0
2025-07-16 13:39:49,869 [INFO] PluginManage:359 - Loaded plugin analytics (category:tool,tabindex:-1)
2025-07-16 13:39:49,870 [INFO] PluginManage:310 - Check plugin cadmodel
2025-07-16 13:39:49,875 [INFO] CADModel:105 - Init CAD model plugin
2025-07-16 13:39:49,876 [INFO] PluginManage:359 - Loaded plugin cadmodel (category:power,tabindex:5)
2025-07-16 13:39:49,876 [INFO] PluginManage:310 - Check plugin clock
2025-07-16 13:39:49,885 [INFO] PluginManage:359 - Loaded plugin clock (category:base,tabindex:2)
2025-07-16 13:39:49,886 [INFO] PluginManage:310 - Check plugin ddr
2025-07-16 13:39:49,889 [INFO] PluginManage:359 - Loaded plugin ddr (category:tool,tabindex:6)
2025-07-16 13:39:49,890 [INFO] PluginManage:310 - Check plugin filemanager
2025-07-16 13:39:50,053 [INFO] PluginManage:359 - Loaded plugin filemanager (category:base,tabindex:10)
2025-07-16 13:39:50,053 [INFO] PluginManage:310 - Check plugin ipmanager
2025-07-16 13:39:50,060 [INFO] PluginManage:359 - Loaded plugin ipmanager (category:base,tabindex:5)
2025-07-16 13:39:50,061 [INFO] PluginManage:310 - Check plugin lpbam
2025-07-16 13:39:50,070 [INFO] PluginManage:359 - Loaded plugin lpbam (category:base,tabindex:0)
2025-07-16 13:39:50,070 [INFO] PluginManage:310 - Check plugin memorymap
2025-07-16 13:39:50,084 [INFO] PluginManage:359 - Loaded plugin memorymap (category:base,tabindex:4)
2025-07-16 13:39:50,085 [INFO] PluginManage:310 - Check plugin pinoutandconfiguration
2025-07-16 13:39:50,096 [INFO] PluginManage:359 - Loaded plugin pinoutandconfiguration (category:base,tabindex:1)
2025-07-16 13:39:50,096 [INFO] PluginManage:310 - Check plugin pinoutconfig
2025-07-16 13:39:50,211 [WARN] SupportedApi:132 - Cannot load RTOS API schema: s4s-elt-must-match.1: The content of 'definitions' must match (annotation?, (simpleType | complexType)?, (unique | key | keyref)*)). A problem was found starting at: attribute.
2025-07-16 13:39:50,386 [INFO] PluginManage:359 - Loaded plugin pinoutconfig (category:base,tabindex:0)
2025-07-16 13:39:50,387 [INFO] PluginManage:310 - Check plugin power
2025-07-16 13:39:50,395 [INFO] PluginManage:359 - Loaded plugin power (category:power,tabindex:4)
2025-07-16 13:39:50,395 [INFO] PluginManage:310 - Check plugin projectmanager
2025-07-16 13:39:50,412 [INFO] PluginManage:359 - Loaded plugin projectmanager (category:projectmanager,tabindex:4)
2025-07-16 13:39:50,412 [INFO] PluginManage:310 - Check plugin rif
2025-07-16 13:39:50,419 [INFO] PluginManage:359 - Loaded plugin rif (category:base,tabindex:3)
2025-07-16 13:39:50,420 [INFO] PluginManage:310 - Check plugin thirdparty
2025-07-16 13:39:50,564 [INFO] PluginManage:359 - Loaded plugin thirdparty (category:base,tabindex:-1)
2025-07-16 13:39:50,564 [INFO] PluginManage:310 - Check plugin tools
2025-07-16 13:39:50,564 [WARN] IntegrityCheckThread:84 - waiting for thirdparty lock release [integrity check]
2025-07-16 13:39:50,564 [INFO] IntegrityCheckThread:86 - entering critical section [integrity check]
2025-07-16 13:39:50,565 [INFO] ThirdPartyUpdaterWithRetryManager:70 - Updater plugin not ready yet. [1/15]
2025-07-16 13:39:50,567 [INFO] PluginManage:359 - Loaded plugin tools (category:base,tabindex:7)
2025-07-16 13:39:50,567 [INFO] PluginManage:310 - Check plugin tutovideos
2025-07-16 13:39:50,870 [INFO] PluginManage:359 - Loaded plugin tutovideos (category:base,tabindex:-1)
2025-07-16 13:39:50,870 [INFO] PluginManage:310 - Check plugin updater
2025-07-16 13:39:50,891 [INFO] PluginManage:359 - Loaded plugin updater (category:base,tabindex:12)
2025-07-16 13:39:50,891 [INFO] PluginManage:310 - Check plugin userauth
2025-07-16 13:39:50,895 [INFO] UserAuth:118 - Init User Auth plugin
2025-07-16 13:39:50,896 [INFO] PluginManage:359 - Loaded plugin userauth (category:base,tabindex:14)
2025-07-16 13:39:50,897 [INFO] PluginManage:283 - PluginManage : Loaded plugins [18]
2025-07-16 13:39:51,120 [INFO] PinOutPanel:1589 - setPackage(No Configuration,No Configuration)
2025-07-16 13:39:51,203 [INFO] CADModel:165 - CPN selected for project level
2025-07-16 13:39:51,203 [INFO] CADModel:114 - Register for checkConnection events
2025-07-16 13:39:51,219 [INFO] IPUIPlugin:80 - create IPUIPlugin
2025-07-16 13:39:51,219 [INFO] PluginManager:220 - loadIPPluginJar : add adc
2025-07-16 13:39:51,222 [INFO] IPUIPlugin:80 - create IPUIPlugin
2025-07-16 13:39:51,222 [INFO] PluginManager:220 - loadIPPluginJar : add aes
2025-07-16 13:39:51,225 [INFO] IPUIPlugin:80 - create IPUIPlugin
2025-07-16 13:39:51,226 [INFO] PluginManager:220 - loadIPPluginJar : add can
2025-07-16 13:39:51,227 [INFO] IPUIPlugin:80 - create IPUIPlugin
2025-07-16 13:39:51,227 [INFO] PluginManager:220 - loadIPPluginJar : add comp
2025-07-16 13:39:51,230 [INFO] IPUIPlugin:80 - create IPUIPlugin
2025-07-16 13:39:51,230 [INFO] PluginManager:220 - loadIPPluginJar : add cryp
2025-07-16 13:39:51,230 [ERROR] ConfigurationRetriever:142 - IOException on connection: Connect timed out
2025-07-16 13:39:51,233 [INFO] IPUIPlugin:80 - create IPUIPlugin
2025-07-16 13:39:51,233 [INFO] PluginManager:220 - loadIPPluginJar : add ddr_ctrl_phy
2025-07-16 13:39:51,236 [INFO] IPUIPlugin:80 - create IPUIPlugin
2025-07-16 13:39:51,236 [INFO] PluginManager:220 - loadIPPluginJar : add dfsdm
2025-07-16 13:39:51,242 [INFO] IPUIPlugin:80 - create IPUIPlugin
2025-07-16 13:39:51,242 [INFO] PluginManager:220 - loadIPPluginJar : add dma
2025-07-16 13:39:51,245 [INFO] IPUIPlugin:80 - create IPUIPlugin
2025-07-16 13:39:51,245 [INFO] PluginManager:220 - loadIPPluginJar : add dma3
2025-07-16 13:39:51,249 [INFO] IPUIPlugin:80 - create IPUIPlugin
2025-07-16 13:39:51,249 [INFO] PluginManager:220 - loadIPPluginJar : add extmemmanager
2025-07-16 13:39:51,251 [INFO] IPUIPlugin:80 - create IPUIPlugin
2025-07-16 13:39:51,251 [INFO] PluginManager:220 - loadIPPluginJar : add fatfs
2025-07-16 13:39:51,256 [INFO] IPUIPlugin:80 - create IPUIPlugin
2025-07-16 13:39:51,256 [INFO] PluginManager:220 - loadIPPluginJar : add fmc
2025-07-16 13:39:51,261 [INFO] IPUIPlugin:80 - create IPUIPlugin
2025-07-16 13:39:51,261 [INFO] PluginManager:220 - loadIPPluginJar : add freertos
2025-07-16 13:39:51,262 [INFO] IPUIPlugin:80 - create IPUIPlugin
2025-07-16 13:39:51,262 [INFO] PluginManager:220 - loadIPPluginJar : add genericplugin
2025-07-16 13:39:51,264 [INFO] IPUIPlugin:80 - create IPUIPlugin
2025-07-16 13:39:51,265 [INFO] PluginManager:220 - loadIPPluginJar : add gfxmmu
2025-07-16 13:39:51,269 [INFO] IPUIPlugin:80 - create IPUIPlugin
2025-07-16 13:39:51,269 [INFO] PluginManager:220 - loadIPPluginJar : add gic
2025-07-16 13:39:51,273 [INFO] IPUIPlugin:80 - create IPUIPlugin
2025-07-16 13:39:51,273 [INFO] PluginManager:220 - loadIPPluginJar : add gpio
2025-07-16 13:39:51,277 [INFO] IPUIPlugin:80 - create IPUIPlugin
2025-07-16 13:39:51,277 [INFO] PluginManager:220 - loadIPPluginJar : add gtzc
2025-07-16 13:39:51,280 [INFO] IPUIPlugin:80 - create IPUIPlugin
2025-07-16 13:39:51,280 [INFO] PluginManager:220 - loadIPPluginJar : add hash
2025-07-16 13:39:51,283 [INFO] IPUIPlugin:80 - create IPUIPlugin
2025-07-16 13:39:51,283 [INFO] PluginManager:220 - loadIPPluginJar : add i2c
2025-07-16 13:39:51,286 [INFO] IPUIPlugin:80 - create IPUIPlugin
2025-07-16 13:39:51,286 [INFO] PluginManager:220 - loadIPPluginJar : add i2s
2025-07-16 13:39:51,289 [INFO] IPUIPlugin:80 - create IPUIPlugin
2025-07-16 13:39:51,289 [INFO] PluginManager:220 - loadIPPluginJar : add i3c
2025-07-16 13:39:51,292 [INFO] IPUIPlugin:80 - create IPUIPlugin
2025-07-16 13:39:51,292 [INFO] PluginManager:220 - loadIPPluginJar : add ipddr
2025-07-16 13:39:51,299 [INFO] IPUIPlugin:80 - create IPUIPlugin
2025-07-16 13:39:51,300 [INFO] PluginManager:220 - loadIPPluginJar : add linkedlist
2025-07-16 13:39:51,303 [INFO] IPUIPlugin:80 - create IPUIPlugin
2025-07-16 13:39:51,303 [INFO] PluginManager:220 - loadIPPluginJar : add lorawan
2025-07-16 13:39:51,305 [INFO] IPUIPlugin:80 - create IPUIPlugin
2025-07-16 13:39:51,305 [INFO] PluginManager:220 - loadIPPluginJar : add ltdc
2025-07-16 13:39:51,310 [INFO] IPUIPlugin:80 - create IPUIPlugin
2025-07-16 13:39:51,310 [INFO] PluginManager:220 - loadIPPluginJar : add mdma
2025-07-16 13:39:51,314 [INFO] IPUIPlugin:80 - create IPUIPlugin
2025-07-16 13:39:51,314 [INFO] PluginManager:220 - loadIPPluginJar : add nvic
2025-07-16 13:39:51,317 [INFO] IPUIPlugin:80 - create IPUIPlugin
2025-07-16 13:39:51,317 [INFO] PluginManager:220 - loadIPPluginJar : add opamp
2025-07-16 13:39:51,320 [INFO] IPUIPlugin:80 - create IPUIPlugin
2025-07-16 13:39:51,320 [INFO] PluginManager:220 - loadIPPluginJar : add openamp
2025-07-16 13:39:51,324 [INFO] IPUIPlugin:80 - create IPUIPlugin
2025-07-16 13:39:51,324 [INFO] PluginManager:220 - loadIPPluginJar : add pdm2pcm
2025-07-16 13:39:51,330 [INFO] IPUIPlugin:80 - create IPUIPlugin
2025-07-16 13:39:51,333 [INFO] PluginManager:220 - loadIPPluginJar : add plateformsettings
2025-07-16 13:39:51,335 [INFO] IPUIPlugin:80 - create IPUIPlugin
2025-07-16 13:39:51,335 [INFO] PluginManager:220 - loadIPPluginJar : add quadspi
2025-07-16 13:39:51,337 [INFO] IPUIPlugin:80 - create IPUIPlugin
2025-07-16 13:39:51,338 [INFO] PluginManager:220 - loadIPPluginJar : add radio
2025-07-16 13:39:51,342 [INFO] IPUIPlugin:80 - create IPUIPlugin
2025-07-16 13:39:51,342 [INFO] PluginManager:220 - loadIPPluginJar : add resmgrutility
2025-07-16 13:39:51,344 [INFO] IPUIPlugin:80 - create IPUIPlugin
2025-07-16 13:39:51,344 [INFO] PluginManager:220 - loadIPPluginJar : add sai
2025-07-16 13:39:51,346 [INFO] IPUIPlugin:80 - create IPUIPlugin
2025-07-16 13:39:51,346 [INFO] PluginManager:220 - loadIPPluginJar : add spi
2025-07-16 13:39:51,352 [INFO] IPUIPlugin:80 - create IPUIPlugin
2025-07-16 13:39:51,352 [INFO] PluginManager:220 - loadIPPluginJar : add stm32_wpan
2025-07-16 13:39:51,355 [INFO] IPUIPlugin:80 - create IPUIPlugin
2025-07-16 13:39:51,355 [INFO] PluginManager:220 - loadIPPluginJar : add tim
2025-07-16 13:39:51,358 [INFO] IPUIPlugin:80 - create IPUIPlugin
2025-07-16 13:39:51,358 [INFO] PluginManager:220 - loadIPPluginJar : add touchsensing
2025-07-16 13:39:51,360 [INFO] IPUIPlugin:80 - create IPUIPlugin
2025-07-16 13:39:51,360 [INFO] PluginManager:220 - loadIPPluginJar : add tracer_emb
2025-07-16 13:39:51,362 [INFO] IPUIPlugin:80 - create IPUIPlugin
2025-07-16 13:39:51,362 [INFO] PluginManager:220 - loadIPPluginJar : add ts
2025-07-16 13:39:51,363 [INFO] IPUIPlugin:80 - create IPUIPlugin
2025-07-16 13:39:51,363 [INFO] PluginManager:220 - loadIPPluginJar : add tsc
2025-07-16 13:39:51,365 [INFO] IPUIPlugin:80 - create IPUIPlugin
2025-07-16 13:39:51,365 [INFO] PluginManager:220 - loadIPPluginJar : add ucpd
2025-07-16 13:39:51,367 [INFO] IPUIPlugin:80 - create IPUIPlugin
2025-07-16 13:39:51,368 [INFO] PluginManager:220 - loadIPPluginJar : add usart
2025-07-16 13:39:51,371 [INFO] IPUIPlugin:80 - create IPUIPlugin
2025-07-16 13:39:51,372 [INFO] PluginManager:220 - loadIPPluginJar : add usbx
2025-07-16 13:39:51,506 [FATAL] Updater:351 - Updater called before beeing initialized
2025-07-16 13:39:51,533 [INFO] RulesReader:64 - Compatibility file has been processed (301 Rules)
2025-07-16 13:39:51,546 [INFO] RulesReader:64 - Compatibility file has been processed (301 Rules)
2025-07-16 13:39:51,555 [INFO] CADModel:165 - CPN selected for project level
2025-07-16 13:39:51,555 [INFO] CADModel:114 - Register for checkConnection events
2025-07-16 13:39:51,555 [FATAL] Updater:351 - Updater called before beeing initialized
2025-07-16 13:39:51,555 [ERROR] CADModel:125 - Updater not yet initialized, retry later 
2025-07-16 13:39:51,685 [FATAL] Updater:351 - Updater called before beeing initialized
2025-07-16 13:39:51,687 [INFO] CADModel:165 - CPN selected for project level
2025-07-16 13:39:51,687 [INFO] CADModel:114 - Register for checkConnection events
2025-07-16 13:39:51,687 [FATAL] Updater:351 - Updater called before beeing initialized
2025-07-16 13:39:51,687 [ERROR] CADModel:125 - Updater not yet initialized, retry later 
2025-07-16 13:39:51,690 [FATAL] Updater:351 - Updater called before beeing initialized
2025-07-16 13:39:51,792 [FATAL] Updater:351 - Updater called before beeing initialized
2025-07-16 13:39:51,795 [INFO] DbMcusAds:53 - JSON generation date=Wed May 07 12:37:55 IRST 2025 (1746608875484)
2025-07-16 13:39:51,796 [FATAL] Updater:351 - Updater called before beeing initialized
2025-07-16 13:39:51,826 [WARN] DetailPanel:346 - Failed to get advertising image, set to default
2025-07-16 13:39:52,033 [FATAL] Updater:351 - Updater called before beeing initialized
2025-07-16 13:39:52,046 [FATAL] Updater:351 - Updater called before beeing initialized
2025-07-16 13:39:52,046 [FATAL] Updater:351 - Updater called before beeing initialized
2025-07-16 13:39:52,046 [WARN] DetailPanel:346 - Failed to get advertising image, set to default
2025-07-16 13:39:52,046 [FATAL] Updater:351 - Updater called before beeing initialized
2025-07-16 13:39:52,101 [ERROR] Updater:1198 - MainUpdater not yet initialized. External WinMGr cannot be set.
2025-07-16 13:39:52,103 [INFO] Updater:1134 - Updater Version found : 6.14.0
2025-07-16 13:39:52,118 [INFO] ApplicationProperties:184 - Using Application install path: C:\ST\STM32CubeIDE_1.18.0\STM32CubeIDE\plugins\com.st.stm32cube.common.mx_6.14.0.202502271554
2025-07-16 13:39:53,231 [ERROR] ConfigurationRetriever:142 - IOException on connection: Connect timed out
2025-07-16 13:39:53,565 [INFO] ThirdPartyUpdaterWithRetryManager:70 - Updater plugin not ready yet. [2/15]
2025-07-16 13:39:54,870 [ERROR] ConfigurationRetriever:142 - IOException on connection: Connect timed out
2025-07-16 13:39:55,233 [ERROR] ConfigurationRetriever:142 - IOException on connection: Connect timed out
2025-07-16 13:39:55,372 [ERROR] CheckConnectionManager:249 - Problem, Http access forbiden
2025-07-16 13:39:55,377 [INFO] MainUpdater:2872 - connection check result : 22
2025-07-16 13:39:55,378 [INFO] MainUpdater:289 - Updater Check For Update Now.
2025-07-16 13:39:55,378 [INFO] MicroXplorer:498 - Change Database Version : DB.6.0.140
2025-07-16 13:39:55,384 [INFO] McuFinderGlobals:63 - Set McuFinder mode to 2 (CubeIDE integrated)
2025-07-16 13:39:55,385 [INFO] UserAuth:486 - Internet connection configuration mode: 2
2025-07-16 13:39:55,387 [INFO] UserAuth:486 - Internet connection configuration mode: 2
2025-07-16 13:39:55,577 [INFO] CheckServerUpdateThread:120 - End of CheckServer Thread
2025-07-16 13:39:56,759 [WARN] PackLoader:240 - Cannot read IP mode file for STMicroelectronics.FP-SNS-MOTENVWB1.1.4.0
2025-07-16 13:39:56,766 [WARN] PackLoader:240 - Cannot read IP mode file for STMicroelectronics.FP-ATR-ASTRA1.2.0.2
2025-07-16 13:39:56,772 [WARN] PackLoader:240 - Cannot read IP mode file for STMicroelectronics.X-CUBE-SMBUS.2.1.0
2025-07-16 13:39:56,776 [WARN] PackLoader:240 - Cannot read IP mode file for STMicroelectronics.X-CUBE-ST60.1.0.0
2025-07-16 13:39:56,804 [WARN] PackLoader:240 - Cannot read IP mode file for STMicroelectronics.X-CUBE-AZRTOS-F7.1.1.0
2025-07-16 13:39:56,830 [WARN] PackLoader:240 - Cannot read IP mode file for Infineon.AIROC-Wi-Fi-Bluetooth-STM32.1.7.0
2025-07-16 13:39:56,853 [WARN] PackLoader:240 - Cannot read IP mode file for STMicroelectronics.X-CUBE-AZRTOS-H7.3.4.0
2025-07-16 13:39:56,863 [WARN] PackLoader:240 - Cannot read IP mode file for STMicroelectronics.X-CUBE-DISPLAY.3.0.0
2025-07-16 13:39:56,871 [WARN] PackLoader:240 - Cannot read IP mode file for STMicroelectronics.X-CUBE-NFC10.1.0.0
2025-07-16 13:39:56,878 [WARN] PackLoader:240 - Cannot read IP mode file for STMicroelectronics.X-CUBE-BLEMGR.4.0.0
2025-07-16 13:39:56,883 [WARN] PackLoader:240 - Cannot read IP mode file for emotas.I-CUBE-CANOPEN.1.3.0
2025-07-16 13:39:56,887 [WARN] ConditionMgr:438 - getConditionDescription Invalid condition id : Cortex-A Device cause : null
2025-07-16 13:39:56,896 [WARN] ConditionMgr:1044 - genDependencies : Invalid condition id : Cortex-A Device cause : null
2025-07-16 13:39:56,896 [WARN] ConditionMgr:1044 - genDependencies : Invalid condition id : Cortex-A Device cause : null
2025-07-16 13:39:56,896 [WARN] ConditionMgr:1044 - genDependencies : Invalid condition id : Cortex-A Device cause : null
2025-07-16 13:39:56,899 [WARN] PackLoader:240 - Cannot read IP mode file for STMicroelectronics.X-CUBE-AI.10.0.0
2025-07-16 13:39:56,903 [WARN] PackLoader:240 - Cannot read IP mode file for STMicroelectronics.FP-SNS-SMARTAG2.1.2.0
2025-07-16 13:39:56,906 [WARN] PackLoader:240 - Cannot read IP mode file for STMicroelectronics.FP-SNS-FLIGHT1.5.1.0
2025-07-16 13:39:56,913 [INFO] LogOutputStream:77 - [STDOUT_REDIRECT] 1 : Invalid condition id : UX_CORESTACK_Condition cause : null
2025-07-16 13:39:56,913 [INFO] LogOutputStream:77 - [STDOUT_REDIRECT] 1 : Invalid condition id : UX_CORESTACK_Condition cause : null
2025-07-16 13:39:56,914 [INFO] LogOutputStream:77 - [STDOUT_REDIRECT] 1 : Invalid condition id : UX_CORESTACK_Condition cause : null
2025-07-16 13:39:56,915 [INFO] LogOutputStream:77 - [STDOUT_REDIRECT] 1 : Invalid condition id : UX_CORESTACK_Condition cause : null
2025-07-16 13:39:56,915 [INFO] LogOutputStream:77 - [STDOUT_REDIRECT] 1 : Invalid condition id : UX_CORESTACK_Condition cause : null
2025-07-16 13:39:56,917 [WARN] PackLoader:240 - Cannot read IP mode file for STMicroelectronics.X-CUBE-AZRTOS-WL.2.0.0
2025-07-16 13:39:56,922 [WARN] PackLoader:240 - Cannot read IP mode file for STMicroelectronics.FP-SNS-MOTENV1.5.0.0
2025-07-16 13:39:56,937 [WARN] PackLoader:240 - Cannot read IP mode file for WES.I-CUBE-Cesium.1.3.0
2025-07-16 13:39:56,942 [WARN] PackLoader:240 - Cannot read IP mode file for STMicroelectronics.X-CUBE-BLE2.3.3.0
2025-07-16 13:39:56,947 [WARN] PackLoader:240 - Cannot read IP mode file for STMicroelectronics.X-CUBE-NFC9.1.0.0
2025-07-16 13:39:56,951 [WARN] PackLoader:240 - Cannot read IP mode file for STMicroelectronics.X-CUBE-BLE1.7.1.0
2025-07-16 13:39:56,955 [WARN] PackLoader:240 - Cannot read IP mode file for wolfSSL.I-CUBE-wolfMQTT.1.19.2
2025-07-16 13:39:56,960 [WARN] PackLoader:240 - Cannot read IP mode file for STMicroelectronics.X-CUBE-EEPRMA1.5.2.0
2025-07-16 13:39:56,965 [WARN] PackLoader:240 - Cannot read IP mode file for STMicroelectronics.X-CUBE-AI.10.1.0
2025-07-16 13:39:56,995 [WARN] PackLoader:240 - Cannot read IP mode file for STMicroelectronics.X-CUBE-MEMS1.11.2.0
2025-07-16 13:39:57,091 [WARN] PackLoader:240 - Cannot read IP mode file for STMicroelectronics.X-CUBE-AZRTOS-G0.1.1.0
2025-07-16 13:39:57,099 [WARN] PackLoader:240 - Cannot read IP mode file for STMicroelectronics.X-CUBE-SAFEA1.1.2.2
2025-07-16 13:39:57,104 [WARN] PackLoader:240 - Cannot read IP mode file for STMicroelectronics.X-CUBE-NFC4.3.0.0
2025-07-16 13:39:57,113 [WARN] PackLoader:240 - Cannot read IP mode file for EmbeddedOffice.I-CUBE-FS-RTOS.1.0.1
2025-07-16 13:39:57,119 [WARN] PackLoader:240 - Cannot read IP mode file for STMicroelectronics.X-CUBE-WB05N.2.0.0
2025-07-16 13:39:57,123 [WARN] PackLoader:240 - Cannot read IP mode file for wolfSSL.I-CUBE-wolfTPM.3.8.0
2025-07-16 13:39:57,128 [WARN] PackLoader:240 - Cannot read IP mode file for STMicroelectronics.X-CUBE-TCPP.4.2.0
2025-07-16 13:39:57,134 [WARN] PackLoader:240 - Cannot read IP mode file for RealThread.X-CUBE-RT-Thread_Nano.4.1.1
2025-07-16 13:39:57,138 [WARN] PackLoader:240 - Cannot read IP mode file for STMicroelectronics.FP-ATR-SIGFOX1.3.2.0
2025-07-16 13:39:57,144 [WARN] PackLoader:240 - Cannot read IP mode file for STMicroelectronics.X-CUBE-EEPRMA1.5.1.0
2025-07-16 13:39:57,149 [WARN] PackLoader:240 - Cannot read IP mode file for wolfSSL.I-CUBE-wolfSSL.5.7.6
2025-07-16 13:39:57,172 [WARN] PackLoader:240 - Cannot read IP mode file for ITTIA_DB.I-CUBE-ITTIADB.8.9.0
2025-07-16 13:39:57,178 [WARN] PackLoader:240 - Cannot read IP mode file for STMicroelectronics.X-CUBE-ST67W61.1.0.0
2025-07-16 13:39:57,197 [WARN] PackLoader:240 - Cannot read IP mode file for SEGGER.I-CUBE-embOS.1.3.1
2025-07-16 13:39:57,234 [WARN] PackLoader:240 - Cannot read IP mode file for STMicroelectronics.X-CUBE-ALGOBUILD.1.4.0
2025-07-16 13:39:57,255 [WARN] PackLoader:240 - Cannot read IP mode file for STMicroelectronics.X-CUBE-MEMS1.11.3.0
2025-07-16 13:39:57,312 [WARN] PackLoader:240 - Cannot read IP mode file for STMicroelectronics.X-CUBE-PM33A1.1.0.0
2025-07-16 13:39:57,324 [WARN] PackLoader:240 - Cannot read IP mode file for STMicroelectronics.X-CUBE-AZRTOS-F4.1.1.0
2025-07-16 13:39:57,328 [WARN] PackLoader:240 - Cannot read IP mode file for Avnet-IotConnect.X-CUBE-IoTC-DA16k-PMOD.1.0.0
2025-07-16 13:39:57,331 [WARN] PackLoader:240 - Cannot read IP mode file for STMicroelectronics.X-CUBE-ISPU.2.1.0
2025-07-16 13:39:57,336 [WARN] PackLoader:240 - Cannot read IP mode file for STMicroelectronics.X-CUBE-NFC12.1.0.0
2025-07-16 13:39:57,344 [WARN] PackLoader:240 - Cannot read IP mode file for STMicroelectronics.X-CUBE-AZRTOS-L5.2.0.0
2025-07-16 13:39:57,350 [WARN] PackLoader:240 - Cannot read IP mode file for STMicroelectronics.X-CUBE-NFC6.3.1.0
2025-07-16 13:39:57,357 [WARN] PackLoader:240 - Cannot read IP mode file for STMicroelectronics.X-CUBE-FREERTOS.1.3.1
2025-07-16 13:39:57,361 [WARN] PackLoader:240 - Cannot read IP mode file for STMicroelectronics.X-CUBE-FREERTOS.1.3.0
2025-07-16 13:39:57,365 [WARN] PackLoader:240 - Cannot read IP mode file for STMicroelectronics.FP-SNS-STAIOTCFT.1.0.0
2025-07-16 13:39:57,369 [WARN] PackLoader:240 - Cannot read IP mode file for STMicroelectronics.X-CUBE-DPower.1.3.0
2025-07-16 13:39:57,379 [WARN] ConditionMgr:438 - getConditionDescription Invalid condition id : LAN8742 Phy interface Condition cause : null
2025-07-16 13:39:57,380 [WARN] PackLoader:240 - Cannot read IP mode file for STMicroelectronics.X-CUBE-AZRTOS-L4.2.0.0
2025-07-16 13:39:57,380 [WARN] ConditionMgr:1044 - genDependencies : Invalid condition id : LAN8742 Phy interface Condition cause : null
2025-07-16 13:39:57,380 [WARN] ConditionMgr:1044 - genDependencies : Invalid condition id : LAN8742 Phy interface Condition cause : null
2025-07-16 13:39:57,381 [WARN] ConditionMgr:1044 - genDependencies : Invalid condition id : LAN8742 Phy interface Condition cause : null
2025-07-16 13:39:57,385 [WARN] PackLoader:240 - Cannot read IP mode file for STMicroelectronics.X-CUBE-SFXS2LP1.4.0.0
2025-07-16 13:39:57,395 [WARN] PackLoader:240 - Cannot read IP mode file for STMicroelectronics.X-CUBE-AZRTOS-H7.3.3.0
2025-07-16 13:39:57,410 [WARN] ConditionMgr:438 - getConditionDescription Invalid condition id : UX DEVICE CLASS RTOS Condition cause : null
2025-07-16 13:39:57,411 [WARN] ConditionMgr:438 - getConditionDescription Invalid condition id : UX DEVICE CLASS RTOS Condition cause : null
2025-07-16 13:39:57,412 [WARN] PackLoader:240 - Cannot read IP mode file for STMicroelectronics.X-CUBE-AZRTOS-WB.2.0.0
2025-07-16 13:39:57,413 [WARN] ConditionMgr:1044 - genDependencies : Invalid condition id : UX DEVICE CLASS RTOS Condition cause : null
2025-07-16 13:39:57,413 [WARN] ConditionMgr:1044 - genDependencies : Invalid condition id : UX DEVICE CLASS RTOS Condition cause : null
2025-07-16 13:39:57,413 [WARN] ConditionMgr:1044 - genDependencies : Invalid condition id : UX DEVICE CLASS RTOS Condition cause : null
2025-07-16 13:39:57,413 [WARN] ConditionMgr:1044 - genDependencies : Invalid condition id : UX DEVICE CLASS RTOS Condition cause : null
2025-07-16 13:39:57,414 [WARN] ConditionMgr:1044 - genDependencies : Invalid condition id : UX DEVICE CLASS RTOS Condition cause : null
2025-07-16 13:39:57,418 [WARN] PackLoader:240 - Cannot read IP mode file for STMicroelectronics.X-CUBE-GNSS1.7.0.1
2025-07-16 13:39:57,421 [WARN] PackLoader:240 - Cannot read IP mode file for STMicroelectronics.X-CUBE-TOUCHGFX.4.25.0
2025-07-16 13:39:57,425 [WARN] PackLoader:240 - Cannot read IP mode file for STMicroelectronics.FP-SNS-STBOX1.2.0.0
2025-07-16 13:39:57,431 [WARN] PackLoader:240 - Cannot read IP mode file for STMicroelectronics.X-CUBE-SUBG2.5.0.0
2025-07-16 13:39:57,443 [WARN] PackLoader:240 - Cannot read IP mode file for STMicroelectronics.X-CUBE-AZRTOS-H7RS.1.1.0
2025-07-16 13:39:57,447 [WARN] PackLoader:240 - Cannot read IP mode file for Cesanta.I-CUBE-Mongoose.7.13.0
2025-07-16 13:39:57,454 [WARN] PackLoader:240 - Cannot read IP mode file for STMicroelectronics.X-CUBE-AZRTOS-G4.2.0.0
2025-07-16 13:39:57,457 [WARN] PackLoader:240 - Cannot read IP mode file for wolfSSL.I-CUBE-wolfSSH.1.4.20
2025-07-16 13:39:57,460 [WARN] PackLoader:240 - Cannot read IP mode file for STMicroelectronics.X-CUBE-NFC7.2.0.0
2025-07-16 13:39:57,467 [WARN] PackLoader:240 - Cannot read IP mode file for STMicroelectronics.X-CUBE-IPS.3.1.0
2025-07-16 13:39:57,472 [WARN] PackLoader:240 - Cannot read IP mode file for STMicroelectronics.X-CUBE-ALS.1.0.2
2025-07-16 13:39:57,476 [WARN] PackLoader:240 - Cannot read IP mode file for portGmbH.I-Cube-SoM-uGOAL.1.1.0
2025-07-16 13:39:57,482 [WARN] PackLoader:240 - Cannot read IP mode file for STMicroelectronics.X-CUBE-TOF1.3.4.3
2025-07-16 13:39:57,487 [INFO] ThirdParty:978 - Integrity check success = true
2025-07-16 13:39:57,487 [INFO] IntegrityCheckThread:100 - exiting critical section [integrity check]
2025-07-16 13:39:57,487 [INFO] IntegrityCheckThread:103 - End integrity checks thread
2025-07-16 13:39:59,873 [ERROR] ConfigurationRetriever:142 - IOException on connection: Connect timed out
2025-07-16 13:40:04,875 [ERROR] ConfigurationRetriever:142 - IOException on connection: Connect timed out
2025-07-16 15:11:53,399 [INFO] Activator:176 - 


2025-07-16 15:11:53,401 [INFO] Activator:177 - !SESSION log4j initialized
2025-07-16 15:11:57,783 [INFO] LogOutputStream:77 - [STDOUT_REDIRECT] 
2025-07-16 15:11:58,164 [ERROR] ConfigurationRetriever:142 - IOException on connection: sw-center.st.com
2025-07-16 15:11:58,164 [ERROR] ConfigurationRetriever:142 - IOException on connection: sw-center.st.com
2025-07-16 15:11:58,165 [ERROR] ConfigurationRetriever:142 - IOException on connection: sw-center.st.com
2025-07-16 15:11:59,674 [INFO] ApplicationProperties:184 - Using Application install path: C:\ST\STM32CubeIDE_1.18.0\STM32CubeIDE\plugins\com.st.stm32cube.common.mx_6.14.0.202502271554
2025-07-16 15:11:59,701 [INFO] DbMcusXml:78 - Set database path to: C:\ST\STM32CubeIDE_1.18.0\STM32CubeIDE\plugins\com.st.stm32cube.common.mx_6.14.0.202502271554\\db\/mcu/
2025-07-16 15:11:59,701 [INFO] ApiDb:274 - Set plugin database path to: C:\ST\STM32CubeIDE_1.18.0\STM32CubeIDE\plugins\com.st.stm32cube.common.mx_6.14.0.202502271554\\db\/plugins/boardmanager/
2025-07-16 15:11:59,702 [WARN] ApiDb:259 - Overriding images path with different value:  => C:\ST\STM32CubeIDE_1.18.0\STM32CubeIDE\plugins\com.st.stm32cube.common.mx_6.14.0.202502271554\\db\/plugins/mcufinder/images/
2025-07-16 15:11:59,714 [INFO] ApiDb:250 - Set database path to: C:\Users\Alireza\.stmcufinder\plugins\mcufinder//mcu/
2025-07-16 15:11:59,716 [INFO] DbMcusAds:125 - Set database path to: C:\Users\Alireza\.stmcufinder\plugins\mcufinder//mcu/
2025-07-16 15:11:59,720 [INFO] CrossReferenceDbSqlite:203 - Set database path to: C:\Users\Alireza\.stmcufinder\plugins\mcufinder//mcu/cs/
2025-07-16 15:11:59,891 [INFO] RulesReader:64 - Compatibility file has been processed (301 Rules)
2025-07-16 15:12:00,016 [INFO] DbMcusXml:78 - Set database path to: C:\ST\STM32CubeIDE_1.18.0\STM32CubeIDE\plugins\com.st.stm32cube.common.mx_6.14.0.202502271554\\db\/mcu/
2025-07-16 15:12:00,016 [INFO] ApiDb:274 - Set plugin database path to: C:\ST\STM32CubeIDE_1.18.0\STM32CubeIDE\plugins\com.st.stm32cube.common.mx_6.14.0.202502271554\\db\/plugins/boardmanager/
2025-07-16 15:12:00,016 [INFO] ApiDb:261 - Set plugin images path to: C:\ST\STM32CubeIDE_1.18.0\STM32CubeIDE\plugins\com.st.stm32cube.common.mx_6.14.0.202502271554\\db\/plugins/mcufinder/images/
2025-07-16 15:12:00,016 [WARN] DbFile:41 - Overriding database path with different value: C:\Users\Alireza\.stmcufinder\plugins\mcufinder/ => C:\Users\Alireza\.stmcufinder\plugins\mcufinder
2025-07-16 15:12:00,016 [INFO] ApiDb:250 - Set database path to: C:\Users\Alireza\.stmcufinder\plugins\mcufinder//mcu/
2025-07-16 15:12:00,017 [WARN] DbFile:41 - Overriding database path with different value: C:\Users\Alireza\.stmcufinder\plugins\mcufinder/ => C:\Users\Alireza\.stmcufinder\plugins\mcufinder
2025-07-16 15:12:00,017 [INFO] DbMcusAds:125 - Set database path to: C:\Users\Alireza\.stmcufinder\plugins\mcufinder//mcu/
2025-07-16 15:12:00,017 [WARN] DbFile:41 - Overriding database path with different value: C:\Users\Alireza\.stmcufinder\plugins\mcufinder/ => C:\Users\Alireza\.stmcufinder\plugins\mcufinder
2025-07-16 15:12:00,017 [WARN] DbFile:41 - Overriding database path with different value: C:\Users\Alireza\.stmcufinder\plugins\mcufinder/ => C:\Users\Alireza\.stmcufinder\plugins\mcufinder
2025-07-16 15:12:00,017 [INFO] CrossReferenceDbSqlite:203 - Set database path to: C:\Users\Alireza\.stmcufinder\plugins\mcufinder//mcu/cs/
2025-07-16 15:12:00,132 [INFO] MainPanel:272 - HeapMemory: 268435456
2025-07-16 15:12:00,294 [INFO] DbMcusXml:78 - Set database path to: C:\ST\STM32CubeIDE_1.18.0\STM32CubeIDE\plugins\com.st.stm32cube.common.mx_6.14.0.202502271554\\db\/mcu/
2025-07-16 15:12:00,294 [INFO] ApiDb:274 - Set plugin database path to: C:\ST\STM32CubeIDE_1.18.0\STM32CubeIDE\plugins\com.st.stm32cube.common.mx_6.14.0.202502271554\\db\/plugins/boardmanager/
2025-07-16 15:12:00,294 [INFO] ApiDb:261 - Set plugin images path to: C:\ST\STM32CubeIDE_1.18.0\STM32CubeIDE\plugins\com.st.stm32cube.common.mx_6.14.0.202502271554\\db\/plugins/mcufinder/images/
2025-07-16 15:12:00,295 [WARN] DbFile:41 - Overriding database path with different value: C:\Users\Alireza\.stmcufinder\plugins\mcufinder/ => C:\Users\Alireza\.stmcufinder\plugins\mcufinder
2025-07-16 15:12:00,295 [INFO] ApiDb:250 - Set database path to: C:\Users\Alireza\.stmcufinder\plugins\mcufinder//mcu/
2025-07-16 15:12:00,295 [WARN] DbFile:41 - Overriding database path with different value: C:\Users\Alireza\.stmcufinder\plugins\mcufinder/ => C:\Users\Alireza\.stmcufinder\plugins\mcufinder
2025-07-16 15:12:00,295 [INFO] DbMcusAds:125 - Set database path to: C:\Users\Alireza\.stmcufinder\plugins\mcufinder//mcu/
2025-07-16 15:12:00,295 [WARN] DbFile:41 - Overriding database path with different value: C:\Users\Alireza\.stmcufinder\plugins\mcufinder/ => C:\Users\Alireza\.stmcufinder\plugins\mcufinder
2025-07-16 15:12:00,296 [WARN] DbFile:41 - Overriding database path with different value: C:\Users\Alireza\.stmcufinder\plugins\mcufinder/ => C:\Users\Alireza\.stmcufinder\plugins\mcufinder
2025-07-16 15:12:00,296 [INFO] CrossReferenceDbSqlite:203 - Set database path to: C:\Users\Alireza\.stmcufinder\plugins\mcufinder//mcu/cs/
2025-07-16 15:12:00,321 [INFO] ApplicationProperties:184 - Using Application install path: C:\ST\STM32CubeIDE_1.18.0\STM32CubeIDE\plugins\com.st.stm32cube.common.mx_6.14.0.202502271554
2025-07-16 15:12:00,321 [INFO] PluginManage:196 - Search for loadable plugins [exclusion list=, ]
2025-07-16 15:12:00,325 [INFO] PluginManage:310 - Check plugin analytics
2025-07-16 15:12:00,616 [INFO] AnalyticsPlugin:253 - Accepted Software Licenses: STM32CubeMX.6.13.0
2025-07-16 15:12:00,616 [INFO] AnalyticsPlugin:255 - Accepted CMSIS Pack Licenses: 
2025-07-16 15:12:00,616 [INFO] AnalyticsPlugin:257 - Accepted Firmware Licenses: FW.F4.1.28.0
2025-07-16 15:12:00,620 [INFO] PluginManage:359 - Loaded plugin analytics (category:tool,tabindex:-1)
2025-07-16 15:12:00,620 [INFO] PluginManage:310 - Check plugin cadmodel
2025-07-16 15:12:00,620 [ERROR] ConfigurationRetriever:142 - IOException on connection: sw-center.st.com
2025-07-16 15:12:00,621 [ERROR] ConfigurationRetriever:142 - IOException on connection: sw-center.st.com
2025-07-16 15:12:00,621 [ERROR] ConfigurationRetriever:142 - IOException on connection: sw-center.st.com
2025-07-16 15:12:00,628 [INFO] CADModel:105 - Init CAD model plugin
2025-07-16 15:12:00,628 [INFO] PluginManage:359 - Loaded plugin cadmodel (category:power,tabindex:5)
2025-07-16 15:12:00,628 [INFO] PluginManage:310 - Check plugin clock
2025-07-16 15:12:00,645 [INFO] PluginManage:359 - Loaded plugin clock (category:base,tabindex:2)
2025-07-16 15:12:00,645 [INFO] PluginManage:310 - Check plugin ddr
2025-07-16 15:12:00,649 [INFO] PluginManage:359 - Loaded plugin ddr (category:tool,tabindex:6)
2025-07-16 15:12:00,649 [INFO] PluginManage:310 - Check plugin filemanager
2025-07-16 15:12:00,857 [INFO] PluginManage:359 - Loaded plugin filemanager (category:base,tabindex:10)
2025-07-16 15:12:00,857 [INFO] PluginManage:310 - Check plugin ipmanager
2025-07-16 15:12:00,868 [INFO] PluginManage:359 - Loaded plugin ipmanager (category:base,tabindex:5)
2025-07-16 15:12:00,868 [INFO] PluginManage:310 - Check plugin lpbam
2025-07-16 15:12:00,883 [INFO] PluginManage:359 - Loaded plugin lpbam (category:base,tabindex:0)
2025-07-16 15:12:00,883 [INFO] PluginManage:310 - Check plugin memorymap
2025-07-16 15:12:00,912 [INFO] PluginManage:359 - Loaded plugin memorymap (category:base,tabindex:4)
2025-07-16 15:12:00,913 [INFO] PluginManage:310 - Check plugin pinoutandconfiguration
2025-07-16 15:12:00,927 [INFO] PluginManage:359 - Loaded plugin pinoutandconfiguration (category:base,tabindex:1)
2025-07-16 15:12:00,927 [INFO] PluginManage:310 - Check plugin pinoutconfig
2025-07-16 15:12:01,052 [WARN] SupportedApi:132 - Cannot load RTOS API schema: s4s-elt-must-match.1: The content of 'definitions' must match (annotation?, (simpleType | complexType)?, (unique | key | keyref)*)). A problem was found starting at: attribute.
2025-07-16 15:12:01,295 [INFO] PluginManage:359 - Loaded plugin pinoutconfig (category:base,tabindex:0)
2025-07-16 15:12:01,296 [INFO] PluginManage:310 - Check plugin power
2025-07-16 15:12:01,313 [INFO] PluginManage:359 - Loaded plugin power (category:power,tabindex:4)
2025-07-16 15:12:01,314 [INFO] PluginManage:310 - Check plugin projectmanager
2025-07-16 15:12:01,334 [INFO] PluginManage:359 - Loaded plugin projectmanager (category:projectmanager,tabindex:4)
2025-07-16 15:12:01,334 [INFO] PluginManage:310 - Check plugin rif
2025-07-16 15:12:01,345 [INFO] PluginManage:359 - Loaded plugin rif (category:base,tabindex:3)
2025-07-16 15:12:01,345 [INFO] PluginManage:310 - Check plugin thirdparty
2025-07-16 15:12:01,558 [INFO] PluginManage:359 - Loaded plugin thirdparty (category:base,tabindex:-1)
2025-07-16 15:12:01,558 [WARN] IntegrityCheckThread:84 - waiting for thirdparty lock release [integrity check]
2025-07-16 15:12:01,558 [INFO] PluginManage:310 - Check plugin tools
2025-07-16 15:12:01,558 [INFO] IntegrityCheckThread:86 - entering critical section [integrity check]
2025-07-16 15:12:01,559 [INFO] ThirdPartyUpdaterWithRetryManager:70 - Updater plugin not ready yet. [1/15]
2025-07-16 15:12:01,563 [INFO] PluginManage:359 - Loaded plugin tools (category:base,tabindex:7)
2025-07-16 15:12:01,563 [INFO] PluginManage:310 - Check plugin tutovideos
2025-07-16 15:12:01,855 [INFO] PluginManage:359 - Loaded plugin tutovideos (category:base,tabindex:-1)
2025-07-16 15:12:01,855 [INFO] PluginManage:310 - Check plugin updater
2025-07-16 15:12:01,896 [INFO] PluginManage:359 - Loaded plugin updater (category:base,tabindex:12)
2025-07-16 15:12:01,896 [INFO] PluginManage:310 - Check plugin userauth
2025-07-16 15:12:01,903 [INFO] UserAuth:118 - Init User Auth plugin
2025-07-16 15:12:01,904 [INFO] PluginManage:359 - Loaded plugin userauth (category:base,tabindex:14)
2025-07-16 15:12:01,905 [INFO] PluginManage:283 - PluginManage : Loaded plugins [18]
2025-07-16 15:12:02,253 [INFO] PinOutPanel:1589 - setPackage(No Configuration,No Configuration)
2025-07-16 15:12:02,361 [INFO] CADModel:165 - CPN selected for project level
2025-07-16 15:12:02,362 [INFO] CADModel:114 - Register for checkConnection events
2025-07-16 15:12:02,387 [INFO] IPUIPlugin:80 - create IPUIPlugin
2025-07-16 15:12:02,387 [INFO] PluginManager:220 - loadIPPluginJar : add adc
2025-07-16 15:12:02,392 [INFO] IPUIPlugin:80 - create IPUIPlugin
2025-07-16 15:12:02,392 [INFO] PluginManager:220 - loadIPPluginJar : add aes
2025-07-16 15:12:02,396 [INFO] IPUIPlugin:80 - create IPUIPlugin
2025-07-16 15:12:02,396 [INFO] PluginManager:220 - loadIPPluginJar : add can
2025-07-16 15:12:02,399 [INFO] IPUIPlugin:80 - create IPUIPlugin
2025-07-16 15:12:02,399 [INFO] PluginManager:220 - loadIPPluginJar : add comp
2025-07-16 15:12:02,402 [INFO] IPUIPlugin:80 - create IPUIPlugin
2025-07-16 15:12:02,403 [INFO] PluginManager:220 - loadIPPluginJar : add cryp
2025-07-16 15:12:02,407 [INFO] IPUIPlugin:80 - create IPUIPlugin
2025-07-16 15:12:02,408 [INFO] PluginManager:220 - loadIPPluginJar : add ddr_ctrl_phy
2025-07-16 15:12:02,411 [INFO] IPUIPlugin:80 - create IPUIPlugin
2025-07-16 15:12:02,411 [INFO] PluginManager:220 - loadIPPluginJar : add dfsdm
2025-07-16 15:12:02,418 [INFO] IPUIPlugin:80 - create IPUIPlugin
2025-07-16 15:12:02,419 [INFO] PluginManager:220 - loadIPPluginJar : add dma
2025-07-16 15:12:02,422 [INFO] IPUIPlugin:80 - create IPUIPlugin
2025-07-16 15:12:02,422 [INFO] PluginManager:220 - loadIPPluginJar : add dma3
2025-07-16 15:12:02,425 [INFO] IPUIPlugin:80 - create IPUIPlugin
2025-07-16 15:12:02,425 [INFO] PluginManager:220 - loadIPPluginJar : add extmemmanager
2025-07-16 15:12:02,428 [INFO] IPUIPlugin:80 - create IPUIPlugin
2025-07-16 15:12:02,428 [INFO] PluginManager:220 - loadIPPluginJar : add fatfs
2025-07-16 15:12:02,434 [INFO] IPUIPlugin:80 - create IPUIPlugin
2025-07-16 15:12:02,434 [INFO] PluginManager:220 - loadIPPluginJar : add fmc
2025-07-16 15:12:02,441 [INFO] IPUIPlugin:80 - create IPUIPlugin
2025-07-16 15:12:02,441 [INFO] PluginManager:220 - loadIPPluginJar : add freertos
2025-07-16 15:12:02,444 [INFO] IPUIPlugin:80 - create IPUIPlugin
2025-07-16 15:12:02,444 [INFO] PluginManager:220 - loadIPPluginJar : add genericplugin
2025-07-16 15:12:02,447 [INFO] IPUIPlugin:80 - create IPUIPlugin
2025-07-16 15:12:02,447 [INFO] PluginManager:220 - loadIPPluginJar : add gfxmmu
2025-07-16 15:12:02,453 [INFO] IPUIPlugin:80 - create IPUIPlugin
2025-07-16 15:12:02,454 [INFO] PluginManager:220 - loadIPPluginJar : add gic
2025-07-16 15:12:02,458 [INFO] IPUIPlugin:80 - create IPUIPlugin
2025-07-16 15:12:02,458 [INFO] PluginManager:220 - loadIPPluginJar : add gpio
2025-07-16 15:12:02,462 [INFO] IPUIPlugin:80 - create IPUIPlugin
2025-07-16 15:12:02,462 [INFO] PluginManager:220 - loadIPPluginJar : add gtzc
2025-07-16 15:12:02,466 [INFO] IPUIPlugin:80 - create IPUIPlugin
2025-07-16 15:12:02,466 [INFO] PluginManager:220 - loadIPPluginJar : add hash
2025-07-16 15:12:02,469 [INFO] IPUIPlugin:80 - create IPUIPlugin
2025-07-16 15:12:02,469 [INFO] PluginManager:220 - loadIPPluginJar : add i2c
2025-07-16 15:12:02,474 [INFO] IPUIPlugin:80 - create IPUIPlugin
2025-07-16 15:12:02,474 [INFO] PluginManager:220 - loadIPPluginJar : add i2s
2025-07-16 15:12:02,478 [INFO] IPUIPlugin:80 - create IPUIPlugin
2025-07-16 15:12:02,478 [INFO] PluginManager:220 - loadIPPluginJar : add i3c
2025-07-16 15:12:02,482 [INFO] IPUIPlugin:80 - create IPUIPlugin
2025-07-16 15:12:02,482 [INFO] PluginManager:220 - loadIPPluginJar : add ipddr
2025-07-16 15:12:02,492 [INFO] IPUIPlugin:80 - create IPUIPlugin
2025-07-16 15:12:02,492 [INFO] PluginManager:220 - loadIPPluginJar : add linkedlist
2025-07-16 15:12:02,496 [INFO] IPUIPlugin:80 - create IPUIPlugin
2025-07-16 15:12:02,496 [INFO] PluginManager:220 - loadIPPluginJar : add lorawan
2025-07-16 15:12:02,499 [INFO] IPUIPlugin:80 - create IPUIPlugin
2025-07-16 15:12:02,499 [INFO] PluginManager:220 - loadIPPluginJar : add ltdc
2025-07-16 15:12:02,506 [INFO] IPUIPlugin:80 - create IPUIPlugin
2025-07-16 15:12:02,506 [INFO] PluginManager:220 - loadIPPluginJar : add mdma
2025-07-16 15:12:02,510 [INFO] IPUIPlugin:80 - create IPUIPlugin
2025-07-16 15:12:02,510 [INFO] PluginManager:220 - loadIPPluginJar : add nvic
2025-07-16 15:12:02,514 [INFO] IPUIPlugin:80 - create IPUIPlugin
2025-07-16 15:12:02,514 [INFO] PluginManager:220 - loadIPPluginJar : add opamp
2025-07-16 15:12:02,517 [INFO] IPUIPlugin:80 - create IPUIPlugin
2025-07-16 15:12:02,518 [INFO] PluginManager:220 - loadIPPluginJar : add openamp
2025-07-16 15:12:02,523 [INFO] IPUIPlugin:80 - create IPUIPlugin
2025-07-16 15:12:02,523 [INFO] PluginManager:220 - loadIPPluginJar : add pdm2pcm
2025-07-16 15:12:02,530 [INFO] IPUIPlugin:80 - create IPUIPlugin
2025-07-16 15:12:02,534 [INFO] PluginManager:220 - loadIPPluginJar : add plateformsettings
2025-07-16 15:12:02,536 [INFO] IPUIPlugin:80 - create IPUIPlugin
2025-07-16 15:12:02,537 [INFO] PluginManager:220 - loadIPPluginJar : add quadspi
2025-07-16 15:12:02,540 [INFO] IPUIPlugin:80 - create IPUIPlugin
2025-07-16 15:12:02,541 [INFO] PluginManager:220 - loadIPPluginJar : add radio
2025-07-16 15:12:02,545 [INFO] IPUIPlugin:80 - create IPUIPlugin
2025-07-16 15:12:02,546 [INFO] PluginManager:220 - loadIPPluginJar : add resmgrutility
2025-07-16 15:12:02,551 [INFO] IPUIPlugin:80 - create IPUIPlugin
2025-07-16 15:12:02,551 [INFO] PluginManager:220 - loadIPPluginJar : add sai
2025-07-16 15:12:02,553 [INFO] IPUIPlugin:80 - create IPUIPlugin
2025-07-16 15:12:02,554 [INFO] PluginManager:220 - loadIPPluginJar : add spi
2025-07-16 15:12:02,560 [INFO] IPUIPlugin:80 - create IPUIPlugin
2025-07-16 15:12:02,560 [INFO] PluginManager:220 - loadIPPluginJar : add stm32_wpan
2025-07-16 15:12:02,563 [INFO] IPUIPlugin:80 - create IPUIPlugin
2025-07-16 15:12:02,563 [INFO] PluginManager:220 - loadIPPluginJar : add tim
2025-07-16 15:12:02,567 [INFO] IPUIPlugin:80 - create IPUIPlugin
2025-07-16 15:12:02,567 [INFO] PluginManager:220 - loadIPPluginJar : add touchsensing
2025-07-16 15:12:02,569 [INFO] IPUIPlugin:80 - create IPUIPlugin
2025-07-16 15:12:02,576 [INFO] PluginManager:220 - loadIPPluginJar : add tracer_emb
2025-07-16 15:12:02,580 [INFO] IPUIPlugin:80 - create IPUIPlugin
2025-07-16 15:12:02,580 [INFO] PluginManager:220 - loadIPPluginJar : add ts
2025-07-16 15:12:02,583 [INFO] IPUIPlugin:80 - create IPUIPlugin
2025-07-16 15:12:02,583 [INFO] PluginManager:220 - loadIPPluginJar : add tsc
2025-07-16 15:12:02,585 [INFO] IPUIPlugin:80 - create IPUIPlugin
2025-07-16 15:12:02,586 [INFO] PluginManager:220 - loadIPPluginJar : add ucpd
2025-07-16 15:12:02,590 [INFO] IPUIPlugin:80 - create IPUIPlugin
2025-07-16 15:12:02,590 [INFO] PluginManager:220 - loadIPPluginJar : add usart
2025-07-16 15:12:02,595 [INFO] IPUIPlugin:80 - create IPUIPlugin
2025-07-16 15:12:02,595 [INFO] PluginManager:220 - loadIPPluginJar : add usbx
2025-07-16 15:12:02,738 [FATAL] Updater:351 - Updater called before beeing initialized
2025-07-16 15:12:02,772 [INFO] RulesReader:64 - Compatibility file has been processed (301 Rules)
2025-07-16 15:12:02,787 [INFO] RulesReader:64 - Compatibility file has been processed (301 Rules)
2025-07-16 15:12:02,798 [INFO] CADModel:165 - CPN selected for project level
2025-07-16 15:12:02,798 [INFO] CADModel:114 - Register for checkConnection events
2025-07-16 15:12:02,799 [FATAL] Updater:351 - Updater called before beeing initialized
2025-07-16 15:12:02,799 [ERROR] CADModel:125 - Updater not yet initialized, retry later 
2025-07-16 15:12:03,013 [FATAL] Updater:351 - Updater called before beeing initialized
2025-07-16 15:12:03,016 [INFO] CADModel:165 - CPN selected for project level
2025-07-16 15:12:03,017 [INFO] CADModel:114 - Register for checkConnection events
2025-07-16 15:12:03,017 [FATAL] Updater:351 - Updater called before beeing initialized
2025-07-16 15:12:03,017 [ERROR] CADModel:125 - Updater not yet initialized, retry later 
2025-07-16 15:12:03,022 [FATAL] Updater:351 - Updater called before beeing initialized
2025-07-16 15:12:03,168 [FATAL] Updater:351 - Updater called before beeing initialized
2025-07-16 15:12:03,185 [INFO] DbMcusAds:53 - JSON generation date=Wed May 07 12:37:55 IRST 2025 (1746608875484)
2025-07-16 15:12:03,185 [FATAL] Updater:351 - Updater called before beeing initialized
2025-07-16 15:12:03,250 [WARN] DetailPanel:346 - Failed to get advertising image, set to default
2025-07-16 15:12:03,593 [FATAL] Updater:351 - Updater called before beeing initialized
2025-07-16 15:12:03,593 [FATAL] Updater:351 - Updater called before beeing initialized
2025-07-16 15:12:03,593 [FATAL] Updater:351 - Updater called before beeing initialized
2025-07-16 15:12:03,593 [WARN] DetailPanel:346 - Failed to get advertising image, set to default
2025-07-16 15:12:03,603 [FATAL] Updater:351 - Updater called before beeing initialized
2025-07-16 15:12:03,664 [ERROR] Updater:1198 - MainUpdater not yet initialized. External WinMGr cannot be set.
2025-07-16 15:12:03,664 [INFO] Updater:1134 - Updater Version found : 6.14.0
2025-07-16 15:12:03,686 [INFO] ApplicationProperties:184 - Using Application install path: C:\ST\STM32CubeIDE_1.18.0\STM32CubeIDE\plugins\com.st.stm32cube.common.mx_6.14.0.202502271554
2025-07-16 15:12:03,944 [INFO] MainUpdater:2872 - connection check result : 22
2025-07-16 15:12:03,944 [INFO] MainUpdater:289 - Updater Check For Update Now.
2025-07-16 15:12:03,944 [INFO] MicroXplorer:498 - Change Database Version : DB.6.0.140
2025-07-16 15:12:03,956 [INFO] McuFinderGlobals:63 - Set McuFinder mode to 2 (CubeIDE integrated)
2025-07-16 15:12:03,956 [INFO] UserAuth:486 - Internet connection configuration mode: 2
2025-07-16 15:12:03,966 [INFO] UserAuth:486 - Internet connection configuration mode: 2
2025-07-16 15:12:04,176 [INFO] CheckServerUpdateThread:120 - End of CheckServer Thread
2025-07-16 15:12:04,737 [WARN] PackLoader:240 - Cannot read IP mode file for STMicroelectronics.FP-SNS-MOTENVWB1.1.4.0
2025-07-16 15:12:04,744 [WARN] PackLoader:240 - Cannot read IP mode file for STMicroelectronics.FP-ATR-ASTRA1.2.0.2
2025-07-16 15:12:04,751 [WARN] PackLoader:240 - Cannot read IP mode file for STMicroelectronics.X-CUBE-SMBUS.2.1.0
2025-07-16 15:12:04,756 [WARN] PackLoader:240 - Cannot read IP mode file for STMicroelectronics.X-CUBE-ST60.1.0.0
2025-07-16 15:12:04,783 [WARN] PackLoader:240 - Cannot read IP mode file for STMicroelectronics.X-CUBE-AZRTOS-F7.1.1.0
2025-07-16 15:12:04,808 [WARN] PackLoader:240 - Cannot read IP mode file for Infineon.AIROC-Wi-Fi-Bluetooth-STM32.1.7.0
2025-07-16 15:12:04,837 [WARN] PackLoader:240 - Cannot read IP mode file for STMicroelectronics.X-CUBE-AZRTOS-H7.3.4.0
2025-07-16 15:12:04,845 [WARN] PackLoader:240 - Cannot read IP mode file for STMicroelectronics.X-CUBE-DISPLAY.3.0.0
2025-07-16 15:12:04,857 [WARN] PackLoader:240 - Cannot read IP mode file for STMicroelectronics.X-CUBE-NFC10.1.0.0
2025-07-16 15:12:04,866 [WARN] PackLoader:240 - Cannot read IP mode file for STMicroelectronics.X-CUBE-BLEMGR.4.0.0
2025-07-16 15:12:04,872 [WARN] PackLoader:240 - Cannot read IP mode file for emotas.I-CUBE-CANOPEN.1.3.0
2025-07-16 15:12:04,877 [WARN] ConditionMgr:438 - getConditionDescription Invalid condition id : Cortex-A Device cause : null
2025-07-16 15:12:04,887 [WARN] ConditionMgr:1044 - genDependencies : Invalid condition id : Cortex-A Device cause : null
2025-07-16 15:12:04,887 [WARN] ConditionMgr:1044 - genDependencies : Invalid condition id : Cortex-A Device cause : null
2025-07-16 15:12:04,887 [WARN] ConditionMgr:1044 - genDependencies : Invalid condition id : Cortex-A Device cause : null
2025-07-16 15:12:04,890 [WARN] PackLoader:240 - Cannot read IP mode file for STMicroelectronics.X-CUBE-AI.10.0.0
2025-07-16 15:12:04,894 [WARN] PackLoader:240 - Cannot read IP mode file for STMicroelectronics.FP-SNS-SMARTAG2.1.2.0
2025-07-16 15:12:04,898 [WARN] PackLoader:240 - Cannot read IP mode file for STMicroelectronics.FP-SNS-FLIGHT1.5.1.0
2025-07-16 15:12:04,907 [INFO] LogOutputStream:77 - [STDOUT_REDIRECT] 1 : Invalid condition id : UX_CORESTACK_Condition cause : null
2025-07-16 15:12:04,908 [INFO] LogOutputStream:77 - [STDOUT_REDIRECT] 1 : Invalid condition id : UX_CORESTACK_Condition cause : null
2025-07-16 15:12:04,909 [INFO] LogOutputStream:77 - [STDOUT_REDIRECT] 1 : Invalid condition id : UX_CORESTACK_Condition cause : null
2025-07-16 15:12:04,910 [INFO] LogOutputStream:77 - [STDOUT_REDIRECT] 1 : Invalid condition id : UX_CORESTACK_Condition cause : null
2025-07-16 15:12:04,912 [INFO] LogOutputStream:77 - [STDOUT_REDIRECT] 1 : Invalid condition id : UX_CORESTACK_Condition cause : null
2025-07-16 15:12:04,914 [WARN] PackLoader:240 - Cannot read IP mode file for STMicroelectronics.X-CUBE-AZRTOS-WL.2.0.0
2025-07-16 15:12:04,920 [WARN] PackLoader:240 - Cannot read IP mode file for STMicroelectronics.FP-SNS-MOTENV1.5.0.0
2025-07-16 15:12:04,927 [WARN] PackLoader:240 - Cannot read IP mode file for WES.I-CUBE-Cesium.1.3.0
2025-07-16 15:12:04,933 [WARN] PackLoader:240 - Cannot read IP mode file for STMicroelectronics.X-CUBE-BLE2.3.3.0
2025-07-16 15:12:04,939 [WARN] PackLoader:240 - Cannot read IP mode file for STMicroelectronics.X-CUBE-NFC9.1.0.0
2025-07-16 15:12:04,945 [WARN] PackLoader:240 - Cannot read IP mode file for STMicroelectronics.X-CUBE-BLE1.7.1.0
2025-07-16 15:12:04,949 [WARN] PackLoader:240 - Cannot read IP mode file for wolfSSL.I-CUBE-wolfMQTT.1.19.2
2025-07-16 15:12:04,955 [WARN] PackLoader:240 - Cannot read IP mode file for STMicroelectronics.X-CUBE-EEPRMA1.5.2.0
2025-07-16 15:12:04,960 [WARN] PackLoader:240 - Cannot read IP mode file for STMicroelectronics.X-CUBE-AI.10.1.0
2025-07-16 15:12:05,032 [WARN] PackLoader:240 - Cannot read IP mode file for STMicroelectronics.X-CUBE-MEMS1.11.2.0
2025-07-16 15:12:05,219 [WARN] PackLoader:240 - Cannot read IP mode file for STMicroelectronics.X-CUBE-AZRTOS-G0.1.1.0
2025-07-16 15:12:05,226 [WARN] PackLoader:240 - Cannot read IP mode file for STMicroelectronics.X-CUBE-SAFEA1.1.2.2
2025-07-16 15:12:05,232 [WARN] PackLoader:240 - Cannot read IP mode file for STMicroelectronics.X-CUBE-NFC4.3.0.0
2025-07-16 15:12:05,241 [WARN] PackLoader:240 - Cannot read IP mode file for EmbeddedOffice.I-CUBE-FS-RTOS.1.0.1
2025-07-16 15:12:05,247 [WARN] PackLoader:240 - Cannot read IP mode file for STMicroelectronics.X-CUBE-WB05N.2.0.0
2025-07-16 15:12:05,252 [WARN] PackLoader:240 - Cannot read IP mode file for wolfSSL.I-CUBE-wolfTPM.3.8.0
2025-07-16 15:12:05,263 [WARN] PackLoader:240 - Cannot read IP mode file for STMicroelectronics.X-CUBE-TCPP.4.2.0
2025-07-16 15:12:05,274 [WARN] PackLoader:240 - Cannot read IP mode file for RealThread.X-CUBE-RT-Thread_Nano.4.1.1
2025-07-16 15:12:05,279 [WARN] PackLoader:240 - Cannot read IP mode file for STMicroelectronics.FP-ATR-SIGFOX1.3.2.0
2025-07-16 15:12:05,287 [WARN] PackLoader:240 - Cannot read IP mode file for STMicroelectronics.X-CUBE-EEPRMA1.5.1.0
2025-07-16 15:12:05,296 [WARN] PackLoader:240 - Cannot read IP mode file for wolfSSL.I-CUBE-wolfSSL.5.7.6
2025-07-16 15:12:05,304 [WARN] PackLoader:240 - Cannot read IP mode file for ITTIA_DB.I-CUBE-ITTIADB.8.9.0
2025-07-16 15:12:05,312 [WARN] PackLoader:240 - Cannot read IP mode file for STMicroelectronics.X-CUBE-ST67W61.1.0.0
2025-07-16 15:12:05,350 [WARN] PackLoader:240 - Cannot read IP mode file for SEGGER.I-CUBE-embOS.1.3.1
2025-07-16 15:12:05,440 [WARN] PackLoader:240 - Cannot read IP mode file for STMicroelectronics.X-CUBE-ALGOBUILD.1.4.0
2025-07-16 15:12:05,488 [WARN] PackLoader:240 - Cannot read IP mode file for STMicroelectronics.X-CUBE-MEMS1.11.3.0
2025-07-16 15:12:05,619 [WARN] PackLoader:240 - Cannot read IP mode file for STMicroelectronics.X-CUBE-PM33A1.1.0.0
2025-07-16 15:12:05,634 [WARN] PackLoader:240 - Cannot read IP mode file for STMicroelectronics.X-CUBE-AZRTOS-F4.1.1.0
2025-07-16 15:12:05,641 [WARN] PackLoader:240 - Cannot read IP mode file for Avnet-IotConnect.X-CUBE-IoTC-DA16k-PMOD.1.0.0
2025-07-16 15:12:05,646 [WARN] PackLoader:240 - Cannot read IP mode file for STMicroelectronics.X-CUBE-ISPU.2.1.0
2025-07-16 15:12:05,652 [WARN] PackLoader:240 - Cannot read IP mode file for STMicroelectronics.X-CUBE-NFC12.1.0.0
2025-07-16 15:12:05,667 [WARN] PackLoader:240 - Cannot read IP mode file for STMicroelectronics.X-CUBE-AZRTOS-L5.2.0.0
2025-07-16 15:12:05,676 [WARN] PackLoader:240 - Cannot read IP mode file for STMicroelectronics.X-CUBE-NFC6.3.1.0
2025-07-16 15:12:05,685 [WARN] PackLoader:240 - Cannot read IP mode file for STMicroelectronics.X-CUBE-FREERTOS.1.3.1
2025-07-16 15:12:05,689 [WARN] PackLoader:240 - Cannot read IP mode file for STMicroelectronics.X-CUBE-FREERTOS.1.3.0
2025-07-16 15:12:05,694 [WARN] PackLoader:240 - Cannot read IP mode file for STMicroelectronics.FP-SNS-STAIOTCFT.1.0.0
2025-07-16 15:12:05,699 [WARN] PackLoader:240 - Cannot read IP mode file for STMicroelectronics.X-CUBE-DPower.1.3.0
2025-07-16 15:12:05,711 [WARN] ConditionMgr:438 - getConditionDescription Invalid condition id : LAN8742 Phy interface Condition cause : null
2025-07-16 15:12:05,711 [WARN] PackLoader:240 - Cannot read IP mode file for STMicroelectronics.X-CUBE-AZRTOS-L4.2.0.0
2025-07-16 15:12:05,712 [WARN] ConditionMgr:1044 - genDependencies : Invalid condition id : LAN8742 Phy interface Condition cause : null
2025-07-16 15:12:05,712 [WARN] ConditionMgr:1044 - genDependencies : Invalid condition id : LAN8742 Phy interface Condition cause : null
2025-07-16 15:12:05,713 [WARN] ConditionMgr:1044 - genDependencies : Invalid condition id : LAN8742 Phy interface Condition cause : null
2025-07-16 15:12:05,721 [WARN] PackLoader:240 - Cannot read IP mode file for STMicroelectronics.X-CUBE-SFXS2LP1.4.0.0
2025-07-16 15:12:05,737 [WARN] PackLoader:240 - Cannot read IP mode file for STMicroelectronics.X-CUBE-AZRTOS-H7.3.3.0
2025-07-16 15:12:05,753 [WARN] ConditionMgr:438 - getConditionDescription Invalid condition id : UX DEVICE CLASS RTOS Condition cause : null
2025-07-16 15:12:05,753 [WARN] ConditionMgr:438 - getConditionDescription Invalid condition id : UX DEVICE CLASS RTOS Condition cause : null
2025-07-16 15:12:05,755 [WARN] PackLoader:240 - Cannot read IP mode file for STMicroelectronics.X-CUBE-AZRTOS-WB.2.0.0
2025-07-16 15:12:05,756 [WARN] ConditionMgr:1044 - genDependencies : Invalid condition id : UX DEVICE CLASS RTOS Condition cause : null
2025-07-16 15:12:05,756 [WARN] ConditionMgr:1044 - genDependencies : Invalid condition id : UX DEVICE CLASS RTOS Condition cause : null
2025-07-16 15:12:05,757 [WARN] ConditionMgr:1044 - genDependencies : Invalid condition id : UX DEVICE CLASS RTOS Condition cause : null
2025-07-16 15:12:05,757 [WARN] ConditionMgr:1044 - genDependencies : Invalid condition id : UX DEVICE CLASS RTOS Condition cause : null
2025-07-16 15:12:05,757 [WARN] ConditionMgr:1044 - genDependencies : Invalid condition id : UX DEVICE CLASS RTOS Condition cause : null
2025-07-16 15:12:05,771 [WARN] PackLoader:240 - Cannot read IP mode file for STMicroelectronics.X-CUBE-GNSS1.7.0.1
2025-07-16 15:12:05,777 [WARN] PackLoader:240 - Cannot read IP mode file for STMicroelectronics.X-CUBE-TOUCHGFX.4.25.0
2025-07-16 15:12:05,783 [WARN] PackLoader:240 - Cannot read IP mode file for STMicroelectronics.FP-SNS-STBOX1.2.0.0
2025-07-16 15:12:05,793 [WARN] PackLoader:240 - Cannot read IP mode file for STMicroelectronics.X-CUBE-SUBG2.5.0.0
2025-07-16 15:12:05,808 [WARN] PackLoader:240 - Cannot read IP mode file for STMicroelectronics.X-CUBE-AZRTOS-H7RS.1.1.0
2025-07-16 15:12:05,814 [WARN] PackLoader:240 - Cannot read IP mode file for Cesanta.I-CUBE-Mongoose.7.13.0
2025-07-16 15:12:05,823 [WARN] PackLoader:240 - Cannot read IP mode file for STMicroelectronics.X-CUBE-AZRTOS-G4.2.0.0
2025-07-16 15:12:05,827 [WARN] PackLoader:240 - Cannot read IP mode file for wolfSSL.I-CUBE-wolfSSH.1.4.20
2025-07-16 15:12:05,831 [WARN] PackLoader:240 - Cannot read IP mode file for STMicroelectronics.X-CUBE-NFC7.2.0.0
2025-07-16 15:12:05,842 [WARN] PackLoader:240 - Cannot read IP mode file for STMicroelectronics.X-CUBE-IPS.3.1.0
2025-07-16 15:12:05,851 [WARN] PackLoader:240 - Cannot read IP mode file for STMicroelectronics.X-CUBE-ALS.1.0.2
2025-07-16 15:12:05,856 [WARN] PackLoader:240 - Cannot read IP mode file for portGmbH.I-Cube-SoM-uGOAL.1.1.0
2025-07-16 15:12:05,865 [WARN] PackLoader:240 - Cannot read IP mode file for STMicroelectronics.X-CUBE-TOF1.3.4.3
2025-07-16 15:12:05,873 [INFO] ThirdParty:978 - Integrity check success = true
2025-07-16 15:12:05,873 [INFO] IntegrityCheckThread:100 - exiting critical section [integrity check]
2025-07-16 15:12:05,873 [INFO] IntegrityCheckThread:103 - End integrity checks thread
