22:03:15 **** Incremental Build of configuration Debug for project InDoorNavigation ****
make -j8 all 
arm-none-eabi-gcc "../Core/util/inv_mpu.c" -mcpu=cortex-m4 -std=gnu11 -g3 -DDEBUG -DUSE_HAL_DRIVER -DSTM32F401xC -c -I../Core/Inc -I../Drivers/STM32F4xx_HAL_Driver/Inc -I../Drivers/STM32F4xx_HAL_Driver/Inc/Legacy -I../Drivers/CMSIS/Device/ST/STM32F4xx/Include -I../Drivers/CMSIS/Include -O0 -ffunction-sections -fdata-sections -Wall -fstack-usage -fcyclomatic-complexity -MMD -MP -MF"Core/util/inv_mpu.d" -MT"Core/util/inv_mpu.o" --specs=nano.specs -mfpu=fpv4-sp-d16 -mfloat-abi=hard -mthumb -o "Core/util/inv_mpu.o"
arm-none-eabi-gcc "../Core/util/inv_mpu_dmp_motion_driver.c" -mcpu=cortex-m4 -std=gnu11 -g3 -DDEBUG -DUSE_HAL_DRIVER -DSTM32F401xC -c -I../Core/Inc -I../Drivers/STM32F4xx_HAL_Driver/Inc -I../Drivers/STM32F4xx_HAL_Driver/Inc/Legacy -I../Drivers/CMSIS/Device/ST/STM32F4xx/Include -I../Drivers/CMSIS/Include -O0 -ffunction-sections -fdata-sections -Wall -fstack-usage -fcyclomatic-complexity -MMD -MP -MF"Core/util/inv_mpu_dmp_motion_driver.d" -MT"Core/util/inv_mpu_dmp_motion_driver.o" --specs=nano.specs -mfpu=fpv4-sp-d16 -mfloat-abi=hard -mthumb -o "Core/util/inv_mpu_dmp_motion_driver.o"
arm-none-eabi-gcc "../Core/util/stm32_mpu9250_clk.c" -mcpu=cortex-m4 -std=gnu11 -g3 -DDEBUG -DUSE_HAL_DRIVER -DSTM32F401xC -c -I../Core/Inc -I../Drivers/STM32F4xx_HAL_Driver/Inc -I../Drivers/STM32F4xx_HAL_Driver/Inc/Legacy -I../Drivers/CMSIS/Device/ST/STM32F4xx/Include -I../Drivers/CMSIS/Include -O0 -ffunction-sections -fdata-sections -Wall -fstack-usage -fcyclomatic-complexity -MMD -MP -MF"Core/util/stm32_mpu9250_clk.d" -MT"Core/util/stm32_mpu9250_clk.o" --specs=nano.specs -mfpu=fpv4-sp-d16 -mfloat-abi=hard -mthumb -o "Core/util/stm32_mpu9250_clk.o"
arm-none-eabi-gcc "../Core/util/stm32_mpu9250_i2c.c" -mcpu=cortex-m4 -std=gnu11 -g3 -DDEBUG -DUSE_HAL_DRIVER -DSTM32F401xC -c -I../Core/Inc -I../Drivers/STM32F4xx_HAL_Driver/Inc -I../Drivers/STM32F4xx_HAL_Driver/Inc/Legacy -I../Drivers/CMSIS/Device/ST/STM32F4xx/Include -I../Drivers/CMSIS/Include -O0 -ffunction-sections -fdata-sections -Wall -fstack-usage -fcyclomatic-complexity -MMD -MP -MF"Core/util/stm32_mpu9250_i2c.d" -MT"Core/util/stm32_mpu9250_i2c.o" --specs=nano.specs -mfpu=fpv4-sp-d16 -mfloat-abi=hard -mthumb -o "Core/util/stm32_mpu9250_i2c.o"
arm-none-eabi-gcc "../Core/Src/MPU9250-DMP.c" -mcpu=cortex-m4 -std=gnu11 -g3 -DDEBUG -DUSE_HAL_DRIVER -DSTM32F401xC -c -I../Core/Inc -I../Drivers/STM32F4xx_HAL_Driver/Inc -I../Drivers/STM32F4xx_HAL_Driver/Inc/Legacy -I../Drivers/CMSIS/Device/ST/STM32F4xx/Include -I../Drivers/CMSIS/Include -O0 -ffunction-sections -fdata-sections -Wall -fstack-usage -fcyclomatic-complexity -MMD -MP -MF"Core/Src/MPU9250-DMP.d" -MT"Core/Src/MPU9250-DMP.o" --specs=nano.specs -mfpu=fpv4-sp-d16 -mfloat-abi=hard -mthumb -o "Core/Src/MPU9250-DMP.o"
arm-none-eabi-gcc "../Core/Src/MPU9250.c" -mcpu=cortex-m4 -std=gnu11 -g3 -DDEBUG -DUSE_HAL_DRIVER -DSTM32F401xC -c -I../Core/Inc -I../Drivers/STM32F4xx_HAL_Driver/Inc -I../Drivers/STM32F4xx_HAL_Driver/Inc/Legacy -I../Drivers/CMSIS/Device/ST/STM32F4xx/Include -I../Drivers/CMSIS/Include -O0 -ffunction-sections -fdata-sections -Wall -fstack-usage -fcyclomatic-complexity -MMD -MP -MF"Core/Src/MPU9250.d" -MT"Core/Src/MPU9250.o" --specs=nano.specs -mfpu=fpv4-sp-d16 -mfloat-abi=hard -mthumb -o "Core/Src/MPU9250.o"
arm-none-eabi-gcc "../Core/Src/inv_mpu.c" -mcpu=cortex-m4 -std=gnu11 -g3 -DDEBUG -DUSE_HAL_DRIVER -DSTM32F401xC -c -I../Core/Inc -I../Drivers/STM32F4xx_HAL_Driver/Inc -I../Drivers/STM32F4xx_HAL_Driver/Inc/Legacy -I../Drivers/CMSIS/Device/ST/STM32F4xx/Include -I../Drivers/CMSIS/Include -O0 -ffunction-sections -fdata-sections -Wall -fstack-usage -fcyclomatic-complexity -MMD -MP -MF"Core/Src/inv_mpu.d" -MT"Core/Src/inv_mpu.o" --specs=nano.specs -mfpu=fpv4-sp-d16 -mfloat-abi=hard -mthumb -o "Core/Src/inv_mpu.o"
arm-none-eabi-gcc "../Core/Src/inv_mpu_dmp_motion_driver.c" -mcpu=cortex-m4 -std=gnu11 -g3 -DDEBUG -DUSE_HAL_DRIVER -DSTM32F401xC -c -I../Core/Inc -I../Drivers/STM32F4xx_HAL_Driver/Inc -I../Drivers/STM32F4xx_HAL_Driver/Inc/Legacy -I../Drivers/CMSIS/Device/ST/STM32F4xx/Include -I../Drivers/CMSIS/Include -O0 -ffunction-sections -fdata-sections -Wall -fstack-usage -fcyclomatic-complexity -MMD -MP -MF"Core/Src/inv_mpu_dmp_motion_driver.d" -MT"Core/Src/inv_mpu_dmp_motion_driver.o" --specs=nano.specs -mfpu=fpv4-sp-d16 -mfloat-abi=hard -mthumb -o "Core/Src/inv_mpu_dmp_motion_driver.o"
../Core/util/stm32_mpu9250_i2c.c:8:8: error: unknown type name 'I2C_HandleTypeDef'
    8 | extern I2C_HandleTypeDef hi2c2;
      |        ^~~~~~~~~~~~~~~~~
../Core/util/stm32_mpu9250_i2c.c:33:38: error: unknown type name 'I2C_HandleTypeDef'; did you mean 'SPI_HandleTypeDef'?
   33 | static void I2C_ClearBusyFlagErratum(I2C_HandleTypeDef* handle, uint32_t timeout)
      |                                      ^~~~~~~~~~~~~~~~~
      |                                      SPI_HandleTypeDef
../Core/util/stm32_mpu9250_i2c.c: In function 'stm32_i2c_write':
../Core/util/stm32_mpu9250_i2c.c:121:31: warning: implicit declaration of function 'HAL_I2C_Master_Transmit' [-Wimplicit-function-declaration]
  121 |     HAL_StatusTypeDef ret_V = HAL_I2C_Master_Transmit(&hi2c2, slave_addr << 1, data_for_transmit, (length + 1), 0xff);
      |                               ^~~~~~~~~~~~~~~~~~~~~~~
../Core/Src/MPU9250-DMP.c: In function 'MPU9250_dmpBegin':
../Core/Src/MPU9250-DMP.c:384:16: warning: implicit declaration of function 'constrain' [-Wimplicit-function-declaration]
  384 |         rate = constrain(rate, 1, 200);
      |                ^~~~~~~~~
../Core/util/stm32_mpu9250_i2c.c:125:9: warning: implicit declaration of function 'I2C_ClearBusyFlagErratum' [-Wimplicit-function-declaration]
  125 |         I2C_ClearBusyFlagErratum(&hi2c2, 10);
      |         ^~~~~~~~~~~~~~~~~~~~~~~~
../Core/Src/MPU9250-DMP.c: In function 'MPU9250_dmpSetTap':
../Core/Src/MPU9250-DMP.c:477:27: warning: implicit declaration of function 'constrainU16' [-Wimplicit-function-declaration]
  477 |                 xThresh = constrainU16(xThresh, 1, 1600);
      |                           ^~~~~~~~~~~~
../Core/util/stm32_mpu9250_i2c.c: In function 'stm32_i2c_read':
../Core/util/stm32_mpu9250_i2c.c:141:13: warning: implicit declaration of function 'HAL_I2C_Master_Receive' [-Wimplicit-function-declaration]
  141 |     ret_V = HAL_I2C_Master_Receive(&hi2c2, slave_addr << 1, data, length, 0xff);
      |             ^~~~~~~~~~~~~~~~~~~~~~
../Core/util/stm32_mpu9250_i2c.c: At top level:
../Core/util/stm32_mpu9250_i2c.c:10:16: warning: 'wait_for_gpio_state_timeout' defined but not used [-Wunused-function]
   10 | static uint8_t wait_for_gpio_state_timeout(GPIO_TypeDef* port, uint16_t pin, GPIO_PinState state, uint32_t timeout)
      |                ^~~~~~~~~~~~~~~~~~~~~~~~~~~
../Core/Src/MPU9250-DMP.c: In function 'MPU9250_dmpEnable3Quat':
../Core/Src/MPU9250-DMP.c:548:23: warning: implicit declaration of function 'dmpGetEnabledFeatures'; did you mean 'dmp_get_enabled_features'? [-Wimplicit-function-declaration]
  548 |         dmpFeatures = dmpGetEnabledFeatures();
      |                       ^~~~~~~~~~~~~~~~~~~~~
      |                       dmp_get_enabled_features
../Core/Src/MPU9250-DMP.c:552:13: warning: implicit declaration of function 'dmpEnableFeatures'; did you mean 'dmp_enable_feature'? [-Wimplicit-function-declaration]
  552 |         if (dmpEnableFeatures(dmpFeatures) != INV_SUCCESS)
      |             ^~~~~~~~~~~~~~~~~
      |             dmp_enable_feature
make: *** [Core/util/subdir.mk:28: Core/util/stm32_mpu9250_i2c.o] Error 1
make: *** Waiting for unfinished jobs....
"make -j8 all" terminated with exit code 2. Build might be incomplete.

22:03:16 Build Failed. 4 errors, 8 warnings. (took 1s.169ms)

